Archive member included to satisfy reference by file (symbol)

C:/devkitPro/libctru/lib\libctru.a(linear.o)
                              main.o (linearAlloc)
C:/devkitPro/libctru/lib\libctru.a(mem_pool.o)
                              C:/devkitPro/libctru/lib\libctru.a(linear.o) (MemPool::Allocate(MemChunk&, unsigned long, int))
C:/devkitPro/libctru/lib\libctru.a(console.o)
                              main.o (consoleSelect)
C:/devkitPro/libctru/lib\libctru.a(gfx.o)
                              C:/devkitPro/libctru/lib\libctru.a(console.o) (gfxIsWide)
C:/devkitPro/libctru/lib\libctru.a(ndsp.o)
                              main.o (ndspInit)
C:/devkitPro/libctru/lib\libctru.a(ndsp-channel.o)
                              main.o (ndspChnSetFormat)
C:/devkitPro/libctru/lib\libctru.a(cfgu.o)
                              C:/devkitPro/libctru/lib\libctru.a(ndsp.o) (cfguInit)
C:/devkitPro/libctru/lib\libctru.a(dsp.o)
                              C:/devkitPro/libctru/lib\libctru.a(ndsp.o) (dspInit)
C:/devkitPro/libctru/lib\libctru.a(gspgpu.o)
                              C:/devkitPro/libctru/lib\libctru.a(gfx.o) (gspInit)
C:/devkitPro/libctru/lib\libctru.a(apt.o)
                              main.o (aptMainLoop)
C:/devkitPro/libctru/lib\libctru.a(hid.o)
                              main.o (hidScanInput)
C:/devkitPro/libctru/lib\libctru.a(fs.o)
                              C:/devkitPro/libctru/lib\libctru.a(ndsp.o) (FSUSER_OpenFileDirectly)
C:/devkitPro/libctru/lib\libctru.a(rbtree_init.o)
                              C:/devkitPro/libctru/lib\libctru.a(linear.o) (rbtree_init)
C:/devkitPro/libctru/lib\libctru.a(rbtree_insert.o)
                              C:/devkitPro/libctru/lib\libctru.a(linear.o) (rbtree_insert)
C:/devkitPro/libctru/lib\libctru.a(rbtree_rotate.o)
                              C:/devkitPro/libctru/lib\libctru.a(rbtree_insert.o) (rbtree_rotate)
C:/devkitPro/libctru/lib\libctru.a(rbtree_remove.o)
                              C:/devkitPro/libctru/lib\libctru.a(linear.o) (rbtree_remove)
C:/devkitPro/libctru/lib\libctru.a(rbtree_find.o)
                              C:/devkitPro/libctru/lib\libctru.a(linear.o) (rbtree_find)
C:/devkitPro/libctru/lib\libctru.a(allocateHeaps.o)
                              C:/devkitPro/libctru/lib\libctru.a(linear.o) (__ctru_linear_heap_size)
C:/devkitPro/libctru/lib\libctru.a(ctru_init.o)
                              C:/devkitPro/libctru/lib\libctru.a(apt.o) (__system_retAddr)
C:/devkitPro/libctru/lib\libctru.a(initArgv.o)
                              C:/devkitPro/libctru/lib\libctru.a(ctru_init.o) (__system_initArgv)
C:/devkitPro/libctru/lib\libctru.a(svc.o)
                              C:/devkitPro/libctru/lib\libctru.a(allocateHeaps.o) (svcControlMemory)
C:/devkitPro/libctru/lib\libctru.a(stack_adjust.o)
                              c:/devkitpro/devkitarm/bin/../lib/gcc/arm-none-eabi/10.2.0/../../../../arm-none-eabi/lib/armv6k/fpu/3dsx_crt0.o (initSystem)
C:/devkitPro/libctru/lib\libctru.a(default_font.bin.o)
                              C:/devkitPro/libctru/lib\libctru.a(console.o) (default_font_bin)
C:/devkitPro/libctru/lib\libctru.a(vram.o)
                              C:/devkitPro/libctru/lib\libctru.a(gfx.o) (vramAlloc)
C:/devkitPro/libctru/lib\libctru.a(synchronization.o)
                              C:/devkitPro/libctru/lib\libctru.a(ctru_init.o) (__sync_init)
C:/devkitPro/libctru/lib\libctru.a(env.o)
                              C:/devkitPro/libctru/lib\libctru.a(ndsp.o) (envGetHandle)
C:/devkitPro/libctru/lib\libctru.a(os.o)
                              C:/devkitPro/libctru/lib\libctru.a(ndsp-channel.o) (osConvertVirtToPhys)
C:/devkitPro/libctru/lib\libctru.a(srv.o)
                              C:/devkitPro/libctru/lib\libctru.a(apt.o) (srvInit)
C:/devkitPro/libctru/lib\libctru.a(thread.o)
                              C:/devkitPro/libctru/lib\libctru.a(ndsp.o) (threadCreate)
C:/devkitPro/libctru/lib\libctru.a(mappable.o)
                              C:/devkitPro/libctru/lib\libctru.a(allocateHeaps.o) (mappableInit)
C:/devkitPro/libctru/lib\libctru.a(irrst.o)
                              C:/devkitPro/libctru/lib\libctru.a(hid.o) (irrstInit)
C:/devkitPro/libctru/lib\libctru.a(srvpm.o)
                              C:/devkitPro/libctru/lib\libctru.a(srv.o) (srvPmGetSessionHandle)
C:/devkitPro/libctru/lib\libctru.a(ptmsysm.o)
                              C:/devkitPro/libctru/lib\libctru.a(os.o) (ptmSysmInit)
C:/devkitPro/libctru/lib\libctru.a(rbtree_iterator.o)
                              C:/devkitPro/libctru/lib\libctru.a(rbtree_remove.o) (rbtree_node_next)
C:/devkitPro/libctru/lib\libctru.a(appInit.o)
                              C:/devkitPro/libctru/lib\libctru.a(stack_adjust.o) (__appInit)
C:/devkitPro/libctru/lib\libctru.a(syscalls.o)
                              C:/devkitPro/libctru/lib\libctru.a(ctru_init.o) (__system_initSyscalls)
C:/devkitPro/libctru/lib\libctru.a(appExit.o)
[...]
Memory Configuration

Name             Origin             Length             Attributes
*default*        0x0000000000000000 0xffffffffffffffff

Linker script and memory map

                0x0000000000100000                PROVIDE (__start__ = 0x100000)
                0x0000000000100000                . = __start__

.text           0x0000000000100000    0x1f81c
 *(.crt0)
 .crt0          0x0000000000100000       0x94 c:/devkitpro/devkitarm/bin/../lib/gcc/arm-none-eabi/10.2.0/../../../../arm-none-eabi/lib/armv6k/fpu/3dsx_crt0.o
                0x0000000000100000                _start
                0x0000000000100008                __service_ptr
                0x000000000010000c                __apt_appid
                0x0000000000100010                __heap_size
                0x0000000000100014                __linear_heap_size
                0x0000000000100018                __system_arglist
                0x000000000010001c                __system_runflags
 *(.init)
 .init          0x0000000000100094        0xc c:/devkitpro/devkitarm/bin/../lib/gcc/arm-none-eabi/10.2.0/armv6k/fpu/crti.o
                0x0000000000100094                _init
 .init          0x00000000001000a0        0xc c:/devkitpro/devkitarm/bin/../lib/gcc/arm-none-eabi/10.2.0/armv6k/fpu/crtn.o
                0x00000000001000ac                . = ALIGN (0x4)
 *(.text)
 .text          0x00000000001000ac      0x240 c:/devkitpro/devkitarm/bin/../lib/gcc/arm-none-eabi/10.2.0/armv6k/fpu\libgcc.a(_divsi3.o)
                0x00000000001000ac                __divsi3
                0x00000000001000ac                __aeabi_idiv
                0x00000000001002cc                __aeabi_idivmod
 .text          0x00000000001002ec        0x4 c:/devkitpro/devkitarm/bin/../lib/gcc/arm-none-eabi/10.2.0/armv6k/fpu\libgcc.a(_dvmd_tls.o)
                0x00000000001002ec                __aeabi_idiv0
                0x00000000001002ec                __aeabi_ldiv0
 .text          0x00000000001002f0       0xd4 c:/devkitpro/devkitarm/bin/../lib/gcc/arm-none-eabi/10.2.0/armv6k/fpu\libgcc.a(_aeabi_ldivmod.o)
                0x00000000001002f0                __aeabi_ldivmod
 .text          0x00000000001003c4       0x3c c:/devkitpro/devkitarm/bin/../lib/gcc/arm-none-eabi/10.2.0/armv6k/fpu\libgcc.a(_aeabi_uldivmod.o)
                0x00000000001003c4                __aeabi_uldivmod
 .text          0x0000000000100400      0x390 c:/devkitpro/devkitarm/bin/../lib/gcc/arm-none-eabi/10.2.0/../../../../arm-none-eabi/lib/armv6k/fpu\libg.a(lib_a-strcmp.o)
                0x0000000000100408                strcmp
 .text          0x0000000000100790      0x20c c:/devkitpro/devkitarm/bin/../lib/gcc/arm-none-eabi/10.2.0/armv6k/fpu\libgcc.a(_udivsi3.o)
                0x0000000000100790                __aeabi_uidiv
                0x0000000000100790                __udivsi3
                0x000000000010097c                __aeabi_uidivmod
 .text          0x000000000010099c      0x3c0 c:/devkitpro/devkitarm/bin/../lib/gcc/arm-none-eabi/10.2.0/armv6k/fpu\libgcc.a(_arm_addsubdf3.o)
                0x000000000010099c                __aeabi_drsub
                0x00000000001009a4                __aeabi_dsub
                0x00000000001009a4                __subdf3
                0x00000000001009a8                __aeabi_dadd
                0x00000000001009a8                __adddf3
                0x0000000000100c54                __floatunsidf
                0x0000000000100c54                __aeabi_ui2d
                0x0000000000100c78                __floatsidf
                0x0000000000100c78                __aeabi_i2d
                0x0000000000100ca0                __aeabi_f2d
                0x0000000000100ca0                __extendsfdf2
                0x0000000000100ce8                __floatundidf
                0x0000000000100ce8                __aeabi_ul2d
                0x0000000000100cfc                __floatdidf
                0x0000000000100cfc                __aeabi_l2d
 *(.text.*)
 .text.__do_global_dtors_aux
                0x0000000000100d5c       0x40 c:/devkitpro/devkitarm/bin/../lib/gcc/arm-none-eabi/10.2.0/armv6k/fpu/crtbegin.o
 .text.frame_dummy
                0x0000000000100d9c       0x2c c:/devkitpro/devkitarm/bin/../lib/gcc/arm-none-eabi/10.2.0/armv6k/fpu/crtbegin.o
 .text.startup.main
                0x0000000000100dc8      0x148 main.o
                0x0000000000100dc8                main
 .text._ZL21addrMapNodeComparatorPK11rbtree_nodeS1_
                0x0000000000100f10       0x24 C:/devkitPro/libctru/lib\libctru.a(linear.o)
 .text._ZL21addrMapNodeDestructorP11rbtree_node
                0x0000000000100f34        0x4 C:/devkitPro/libctru/lib\libctru.a(linear.o)
 .text.linearMemAlign
                0x0000000000100f38      0x120 C:/devkitPro/libctru/lib\libctru.a(linear.o)
                0x0000000000100f38                linearMemAlign
 .text.linearAlloc
                0x0000000000101058        0x8 C:/devkitPro/libctru/lib\libctru.a(linear.o)
                0x0000000000101058                linearAlloc
 .text.linearFree
                0x0000000000101060       0x5c C:/devkitPro/libctru/lib\libctru.a(linear.o)
                0x0000000000101060                linearFree
 .text._ZN7MemPool13CoalesceRightEP8MemBlock
                0x00000000001010bc       0x84 C:/devkitPro/libctru/lib\libctru.a(mem_pool.o)
                0x00000000001010bc                MemPool::CoalesceRight(MemBlock*)
 .text._ZN7MemPool8AllocateER8MemChunkmi
                0x0000000000101140      0x170 C:/devkitPro/libctru/lib\libctru.a(mem_pool.o)
                0x0000000000101140                MemPool::Allocate(MemChunk&, unsigned long, int)
 .text._ZN7MemPool10DeallocateERK8MemChunk
                0x00000000001012b0       0xfc C:/devkitPro/libctru/lib\libctru.a(mem_pool.o)
                0x00000000001012b0                MemPool::Deallocate(MemChunk const&)
 .text.consoleSelect
                0x00000000001013ac       0x18 C:/devkitPro/libctru/lib\libctru.a(console.o)
                0x00000000001013ac                consoleSelect
 .text.consoleDrawChar
                0x00000000001013c4      0x178 C:/devkitPro/libctru/lib\libctru.a(console.o)
                0x00000000001013c4                consoleDrawChar
 .text.consolePrintChar
                0x000000000010153c      0x124 C:/devkitPro/libctru/lib\libctru.a(console.o)
                0x000000000010153c                consolePrintChar
 .text.con_write
                0x0000000000101660      0xa00 C:/devkitPro/libctru/lib\libctru.a(console.o)
                0x0000000000101660                con_write
 .text.consoleInit
                0x0000000000102060      0x168 C:/devkitPro/libctru/lib\libctru.a(console.o)
                0x0000000000102060                consoleInit
 .text.newRow   0x00000000001021c8       0xf4 C:/devkitPro/libctru/lib\libctru.a(console.o)
 .text.gfxPresentFramebuffer
                0x00000000001022bc       0xd0 C:/devkitPro/libctru/lib\libctru.a(gfx.o)
 .text.gfxIsWide
                0x000000000010238c       0x1c C:/devkitPro/libctru/lib\libctru.a(gfx.o)
                0x000000000010238c                gfxIsWide
 .text.gfxSetScreenFormat
                0x00000000001023a8       0xec C:/devkitPro/libctru/lib\libctru.a(gfx.o)
                0x00000000001023a8                gfxSetScreenFormat
 .text.gfxSetDoubleBuffering
                0x0000000000102494       0x10 C:/devkitPro/libctru/lib\libctru.a(gfx.o)
                0x0000000000102494                gfxSetDoubleBuffering
 .text.gfxInit  0x00000000001024a4      0x108 C:/devkitPro/libctru/lib\libctru.a(gfx.o)
                0x00000000001024a4                gfxInit
 .text.gfxInitDefault
                0x00000000001025ac       0x10 C:/devkitPro/libctru/lib\libctru.a(gfx.o)
                0x00000000001025ac                gfxInitDefault
 .text.gfxExit  0x00000000001025bc       0xb4 C:/devkitPro/libctru/lib\libctru.a(gfx.o)
                0x00000000001025bc                gfxExit
 .text.gfxGetFramebuffer
                0x0000000000102670       0xa0 C:/devkitPro/libctru/lib\libctru.a(gfx.o)
                0x0000000000102670                gfxGetFramebuffer
 .text.gfxFlushBuffers
                0x0000000000102710      0x10c C:/devkitPro/libctru/lib\libctru.a(gfx.o)
                0x0000000000102710                gfxFlushBuffers
 .text.gfxSwapBuffers
                0x000000000010281c       0x50 C:/devkitPro/libctru/lib\libctru.a(gfx.o)
                0x000000000010281c                gfxSwapBuffers
 .text.gfxSwapBuffersGpu
                0x000000000010286c       0x50 C:/devkitPro/libctru/lib\libctru.a(gfx.o)
                0x000000000010286c                gfxSwapBuffersGpu
 .text.ndspUpdateMaster
                0x00000000001028bc      0x158 C:/devkitPro/libctru/lib\libctru.a(ndsp.o)
 *fill*         0x0000000000102a14        0x4 
 .text.ndspFinalize
                0x0000000000102a18      0x110 C:/devkitPro/libctru/lib\libctru.a(ndsp.o)
 .text.ndspThreadMain
                0x0000000000102b28      0x318 C:/devkitPro/libctru/lib\libctru.a(ndsp.o)
 .text.ndspInitialize.part.0
                0x0000000000102e40      0x24c C:/devkitPro/libctru/lib\libctru.a(ndsp.o)
 .text.ndspHookCallback
                0x000000000010308c       0xfc C:/devkitPro/libctru/lib\libctru.a(ndsp.o)
 .text.ndspInit
                0x0000000000103188      0x3dc C:/devkitPro/libctru/lib\libctru.a(ndsp.o)
                0x0000000000103188                ndspInit
 .text.ndspExit
                0x0000000000103564       0xcc C:/devkitPro/libctru/lib\libctru.a(ndsp.o)
                0x0000000000103564                ndspExit
 .text.ndspSetOutputMode
                0x0000000000103630       0x34 C:/devkitPro/libctru/lib\libctru.a(ndsp.o)
                0x0000000000103630                ndspSetOutputMode
 .text.ndspChnReset
                0x0000000000103664       0xc8 C:/devkitPro/libctru/lib\libctru.a(ndsp-channel.o)
                0x0000000000103664                ndspChnReset
 .text.ndspChnSetFormat
                0x000000000010372c       0x18 C:/devkitPro/libctru/lib\libctru.a(ndsp-channel.o)
                0x000000000010372c                ndspChnSetFormat
 .text.ndspChnSetInterp
                0x0000000000103744       0x50 C:/devkitPro/libctru/lib\libctru.a(ndsp-channel.o)
                0x0000000000103744                ndspChnSetInterp
 .text.ndspChnSetRate
                0x0000000000103794       0x64 C:/devkitPro/libctru/lib\libctru.a(ndsp-channel.o)
                0x0000000000103794                ndspChnSetRate
 .text.ndspChnSetMix
                0x00000000001037f8       0x88 C:/devkitPro/libctru/lib\libctru.a(ndsp-channel.o)
                0x00000000001037f8                ndspChnSetMix
 .text.ndspChnWaveBufAdd
                0x0000000000103880       0xb8 C:/devkitPro/libctru/lib\libctru.a(ndsp-channel.o)
                0x0000000000103880                ndspChnWaveBufAdd
 .text.ndspiInitChn
                0x0000000000103938       0x40 C:/devkitPro/libctru/lib\libctru.a(ndsp-channel.o)
                0x0000000000103938                ndspiInitChn
 .text.ndspiDirtyChn
                0x0000000000103978       0x2c C:/devkitPro/libctru/lib\libctru.a(ndsp-channel.o)
                0x0000000000103978                ndspiDirtyChn
 .text.ndspiUpdateChn
                0x00000000001039a4      0x480 C:/devkitPro/libctru/lib\libctru.a(ndsp-channel.o)
                0x00000000001039a4                ndspiUpdateChn
 .text.ndspiReadChnState
                0x0000000000103e24      0x180 C:/devkitPro/libctru/lib\libctru.a(ndsp-channel.o)
                0x0000000000103e24                ndspiReadChnState
 .text.cfguInit
                0x0000000000103fa4       0xa4 C:/devkitPro/libctru/lib\libctru.a(cfgu.o)
                0x0000000000103fa4                cfguInit
 .text.cfguExit
                0x0000000000104048       0x3c C:/devkitPro/libctru/lib\libctru.a(cfgu.o)
                0x0000000000104048                cfguExit
 .text.CFGU_GetConfigInfoBlk2
                0x0000000000104084       0x4c C:/devkitPro/libctru/lib\libctru.a(cfgu.o)
                0x0000000000104084                CFGU_GetConfigInfoBlk2
 .text.DSP_LoadComponent.part.0
                0x00000000001040d0       0xa4 C:/devkitPro/libctru/lib\libctru.a(dsp.o)
 .text.dspInit  0x0000000000104174       0xdc C:/devkitPro/libctru/lib\libctru.a(dsp.o)
                0x0000000000104174                dspInit
 .text.dspExit  0x0000000000104250       0x78 C:/devkitPro/libctru/lib\libctru.a(dsp.o)
                0x0000000000104250                dspExit
 .text.dspHook  0x00000000001042c8       0x24 C:/devkitPro/libctru/lib\libctru.a(dsp.o)
                0x00000000001042c8                dspHook
 .text.dspUnhook
                0x00000000001042ec       0x30 C:/devkitPro/libctru/lib\libctru.a(dsp.o)
                0x00000000001042ec                dspUnhook
 .text.aptDspSleep
                0x000000000010431c       0xac C:/devkitPro/libctru/lib\libctru.a(dsp.o)
                0x000000000010431c                aptDspSleep
 .text.aptDspWakeup
                0x00000000001043c8       0xb4 C:/devkitPro/libctru/lib\libctru.a(dsp.o)
                0x00000000001043c8                aptDspWakeup
 .text.aptDspCancel
                0x000000000010447c       0x44 C:/devkitPro/libctru/lib\libctru.a(dsp.o)
                0x000000000010447c                aptDspCancel
 .text.DSP_SetSemaphore
                0x00000000001044c0       0x34 C:/devkitPro/libctru/lib\libctru.a(dsp.o)
                0x00000000001044c0                DSP_SetSemaphore
 .text.DSP_SetSemaphoreMask
                0x00000000001044f4       0x34 C:/devkitPro/libctru/lib\libctru.a(dsp.o)
                0x00000000001044f4                DSP_SetSemaphoreMask
 .text.DSP_GetSemaphoreHandle
                0x0000000000104528       0x38 C:/devkitPro/libctru/lib\libctru.a(dsp.o)
                0x0000000000104528                DSP_GetSemaphoreHandle
 .text.DSP_LoadComponent
                0x0000000000104560       0x3c C:/devkitPro/libctru/lib\libctru.a(dsp.o)
                0x0000000000104560                DSP_LoadComponent
 .text.DSP_RegisterInterruptEvents
                0x000000000010459c       0x44 C:/devkitPro/libctru/lib\libctru.a(dsp.o)
                0x000000000010459c                DSP_RegisterInterruptEvents
 .text.DSP_ReadPipeIfPossible
                0x00000000001045e0       0x74 C:/devkitPro/libctru/lib\libctru.a(dsp.o)
                0x00000000001045e0                DSP_ReadPipeIfPossible
 .text.DSP_WriteProcessPipe
                0x0000000000104654       0x4c C:/devkitPro/libctru/lib\libctru.a(dsp.o)
                0x0000000000104654                DSP_WriteProcessPipe
 .text.DSP_ConvertProcessAddressFromDspDram
                0x00000000001046a0       0x40 C:/devkitPro/libctru/lib\libctru.a(dsp.o)
                0x00000000001046a0                DSP_ConvertProcessAddressFromDspDram
 .text.DSP_RecvData
                0x00000000001046e0       0x40 C:/devkitPro/libctru/lib\libctru.a(dsp.o)
                0x00000000001046e0                DSP_RecvData
 .text.DSP_RecvDataIsReady
                0x0000000000104720       0x4c C:/devkitPro/libctru/lib\libctru.a(dsp.o)
                0x0000000000104720                DSP_RecvDataIsReady
 .text.gspHardwareInit
                0x000000000010476c      0xc58 C:/devkitPro/libctru/lib\libctru.a(gspgpu.o)
 .text.gspInit  0x00000000001053c4      0x254 C:/devkitPro/libctru/lib\libctru.a(gspgpu.o)
                0x00000000001053c4                gspInit
 .text.gspExit  0x0000000000105618       0xf0 C:/devkitPro/libctru/lib\libctru.a(gspgpu.o)
                0x0000000000105618                gspExit
 .text.gspHasGpuRight
                0x0000000000105708       0x10 C:/devkitPro/libctru/lib\libctru.a(gspgpu.o)
                0x0000000000105708                gspHasGpuRight
 .text.gspPresentBuffer
                0x0000000000105718       0x98 C:/devkitPro/libctru/lib\libctru.a(gspgpu.o)
                0x0000000000105718                gspPresentBuffer
 .text.gspWaitForEvent
                0x00000000001057b0       0x50 C:/devkitPro/libctru/lib\libctru.a(gspgpu.o)
                0x00000000001057b0                gspWaitForEvent
 .text.gxCmdQueueInterrupt
                0x0000000000105800        0x4 C:/devkitPro/libctru/lib\libctru.a(gspgpu.o)
                0x0000000000105800                gxCmdQueueInterrupt
 .text.gspEventThreadMain
                0x0000000000105804      0x160 C:/devkitPro/libctru/lib\libctru.a(gspgpu.o)
 .text.GSPGPU_FlushDataCache
                0x0000000000105964       0x50 C:/devkitPro/libctru/lib\libctru.a(gspgpu.o)
                0x0000000000105964                GSPGPU_FlushDataCache
 .text.GSPGPU_SetLcdForceBlack
                0x00000000001059b4       0x34 C:/devkitPro/libctru/lib\libctru.a(gspgpu.o)
                0x00000000001059b4                GSPGPU_SetLcdForceBlack
 .text.GSPGPU_AcquireRight
                0x00000000001059e8       0x68 C:/devkitPro/libctru/lib\libctru.a(gspgpu.o)
                0x00000000001059e8                GSPGPU_AcquireRight
 .text.GSPGPU_ReleaseRight
                0x0000000000105a50       0x48 C:/devkitPro/libctru/lib\libctru.a(gspgpu.o)
                0x0000000000105a50                GSPGPU_ReleaseRight
 .text.GSPGPU_ImportDisplayCaptureInfo
                0x0000000000105a98       0x7c C:/devkitPro/libctru/lib\libctru.a(gspgpu.o)
                0x0000000000105a98                GSPGPU_ImportDisplayCaptureInfo
 .text.GSPGPU_SaveVramSysArea
                0x0000000000105b14       0x2c C:/devkitPro/libctru/lib\libctru.a(gspgpu.o)
                0x0000000000105b14                GSPGPU_SaveVramSysArea
 .text.GSPGPU_RestoreVramSysArea
                0x0000000000105b40       0x2c C:/devkitPro/libctru/lib\libctru.a(gspgpu.o)
                0x0000000000105b40                GSPGPU_RestoreVramSysArea
 .text.aptConvertScreenForCapture
                0x0000000000105b6c      0x1b0 C:/devkitPro/libctru/lib\libctru.a(apt.o)
 .text.aptSendCommand
                0x0000000000105d1c      0x15c C:/devkitPro/libctru/lib\libctru.a(apt.o)
                0x0000000000105d1c                aptSendCommand
 .text.aptExitProcess
                0x0000000000105e78       0x38 C:/devkitPro/libctru/lib\libctru.a(apt.o)
 .text.aptExit  0x0000000000105eb0      0x2f0 C:/devkitPro/libctru/lib\libctru.a(apt.o)
                0x0000000000105eb0                aptExit
 .text.aptHandleSleep
                0x00000000001061a0       0xd8 C:/devkitPro/libctru/lib\libctru.a(apt.o)
                0x00000000001061a0                aptHandleSleep
 .text.APT_SleepIfShellClosed
                0x0000000000106278       0x84 C:/devkitPro/libctru/lib\libctru.a(apt.o)
                0x0000000000106278                APT_SleepIfShellClosed
 .text.aptSetSleepAllowed
                0x00000000001062fc       0x84 C:/devkitPro/libctru/lib\libctru.a(apt.o)
                0x00000000001062fc                aptSetSleepAllowed
 .text.APT_UnlockTransition
                0x0000000000106380       0x84 C:/devkitPro/libctru/lib\libctru.a(apt.o)
                0x0000000000106380                APT_UnlockTransition
 *fill*         0x0000000000106404        0x4 
 .text.aptEventHandler
                0x0000000000106408      0x484 C:/devkitPro/libctru/lib\libctru.a(apt.o)
 .text.APT_ReceiveParameter
                0x000000000010688c       0xb0 C:/devkitPro/libctru/lib\libctru.a(apt.o)
                0x000000000010688c                APT_ReceiveParameter
 .text.aptReceiveParameter.constprop.0
                0x000000000010693c       0xb0 C:/devkitPro/libctru/lib\libctru.a(apt.o)
 *fill*         0x00000000001069ec        0x4 
 .text.aptScreenTransfer
                0x00000000001069f0      0x2bc C:/devkitPro/libctru/lib\libctru.a(apt.o)
 .text.aptWaitForWakeUp.isra.0
                0x0000000000106cac      0x2d0 C:/devkitPro/libctru/lib\libctru.a(apt.o)
 .text.aptJumpToHomeMenu
                0x0000000000106f7c       0xf8 C:/devkitPro/libctru/lib\libctru.a(apt.o)
                0x0000000000106f7c                aptJumpToHomeMenu
 .text.aptMainLoop
                0x0000000000107074       0x4c C:/devkitPro/libctru/lib\libctru.a(apt.o)
                0x0000000000107074                aptMainLoop
 .text.aptInit  0x00000000001070c0      0x234 C:/devkitPro/libctru/lib\libctru.a(apt.o)
                0x00000000001070c0                aptInit
 .text.APT_CheckNew3DS
                0x00000000001072f4       0x7c C:/devkitPro/libctru/lib\libctru.a(apt.o)
                0x00000000001072f4                APT_CheckNew3DS
 .text.hidShouldUseIrrst
                0x0000000000107370       0x24 C:/devkitPro/libctru/lib\libctru.a(hid.o)
                0x0000000000107370                hidShouldUseIrrst
 .text.hidInit  0x0000000000107394      0x18c C:/devkitPro/libctru/lib\libctru.a(hid.o)
                0x0000000000107394                hidInit
 .text.hidExit  0x0000000000107520       0xe8 C:/devkitPro/libctru/lib\libctru.a(hid.o)
                0x0000000000107520                hidExit
 .text.hidScanInput
                0x0000000000107608      0x294 C:/devkitPro/libctru/lib\libctru.a(hid.o)
                0x0000000000107608                hidScanInput
 .text.hidKeysDown
                0x000000000010789c       0x10 C:/devkitPro/libctru/lib\libctru.a(hid.o)
                0x000000000010789c                hidKeysDown
 .text.fsInit   0x00000000001078ac       0xc8 C:/devkitPro/libctru/lib\libctru.a(fs.o)
                0x00000000001078ac                fsInit
 .text.fsExit   0x0000000000107974       0x3c C:/devkitPro/libctru/lib\libctru.a(fs.o)
                0x0000000000107974                fsExit
 .text.fsExemptFromSession
                0x00000000001079b0       0x60 C:/devkitPro/libctru/lib\libctru.a(fs.o)
                0x00000000001079b0                fsExemptFromSession
 .text.fsUnexemptFromSession
                0x0000000000107a10       0x50 C:/devkitPro/libctru/lib\libctru.a(fs.o)
                0x0000000000107a10                fsUnexemptFromSession
 .text.FSUSER_OpenFile
                0x0000000000107a60       0xcc C:/devkitPro/libctru/lib\libctru.a(fs.o)
                0x0000000000107a60                FSUSER_OpenFile
 .text.FSUSER_OpenFileDirectly
                0x0000000000107b2c       0xd4 C:/devkitPro/libctru/lib\libctru.a(fs.o)
                0x0000000000107b2c                FSUSER_OpenFileDirectly
 .text.FSUSER_DeleteFile
                0x0000000000107c00       0xbc C:/devkitPro/libctru/lib\libctru.a(fs.o)
                0x0000000000107c00                FSUSER_DeleteFile
 .text.FSUSER_RenameFile
                0x0000000000107cbc       0xf8 C:/devkitPro/libctru/lib\libctru.a(fs.o)
                0x0000000000107cbc                FSUSER_RenameFile
 .text.FSUSER_DeleteDirectory
                0x0000000000107db4       0xbc C:/devkitPro/libctru/lib\libctru.a(fs.o)
                0x0000000000107db4                FSUSER_DeleteDirectory
 .text.FSUSER_CreateFile
                0x0000000000107e70       0xd4 C:/devkitPro/libctru/lib\libctru.a(fs.o)
                0x0000000000107e70                FSUSER_CreateFile
 .text.FSUSER_CreateDirectory
                0x0000000000107f44       0xc4 C:/devkitPro/libctru/lib\libctru.a(fs.o)
                0x0000000000107f44                FSUSER_CreateDirectory
 .text.FSUSER_RenameDirectory
                0x0000000000108008       0xf8 C:/devkitPro/libctru/lib\libctru.a(fs.o)
                0x0000000000108008                FSUSER_RenameDirectory
 .text.FSUSER_OpenDirectory
                0x0000000000108100       0xb4 C:/devkitPro/libctru/lib\libctru.a(fs.o)
                0x0000000000108100                FSUSER_OpenDirectory
 .text.FSUSER_OpenArchive
                0x00000000001081b4       0x94 C:/devkitPro/libctru/lib\libctru.a(fs.o)
                0x00000000001081b4                FSUSER_OpenArchive
 .text.FSUSER_CloseArchive
                0x0000000000108248       0x8c C:/devkitPro/libctru/lib\libctru.a(fs.o)
                0x0000000000108248                FSUSER_CloseArchive
 .text.FSUSER_GetSdmcArchiveResource
                0x00000000001082d4       0x74 C:/devkitPro/libctru/lib\libctru.a(fs.o)
                0x00000000001082d4                FSUSER_GetSdmcArchiveResource
 .text.FSUSER_IsSdmcWritable
                0x0000000000108348       0x64 C:/devkitPro/libctru/lib\libctru.a(fs.o)
                0x0000000000108348                FSUSER_IsSdmcWritable
 .text.FSFILE_Read
                0x00000000001083ac       0x58 C:/devkitPro/libctru/lib\libctru.a(fs.o)
                0x00000000001083ac                FSFILE_Read
 .text.FSFILE_Write
                0x0000000000108404       0x60 C:/devkitPro/libctru/lib\libctru.a(fs.o)
                0x0000000000108404                FSFILE_Write
 .text.FSFILE_GetSize
                0x0000000000108464       0x38 C:/devkitPro/libctru/lib\libctru.a(fs.o)
                0x0000000000108464                FSFILE_GetSize
 .text.FSFILE_SetSize
                0x000000000010849c       0x28 C:/devkitPro/libctru/lib\libctru.a(fs.o)
                0x000000000010849c                FSFILE_SetSize
 .text.FSFILE_Close
                0x00000000001084c4       0x3c C:/devkitPro/libctru/lib\libctru.a(fs.o)
                0x00000000001084c4                FSFILE_Close
 .text.FSFILE_Flush
                0x0000000000108500       0x24 C:/devkitPro/libctru/lib\libctru.a(fs.o)
                0x0000000000108500                FSFILE_Flush
 .text.FSDIR_Read
                0x0000000000108524       0x50 C:/devkitPro/libctru/lib\libctru.a(fs.o)
                0x0000000000108524                FSDIR_Read
 .text.FSDIR_Close
                0x0000000000108574       0x3c C:/devkitPro/libctru/lib\libctru.a(fs.o)
                0x0000000000108574                FSDIR_Close
 .text.rbtree_init
                0x00000000001085b0       0x10 C:/devkitPro/libctru/lib\libctru.a(rbtree_init.o)
                0x00000000001085b0                rbtree_init
 .text.do_insert
                0x00000000001085c0      0x1a0 C:/devkitPro/libctru/lib\libctru.a(rbtree_insert.o)
 .text.rbtree_insert
                0x0000000000108760        0x8 C:/devkitPro/libctru/lib\libctru.a(rbtree_insert.o)
                0x0000000000108760                rbtree_insert
 .text.rbtree_rotate
                0x0000000000108768       0x90 C:/devkitPro/libctru/lib\libctru.a(rbtree_rotate.o)
                0x0000000000108768                rbtree_rotate
 .text.rbtree_remove
                0x00000000001087f8      0x338 C:/devkitPro/libctru/lib\libctru.a(rbtree_remove.o)
                0x00000000001087f8                rbtree_remove
 .text.rbtree_find
                0x0000000000108b30       0x74 C:/devkitPro/libctru/lib\libctru.a(rbtree_find.o)
                0x0000000000108b30                rbtree_find
 *fill*         0x0000000000108ba4        0x4 
 .text.__system_allocateHeaps
                0x0000000000108ba8      0x1e0 C:/devkitPro/libctru/lib\libctru.a(allocateHeaps.o)
                0x0000000000108ba8                __system_allocateHeaps
 .text.__libctru_init
                0x0000000000108d88       0x38 C:/devkitPro/libctru/lib\libctru.a(ctru_init.o)
                0x0000000000108d88                __libctru_init
 .text.__system_initArgv
                0x0000000000108dc0       0xf0 C:/devkitPro/libctru/lib\libctru.a(initArgv.o)
                0x0000000000108dc0                __system_initArgv
 .text.svcControlMemory
                0x0000000000108eb0       0x20 C:/devkitPro/libctru/lib\libctru.a(svc.o)
                0x0000000000108eb0                svcControlMemory
 .text.svcQueryMemory
                0x0000000000108ed0       0x30 C:/devkitPro/libctru/lib\libctru.a(svc.o)
                0x0000000000108ed0                svcQueryMemory
 .text.svcExitProcess
                0x0000000000108f00        0x8 C:/devkitPro/libctru/lib\libctru.a(svc.o)
                0x0000000000108f00                svcExitProcess
 .text.svcCreateThread
                0x0000000000108f08       0x20 C:/devkitPro/libctru/lib\libctru.a(svc.o)
                0x0000000000108f08                svcCreateThread
 .text.svcExitThread
                0x0000000000108f28        0x8 C:/devkitPro/libctru/lib\libctru.a(svc.o)
                0x0000000000108f28                svcExitThread
 .text.svcSleepThread
                0x0000000000108f30        0x8 C:/devkitPro/libctru/lib\libctru.a(svc.o)
                0x0000000000108f30                svcSleepThread
 .text.svcReleaseMutex
                0x0000000000108f38        0x8 C:/devkitPro/libctru/lib\libctru.a(svc.o)
                0x0000000000108f38                svcReleaseMutex
 .text.svcCreateEvent
                0x0000000000108f40       0x14 C:/devkitPro/libctru/lib\libctru.a(svc.o)
                0x0000000000108f40                svcCreateEvent
 .text.svcSignalEvent
                0x0000000000108f54        0x8 C:/devkitPro/libctru/lib\libctru.a(svc.o)
                0x0000000000108f54                svcSignalEvent
 .text.svcClearEvent
                0x0000000000108f5c        0x8 C:/devkitPro/libctru/lib\libctru.a(svc.o)
                0x0000000000108f5c                svcClearEvent
 .text.svcMapMemoryBlock
                0x0000000000108f64        0x8 C:/devkitPro/libctru/lib\libctru.a(svc.o)
                0x0000000000108f64                svcMapMemoryBlock
 .text.svcUnmapMemoryBlock
                0x0000000000108f6c        0x8 C:/devkitPro/libctru/lib\libctru.a(svc.o)
                0x0000000000108f6c                svcUnmapMemoryBlock
 .text.svcCreateAddressArbiter
                0x0000000000108f74       0x14 C:/devkitPro/libctru/lib\libctru.a(svc.o)
                0x0000000000108f74                svcCreateAddressArbiter
 .text.svcArbitrateAddressNoTimeout
                0x0000000000108f88        0x8 C:/devkitPro/libctru/lib\libctru.a(svc.o)
                0x0000000000108f88                svcArbitrateAddressNoTimeout
 .text.svcCloseHandle
                0x0000000000108f90        0x8 C:/devkitPro/libctru/lib\libctru.a(svc.o)
                0x0000000000108f90                svcCloseHandle
 .text.svcWaitSynchronization
                0x0000000000108f98        0x8 C:/devkitPro/libctru/lib\libctru.a(svc.o)
                0x0000000000108f98                svcWaitSynchronization
 .text.svcWaitSynchronizationN
                0x0000000000108fa0       0x28 C:/devkitPro/libctru/lib\libctru.a(svc.o)
                0x0000000000108fa0                svcWaitSynchronizationN
 .text.svcDuplicateHandle
                0x0000000000108fc8       0x14 C:/devkitPro/libctru/lib\libctru.a(svc.o)
                0x0000000000108fc8                svcDuplicateHandle
 .text.svcGetSystemTick
                0x0000000000108fdc        0x8 C:/devkitPro/libctru/lib\libctru.a(svc.o)
                0x0000000000108fdc                svcGetSystemTick
 .text.svcConnectToPort
                0x0000000000108fe4       0x14 C:/devkitPro/libctru/lib\libctru.a(svc.o)
                0x0000000000108fe4                svcConnectToPort
 .text.svcSendSyncRequest
                0x0000000000108ff8        0x8 C:/devkitPro/libctru/lib\libctru.a(svc.o)
                0x0000000000108ff8                svcSendSyncRequest
 .text.svcGetResourceLimit
                0x0000000000109000       0x14 C:/devkitPro/libctru/lib\libctru.a(svc.o)
                0x0000000000109000                svcGetResourceLimit
 .text.svcGetResourceLimitLimitValues
                0x0000000000109014        0x8 C:/devkitPro/libctru/lib\libctru.a(svc.o)
                0x0000000000109014                svcGetResourceLimitLimitValues
 .text.svcGetResourceLimitCurrentValues
                0x000000000010901c        0x8 C:/devkitPro/libctru/lib\libctru.a(svc.o)
                0x000000000010901c                svcGetResourceLimitCurrentValues
 .text.svcBreak
                0x0000000000109024        0x8 C:/devkitPro/libctru/lib\libctru.a(svc.o)
                0x0000000000109024                svcBreak
 .text.initSystem
                0x000000000010902c       0x50 C:/devkitPro/libctru/lib\libctru.a(stack_adjust.o)
                0x000000000010902c                initSystem
 .text.__ctru_exit
                0x000000000010907c       0x18 C:/devkitPro/libctru/lib\libctru.a(stack_adjust.o)
                0x000000000010907c                __ctru_exit
 .text._ZL21addrMapNodeComparatorPK11rbtree_nodeS1_
                0x0000000000109094       0x24 C:/devkitPro/libctru/lib\libctru.a(vram.o)
 .text._ZL21addrMapNodeDestructorP11rbtree_node
                0x00000000001090b8        0x4 C:/devkitPro/libctru/lib\libctru.a(vram.o)
 .text.vramMemAlign
                0x00000000001090bc      0x114 C:/devkitPro/libctru/lib\libctru.a(vram.o)
                0x00000000001090bc                vramMemAlign
 .text.vramAlloc
                0x00000000001091d0        0x8 C:/devkitPro/libctru/lib\libctru.a(vram.o)
                0x00000000001091d0                vramAlloc
 .text.vramFree
                0x00000000001091d8       0x5c C:/devkitPro/libctru/lib\libctru.a(vram.o)
                0x00000000001091d8                vramFree
 .text.__sync_init
                0x0000000000109234        0xc C:/devkitPro/libctru/lib\libctru.a(synchronization.o)
                0x0000000000109234                __sync_init
 .text.__sync_fini
                0x0000000000109240       0x18 C:/devkitPro/libctru/lib\libctru.a(synchronization.o)
                0x0000000000109240                __sync_fini
 .text.syncArbitrateAddress
                0x0000000000109258       0x2c C:/devkitPro/libctru/lib\libctru.a(synchronization.o)
                0x0000000000109258                syncArbitrateAddress
 .text.LightLock_Init
                0x0000000000109284       0x1c C:/devkitPro/libctru/lib\libctru.a(synchronization.o)
                0x0000000000109284                LightLock_Init
 .text.LightLock_Lock
                0x00000000001092a0       0x94 C:/devkitPro/libctru/lib\libctru.a(synchronization.o)
                0x00000000001092a0                LightLock_Lock
 .text.LightLock_TryLock
                0x0000000000109334       0x44 C:/devkitPro/libctru/lib\libctru.a(synchronization.o)
                0x0000000000109334                LightLock_TryLock
 .text.LightLock_Unlock
                0x0000000000109378       0x40 C:/devkitPro/libctru/lib\libctru.a(synchronization.o)
                0x0000000000109378                LightLock_Unlock
 .text.RecursiveLock_Init
                0x00000000001093b8       0x24 C:/devkitPro/libctru/lib\libctru.a(synchronization.o)
                0x00000000001093b8                RecursiveLock_Init
 .text.RecursiveLock_Lock
                0x00000000001093dc       0x30 C:/devkitPro/libctru/lib\libctru.a(synchronization.o)
                0x00000000001093dc                RecursiveLock_Lock
 .text.RecursiveLock_TryLock
                0x000000000010940c       0x78 C:/devkitPro/libctru/lib\libctru.a(synchronization.o)
                0x000000000010940c                RecursiveLock_TryLock
 .text.RecursiveLock_Unlock
                0x0000000000109484       0x54 C:/devkitPro/libctru/lib\libctru.a(synchronization.o)
                0x0000000000109484                RecursiveLock_Unlock
 .text.LightEvent_Init
                0x00000000001094d8       0x40 C:/devkitPro/libctru/lib\libctru.a(synchronization.o)
                0x00000000001094d8                LightEvent_Init
 .text.LightEvent_Clear
                0x0000000000109518       0xa4 C:/devkitPro/libctru/lib\libctru.a(synchronization.o)
                0x0000000000109518                LightEvent_Clear
 .text.LightEvent_Signal
                0x00000000001095bc       0xc8 C:/devkitPro/libctru/lib\libctru.a(synchronization.o)
                0x00000000001095bc                LightEvent_Signal
 .text.LightEvent_TryWait
                0x0000000000109684       0x58 C:/devkitPro/libctru/lib\libctru.a(synchronization.o)
                0x0000000000109684                LightEvent_TryWait
 .text.LightEvent_Wait
                0x00000000001096dc       0xb0 C:/devkitPro/libctru/lib\libctru.a(synchronization.o)
                0x00000000001096dc                LightEvent_Wait
 .text.envGetHandle
                0x000000000010978c       0x84 C:/devkitPro/libctru/lib\libctru.a(env.o)
                0x000000000010978c                envGetHandle
 .text.envDestroyHandles
                0x0000000000109810       0x50 C:/devkitPro/libctru/lib\libctru.a(env.o)
                0x0000000000109810                envDestroyHandles
 .text.osConvertVirtToPhys
                0x0000000000109860       0x74 C:/devkitPro/libctru/lib\libctru.a(os.o)
                0x0000000000109860                osConvertVirtToPhys
 .text.osGetTimeRef
                0x00000000001098d4       0x54 C:/devkitPro/libctru/lib\libctru.a(os.o)
                0x00000000001098d4                osGetTimeRef
 .text.osGetTime
                0x0000000000109928       0xe4 C:/devkitPro/libctru/lib\libctru.a(os.o)
                0x0000000000109928                osGetTime
 .text.__libctru_gtod
                0x0000000000109a0c       0x74 C:/devkitPro/libctru/lib\libctru.a(os.o)
                0x0000000000109a0c                __libctru_gtod
 .text.__ctru_speedup_config
                0x0000000000109a80       0x34 C:/devkitPro/libctru/lib\libctru.a(os.o)
                0x0000000000109a80                __ctru_speedup_config
 .text.srvInit  0x0000000000109ab4      0x124 C:/devkitPro/libctru/lib\libctru.a(srv.o)
                0x0000000000109ab4                srvInit
 .text.srvExit  0x0000000000109bd8       0x58 C:/devkitPro/libctru/lib\libctru.a(srv.o)
                0x0000000000109bd8                srvExit
 .text.srvGetServiceHandleDirect
                0x0000000000109c30       0x80 C:/devkitPro/libctru/lib\libctru.a(srv.o)
                0x0000000000109c30                srvGetServiceHandleDirect
 .text.srvGetServiceHandle
                0x0000000000109cb0       0x48 C:/devkitPro/libctru/lib\libctru.a(srv.o)
                0x0000000000109cb0                srvGetServiceHandle
 .text.srvPublishToSubscriber
                0x0000000000109cf8       0x38 C:/devkitPro/libctru/lib\libctru.a(srv.o)
                0x0000000000109cf8                srvPublishToSubscriber
 .text.threadCreate
                0x0000000000109d30      0x188 C:/devkitPro/libctru/lib\libctru.a(thread.o)
                0x0000000000109d30                threadCreate
 .text.threadFree
                0x0000000000109eb8       0x2c C:/devkitPro/libctru/lib\libctru.a(thread.o)
                0x0000000000109eb8                threadFree
 .text.threadJoin
                0x0000000000109ee4       0x24 C:/devkitPro/libctru/lib\libctru.a(thread.o)
                0x0000000000109ee4                threadJoin
 .text.threadGetCurrent
                0x0000000000109f08       0x30 C:/devkitPro/libctru/lib\libctru.a(thread.o)
                0x0000000000109f08                threadGetCurrent
 .text.threadExit
                0x0000000000109f38       0x40 C:/devkitPro/libctru/lib\libctru.a(thread.o)
                0x0000000000109f38                threadExit
 .text._thread_begin
                0x0000000000109f78       0x44 C:/devkitPro/libctru/lib\libctru.a(thread.o)
 .text.mappableFindAddressWithin
                0x0000000000109fbc       0x94 C:/devkitPro/libctru/lib\libctru.a(mappable.o)
 .text.mappableInit
                0x000000000010a050       0x28 C:/devkitPro/libctru/lib\libctru.a(mappable.o)
                0x000000000010a050                mappableInit
 .text.mappableAlloc
                0x000000000010a078       0x80 C:/devkitPro/libctru/lib\libctru.a(mappable.o)
                0x000000000010a078                mappableAlloc
 .text.mappableFree
                0x000000000010a0f8        0x4 C:/devkitPro/libctru/lib\libctru.a(mappable.o)
                0x000000000010a0f8                mappableFree
 .text.irrstInit
                0x000000000010a0fc      0x160 C:/devkitPro/libctru/lib\libctru.a(irrst.o)
                0x000000000010a0fc                irrstInit
 .text.irrstExit
                0x000000000010a25c       0xcc C:/devkitPro/libctru/lib\libctru.a(irrst.o)
                0x000000000010a25c                irrstExit
 .text.irrstScanInput
                0x000000000010a328       0xb0 C:/devkitPro/libctru/lib\libctru.a(irrst.o)
                0x000000000010a328                irrstScanInput
 .text.irrstKeysHeld
                0x000000000010a3d8       0x24 C:/devkitPro/libctru/lib\libctru.a(irrst.o)
                0x000000000010a3d8                irrstKeysHeld
 .text.srvPmGetSessionHandle
                0x000000000010a3fc        0xc C:/devkitPro/libctru/lib\libctru.a(srvpm.o)
                0x000000000010a3fc                srvPmGetSessionHandle
 .text.ptmSysmInit
                0x000000000010a408       0x74 C:/devkitPro/libctru/lib\libctru.a(ptmsysm.o)
                0x000000000010a408                ptmSysmInit
 .text.ptmSysmExit
                0x000000000010a47c       0x3c C:/devkitPro/libctru/lib\libctru.a(ptmsysm.o)
                0x000000000010a47c                ptmSysmExit
 .text.PTMSYSM_ConfigureNew3DSCPU
                0x000000000010a4b8       0x34 C:/devkitPro/libctru/lib\libctru.a(ptmsysm.o)
                0x000000000010a4b8                PTMSYSM_ConfigureNew3DSCPU
 .text.rbtree_node_next
                0x000000000010a4ec       0x50 C:/devkitPro/libctru/lib\libctru.a(rbtree_iterator.o)
                0x000000000010a4ec                rbtree_node_next
 .text.__appInit
                0x000000000010a53c       0x30 C:/devkitPro/libctru/lib\libctru.a(appInit.o)
                0x000000000010a53c                __appInit
 .text.__libctru_nanosleep
                0x000000000010a56c       0x30 C:/devkitPro/libctru/lib\libctru.a(syscalls.o)
 .text.__libctru_get_reent
                0x000000000010a59c       0x30 C:/devkitPro/libctru/lib\libctru.a(syscalls.o)
 .text.__system_initSyscalls
                0x000000000010a5cc       0xf8 C:/devkitPro/libctru/lib\libctru.a(syscalls.o)
                0x000000000010a5cc                __system_initSyscalls
 .text.__appExit
                0x000000000010a6c4       0x30 C:/devkitPro/libctru/lib\libctru.a(appExit.o)
                0x000000000010a6c4                __appExit
 .text.__libctru_exit
                0x000000000010a6f4       0x90 C:/devkitPro/libctru/lib\libctru.a(ctru_exit.o)
                0x000000000010a6f4                __libctru_exit
 .text.archive_link
                0x000000000010a784       0x14 C:/devkitPro/libctru/lib\libctru.a(archive_dev.o)
 .text.archive_dirreset
                0x000000000010a798       0x14 C:/devkitPro/libctru/lib\libctru.a(archive_dev.o)
 .text.archive_chmod
                0x000000000010a7ac       0x14 C:/devkitPro/libctru/lib\libctru.a(archive_dev.o)
 .text.error_cmp
                0x000000000010a7c0       0x24 C:/devkitPro/libctru/lib\libctru.a(archive_dev.o)
 .text.archive_translate_error
                0x000000000010a7e4       0x50 C:/devkitPro/libctru/lib\libctru.a(archive_dev.o)
 .text.archive_seek
                0x000000000010a834       0xd4 C:/devkitPro/libctru/lib\libctru.a(archive_dev.o)
 .text._archiveInit.part.0
                0x000000000010a908       0x7c C:/devkitPro/libctru/lib\libctru.a(archive_dev.o)
 .text.archiveFindDevice.part.0
                0x000000000010a984       0x8c C:/devkitPro/libctru/lib\libctru.a(archive_dev.o)
 .text.archive_utf16path
                0x000000000010aa10      0x294 C:/devkitPro/libctru/lib\libctru.a(archive_dev.o)
 .text._archiveUnmountDeviceStruct.part.0
                0x000000000010aca4       0xa0 C:/devkitPro/libctru/lib\libctru.a(archive_dev.o)
 .text.archive_fchmod
                0x000000000010ad44       0x14 C:/devkitPro/libctru/lib\libctru.a(archive_dev.o)
 .text.archive_statvfs
                0x000000000010ad58       0x14 C:/devkitPro/libctru/lib\libctru.a(archive_dev.o)
 .text._archiveMountDevice
                0x000000000010ad6c      0x158 C:/devkitPro/libctru/lib\libctru.a(archive_dev.o)
 .text.archive_diropen
                0x000000000010aec4       0xe8 C:/devkitPro/libctru/lib\libctru.a(archive_dev.o)
 .text.archive_fstat
                0x000000000010afac       0xa4 C:/devkitPro/libctru/lib\libctru.a(archive_dev.o)
 .text.archive_close
                0x000000000010b050       0x6c C:/devkitPro/libctru/lib\libctru.a(archive_dev.o)
 .text.archive_fsync
                0x000000000010b0bc       0x6c C:/devkitPro/libctru/lib\libctru.a(archive_dev.o)
 .text.archive_dirclose
                0x000000000010b128       0x70 C:/devkitPro/libctru/lib\libctru.a(archive_dev.o)
 .text.sdmc_statvfs
                0x000000000010b198       0xe8 C:/devkitPro/libctru/lib\libctru.a(archive_dev.o)
 .text.archive_ftruncate
                0x000000000010b280       0x80 C:/devkitPro/libctru/lib\libctru.a(archive_dev.o)
 .text.archive_chdir
                0x000000000010b300       0xfc C:/devkitPro/libctru/lib\libctru.a(archive_dev.o)
 .text.archive_read
                0x000000000010b3fc       0xb0 C:/devkitPro/libctru/lib\libctru.a(archive_dev.o)
 .text.archive_unlink
                0x000000000010b4ac       0xac C:/devkitPro/libctru/lib\libctru.a(archive_dev.o)
 .text.archive_rmdir
                0x000000000010b558       0xc8 C:/devkitPro/libctru/lib\libctru.a(archive_dev.o)
 .text.archive_mkdir
                0x000000000010b620       0xec C:/devkitPro/libctru/lib\libctru.a(archive_dev.o)
 .text.archive_stat
                0x000000000010b70c      0x1a8 C:/devkitPro/libctru/lib\libctru.a(archive_dev.o)
 .text.archive_rename
                0x000000000010b8b4      0x184 C:/devkitPro/libctru/lib\libctru.a(archive_dev.o)
 .text.archive_dirnext
                0x000000000010ba38      0x168 C:/devkitPro/libctru/lib\libctru.a(archive_dev.o)
 .text.archive_write
                0x000000000010bba0      0x12c C:/devkitPro/libctru/lib\libctru.a(archive_dev.o)
 .text.archive_open
                0x000000000010bccc      0x1f0 C:/devkitPro/libctru/lib\libctru.a(archive_dev.o)
 .text.archiveMountSdmc
                0x000000000010bebc      0x1a4 C:/devkitPro/libctru/lib\libctru.a(archive_dev.o)
                0x000000000010bebc                archiveMountSdmc
 .text.archiveUnmountAll
                0x000000000010c060       0x54 C:/devkitPro/libctru/lib\libctru.a(archive_dev.o)
                0x000000000010c060                archiveUnmountAll
 .text.utf16_to_utf8
                0x000000000010c0b4       0xe8 C:/devkitPro/libctru/lib\libctru.a(utf16_to_utf8.o)
                0x000000000010c0b4                utf16_to_utf8
 .text.decode_utf16
                0x000000000010c19c       0x64 C:/devkitPro/libctru/lib\libctru.a(decode_utf16.o)
                0x000000000010c19c                decode_utf16
 .text.decode_utf8
                0x000000000010c200      0x13c C:/devkitPro/libctru/lib\libctru.a(decode_utf8.o)
                0x000000000010c200                decode_utf8
 .text.utf8_to_utf16
                0x000000000010c33c       0xc0 C:/devkitPro/libctru/lib\libctru.a(utf8_to_utf16.o)
                0x000000000010c33c                utf8_to_utf16
 .text.__aeabi_read_tp
                0x000000000010c3fc        0xc C:/devkitPro/libctru/lib\libctru.a(readtp.o)
                0x000000000010c3fc                __aeabi_read_tp
 .text.encode_utf16
                0x000000000010c408       0x60 C:/devkitPro/libctru/lib\libctru.a(encode_utf16.o)
                0x000000000010c408                encode_utf16
 .text.encode_utf8
                0x000000000010c468       0xfc C:/devkitPro/libctru/lib\libctru.a(encode_utf8.o)
                0x000000000010c468                encode_utf8
 .text.__udivmoddi4
                0x000000000010c564      0x120 c:/devkitpro/devkitarm/bin/../lib/gcc/arm-none-eabi/10.2.0/armv6k/fpu\libgcc.a(_udivmoddi4.o)
                0x000000000010c564                __udivmoddi4
 .text.bsearch  0x000000000010c684       0x78 c:/devkitpro/devkitarm/bin/../lib/gcc/arm-none-eabi/10.2.0/../../../../arm-none-eabi/lib/armv6k/fpu\libg.a(lib_a-bsearch.o)
                0x000000000010c684                bsearch
 .text.__errno  0x000000000010c6fc        0xc c:/devkitpro/devkitarm/bin/../lib/gcc/arm-none-eabi/10.2.0/../../../../arm-none-eabi/lib/armv6k/fpu\libg.a(lib_a-errno.o)
                0x000000000010c6fc                __errno
 .text.exit     0x000000000010c708       0x34 c:/devkitpro/devkitarm/bin/../lib/gcc/arm-none-eabi/10.2.0/../../../../arm-none-eabi/lib/armv6k/fpu\libg.a(lib_a-exit.o)
                0x000000000010c708                exit
 .text.__libc_fini_array
                0x000000000010c73c       0x3c c:/devkitpro/devkitarm/bin/../lib/gcc/arm-none-eabi/10.2.0/../../../../arm-none-eabi/lib/armv6k/fpu\libg.a(lib_a-fini.o)
                0x000000000010c73c                __libc_fini_array
 .text.__libc_init_array
                0x000000000010c778       0x7c c:/devkitpro/devkitarm/bin/../lib/gcc/arm-none-eabi/10.2.0/../../../../arm-none-eabi/lib/armv6k/fpu\libg.a(lib_a-init.o)
                0x000000000010c778                __libc_init_array
 .text.memalign
                0x000000000010c7f4       0x28 c:/devkitpro/devkitarm/bin/../lib/gcc/arm-none-eabi/10.2.0/../../../../arm-none-eabi/lib/armv6k/fpu\libg.a(lib_a-malign.o)
                0x000000000010c7f4                memalign
 .text._memalign_r
                0x000000000010c81c      0x148 c:/devkitpro/devkitarm/bin/../lib/gcc/arm-none-eabi/10.2.0/../../../../arm-none-eabi/lib/armv6k/fpu\libg.a(lib_a-malignr.o)
                0x000000000010c81c                _memalign_r
 .text.malloc   0x000000000010c964       0x20 c:/devkitpro/devkitarm/bin/../lib/gcc/arm-none-eabi/10.2.0/../../../../arm-none-eabi/lib/armv6k/fpu\libg.a(lib_a-malloc.o)
                0x000000000010c964                malloc
 .text.free     0x000000000010c984       0x20 c:/devkitpro/devkitarm/bin/../lib/gcc/arm-none-eabi/10.2.0/../../../../arm-none-eabi/lib/armv6k/fpu\libg.a(lib_a-malloc.o)
                0x000000000010c984                free
 .text._malloc_r
                0x000000000010c9a4      0x7f0 c:/devkitpro/devkitarm/bin/../lib/gcc/arm-none-eabi/10.2.0/../../../../arm-none-eabi/lib/armv6k/fpu\libg.a(lib_a-mallocr.o)
                0x000000000010c9a4                _malloc_r
 .text.memchr   0x000000000010d194       0xe0 c:/devkitpro/devkitarm/bin/../lib/gcc/arm-none-eabi/10.2.0/../../../../arm-none-eabi/lib/armv6k/fpu\libg.a(lib_a-memchr-stub.o)
                0x000000000010d194                memchr
 .text.memcpy   0x000000000010d274      0x11c c:/devkitpro/devkitarm/bin/../lib/gcc/arm-none-eabi/10.2.0/../../../../arm-none-eabi/lib/armv6k/fpu\libg.a(lib_a-memcpy-stub.o)
                0x000000000010d274                memcpy
 .text.memset   0x000000000010d390      0x118 c:/devkitpro/devkitarm/bin/../lib/gcc/arm-none-eabi/10.2.0/../../../../arm-none-eabi/lib/armv6k/fpu\libg.a(lib_a-memset.o)
                0x000000000010d390                memset
 .text.__malloc_lock
                0x000000000010d4a8        0xc c:/devkitpro/devkitarm/bin/../lib/gcc/arm-none-eabi/10.2.0/../../../../arm-none-eabi/lib/armv6k/fpu\libg.a(lib_a-mlock.o)
                0x000000000010d4a8                __malloc_lock
 .text.__malloc_unlock
                0x000000000010d4b4        0xc c:/devkitpro/devkitarm/bin/../lib/gcc/arm-none-eabi/10.2.0/../../../../arm-none-eabi/lib/armv6k/fpu\libg.a(lib_a-mlock.o)
                0x000000000010d4b4                __malloc_unlock
 .text._puts_r  0x000000000010d4c0       0xe0 c:/devkitpro/devkitarm/bin/../lib/gcc/arm-none-eabi/10.2.0/../../../../arm-none-eabi/lib/armv6k/fpu\libg.a(lib_a-puts.o)
                0x000000000010d4c0                _puts_r
 .text.puts     0x000000000010d5a0       0x20 c:/devkitpro/devkitarm/bin/../lib/gcc/arm-none-eabi/10.2.0/../../../../arm-none-eabi/lib/armv6k/fpu\libg.a(lib_a-puts.o)
                0x000000000010d5a0                puts
 .text.setvbuf  0x000000000010d5c0      0x260 c:/devkitpro/devkitarm/bin/../lib/gcc/arm-none-eabi/10.2.0/../../../../arm-none-eabi/lib/armv6k/fpu\libg.a(lib_a-setvbuf.o)
                0x000000000010d5c0                setvbuf
 .text.sscanf   0x000000000010d820       0x74 c:/devkitpro/devkitarm/bin/../lib/gcc/arm-none-eabi/10.2.0/../../../../arm-none-eabi/lib/armv6k/fpu\libg.a(lib_a-sscanf.o)
                0x000000000010d820                sscanf
 .text.__sread  0x000000000010d894       0x44 c:/devkitpro/devkitarm/bin/../lib/gcc/arm-none-eabi/10.2.0/../../../../arm-none-eabi/lib/armv6k/fpu\libg.a(lib_a-stdio.o)
                0x000000000010d894                __sread
 .text.__seofread
                0x000000000010d8d8        0x8 c:/devkitpro/devkitarm/bin/../lib/gcc/arm-none-eabi/10.2.0/../../../../arm-none-eabi/lib/armv6k/fpu\libg.a(lib_a-stdio.o)
                0x000000000010d8d8                __seofread
 .text.__swrite
                0x000000000010d8e0       0x68 c:/devkitpro/devkitarm/bin/../lib/gcc/arm-none-eabi/10.2.0/../../../../arm-none-eabi/lib/armv6k/fpu\libg.a(lib_a-stdio.o)
                0x000000000010d8e0                __swrite
 .text.__sseek  0x000000000010d948       0x48 c:/devkitpro/devkitarm/bin/../lib/gcc/arm-none-eabi/10.2.0/../../../../arm-none-eabi/lib/armv6k/fpu\libg.a(lib_a-stdio.o)
                0x000000000010d948                __sseek
 .text.__sclose
                0x000000000010d990        0x8 c:/devkitpro/devkitarm/bin/../lib/gcc/arm-none-eabi/10.2.0/../../../../arm-none-eabi/lib/armv6k/fpu\libg.a(lib_a-stdio.o)
                0x000000000010d990                __sclose
 .text.strlen   0x000000000010d998       0x5c c:/devkitpro/devkitarm/bin/../lib/gcc/arm-none-eabi/10.2.0/../../../../arm-none-eabi/lib/armv6k/fpu\libg.a(lib_a-strlen-stub.o)
                0x000000000010d998                strlen
 .text.strncat  0x000000000010d9f4       0xec c:/devkitpro/devkitarm/bin/../lib/gcc/arm-none-eabi/10.2.0/../../../../arm-none-eabi/lib/armv6k/fpu\libg.a(lib_a-strncat.o)
                0x000000000010d9f4                strncat
 .text.strncmp  0x000000000010dae0       0xdc c:/devkitpro/devkitarm/bin/../lib/gcc/arm-none-eabi/10.2.0/../../../../arm-none-eabi/lib/armv6k/fpu\libg.a(lib_a-strncmp.o)
                0x000000000010dae0                strncmp
 .text.strncpy  0x000000000010dbbc       0xc0 c:/devkitpro/devkitarm/bin/../lib/gcc/arm-none-eabi/10.2.0/../../../../arm-none-eabi/lib/armv6k/fpu\libg.a(lib_a-strncpy.o)
                0x000000000010dbbc                strncpy
 .text.strnlen  0x000000000010dc7c       0x48 c:/devkitpro/devkitarm/bin/../lib/gcc/arm-none-eabi/10.2.0/../../../../arm-none-eabi/lib/armv6k/fpu\libg.a(lib_a-strnlen.o)
                0x000000000010dc7c                strnlen
 .text.get_arg  0x000000000010dcc4       0x50 c:/devkitpro/devkitarm/bin/../lib/gcc/arm-none-eabi/10.2.0/../../../../arm-none-eabi/lib/armv6k/fpu\libg.a(lib_a-svfscanf.o)
 .text.__ssvfscanf_r
                0x000000000010dd14     0x2b68 c:/devkitpro/devkitarm/bin/../lib/gcc/arm-none-eabi/10.2.0/../../../../arm-none-eabi/lib/armv6k/fpu\libg.a(lib_a-svfscanf.o)
                0x000000000010dd14                __ssvfscanf_r
 .text.get_arg  0x000000000011087c      0x64c c:/devkitpro/devkitarm/bin/../lib/gcc/arm-none-eabi/10.2.0/../../../../arm-none-eabi/lib/armv6k/fpu\libg.a(lib_a-vfiprintf.o)
 .text.__sprint_r
                0x0000000000110ec8       0x34 c:/devkitpro/devkitarm/bin/../lib/gcc/arm-none-eabi/10.2.0/../../../../arm-none-eabi/lib/armv6k/fpu\libg.a(lib_a-vfiprintf.o)
                0x0000000000110ec8                __sprint_r
 .text._vfiprintf_r
                0x0000000000110efc     0x2584 c:/devkitpro/devkitarm/bin/../lib/gcc/arm-none-eabi/10.2.0/../../../../arm-none-eabi/lib/armv6k/fpu\libg.a(lib_a-vfiprintf.o)
                0x0000000000110efc                _vfiprintf_r
 .text.__sbprintf
                0x0000000000113480       0xd4 c:/devkitpro/devkitarm/bin/../lib/gcc/arm-none-eabi/10.2.0/../../../../arm-none-eabi/lib/armv6k/fpu\libg.a(lib_a-vfiprintf.o)
 .text._wcrtomb_r
                0x0000000000113554       0x54 c:/devkitpro/devkitarm/bin/../lib/gcc/arm-none-eabi/10.2.0/../../../../arm-none-eabi/lib/armv6k/fpu\libg.a(lib_a-wcrtomb.o)
                0x0000000000113554                _wcrtomb_r
 .text._wcsrtombs_r
                0x00000000001135a8       0x28 c:/devkitpro/devkitarm/bin/../lib/gcc/arm-none-eabi/10.2.0/../../../../arm-none-eabi/lib/armv6k/fpu\libg.a(lib_a-wcsrtombs.o)
                0x00000000001135a8                _wcsrtombs_r
 .text.__swsetup_r
                0x00000000001135d0      0x154 c:/devkitpro/devkitarm/bin/../lib/gcc/arm-none-eabi/10.2.0/../../../../arm-none-eabi/lib/armv6k/fpu\libg.a(lib_a-wsetup.o)
                0x00000000001135d0                __swsetup_r
 .text.__call_exitprocs
                0x0000000000113724      0x114 c:/devkitpro/devkitarm/bin/../lib/gcc/arm-none-eabi/10.2.0/../../../../arm-none-eabi/lib/armv6k/fpu\libg.a(lib_a-__call_atexit.o)
                0x0000000000113724                __call_exitprocs
 .text.__sflush_r
                0x0000000000113838      0x258 c:/devkitpro/devkitarm/bin/../lib/gcc/arm-none-eabi/10.2.0/../../../../arm-none-eabi/lib/armv6k/fpu\libg.a(lib_a-fflush.o)
                0x0000000000113838                __sflush_r
 .text._fflush_r
                0x0000000000113a90       0x94 c:/devkitpro/devkitarm/bin/../lib/gcc/arm-none-eabi/10.2.0/../../../../arm-none-eabi/lib/armv6k/fpu\libg.a(lib_a-fflush.o)
                0x0000000000113a90                _fflush_r
 .text._cleanup_r
                0x0000000000113b24        0xc c:/devkitpro/devkitarm/bin/../lib/gcc/arm-none-eabi/10.2.0/../../../../arm-none-eabi/lib/armv6k/fpu\libg.a(lib_a-findfp.o)
                0x0000000000113b24                _cleanup_r
 .text.__sinit  0x0000000000113b30      0x184 c:/devkitpro/devkitarm/bin/../lib/gcc/arm-none-eabi/10.2.0/../../../../arm-none-eabi/lib/armv6k/fpu\libg.a(lib_a-findfp.o)
                0x0000000000113b30                __sinit
 .text.__sfp_lock_acquire
                0x0000000000113cb4        0xc c:/devkitpro/devkitarm/bin/../lib/gcc/arm-none-eabi/10.2.0/../../../../arm-none-eabi/lib/armv6k/fpu\libg.a(lib_a-findfp.o)
                0x0000000000113cb4                __sfp_lock_acquire
 .text.__sfp_lock_release
                0x0000000000113cc0        0xc c:/devkitpro/devkitarm/bin/../lib/gcc/arm-none-eabi/10.2.0/../../../../arm-none-eabi/lib/armv6k/fpu\libg.a(lib_a-findfp.o)
                0x0000000000113cc0                __sfp_lock_release
 .text._malloc_trim_r
                0x0000000000113ccc       0xf8 c:/devkitpro/devkitarm/bin/../lib/gcc/arm-none-eabi/10.2.0/../../../../arm-none-eabi/lib/armv6k/fpu\libg.a(lib_a-freer.o)
                0x0000000000113ccc                _malloc_trim_r
 .text._free_r  0x0000000000113dc4      0x2e4 c:/devkitpro/devkitarm/bin/../lib/gcc/arm-none-eabi/10.2.0/../../../../arm-none-eabi/lib/armv6k/fpu\libg.a(lib_a-freer.o)
                0x0000000000113dc4                _free_r
 .text.__sfvwrite_r
                0x00000000001140a8      0x4a4 c:/devkitpro/devkitarm/bin/../lib/gcc/arm-none-eabi/10.2.0/../../../../arm-none-eabi/lib/armv6k/fpu\libg.a(lib_a-fvwrite.o)
                0x00000000001140a8                __sfvwrite_r
 .text._fwalk_reent
                0x000000000011454c       0x70 c:/devkitpro/devkitarm/bin/../lib/gcc/arm-none-eabi/10.2.0/../../../../arm-none-eabi/lib/armv6k/fpu\libg.a(lib_a-fwalk.o)
                0x000000000011454c                _fwalk_reent
 .text.iswspace
                0x00000000001145bc        0x8 c:/devkitpro/devkitarm/bin/../lib/gcc/arm-none-eabi/10.2.0/../../../../arm-none-eabi/lib/armv6k/fpu\libg.a(lib_a-iswspace.o)
                0x00000000001145bc                iswspace
 .text._localeconv_r
                0x00000000001145c4        0xc c:/devkitpro/devkitarm/bin/../lib/gcc/arm-none-eabi/10.2.0/../../../../arm-none-eabi/lib/armv6k/fpu\libg.a(lib_a-localeconv.o)
                0x00000000001145c4                _localeconv_r
 .text.__locale_mb_cur_max
                0x00000000001145d0       0x10 c:/devkitpro/devkitarm/bin/../lib/gcc/arm-none-eabi/10.2.0/../../../../arm-none-eabi/lib/armv6k/fpu\libg.a(lib_a-locale.o)
                0x00000000001145d0                __locale_mb_cur_max
 .text.__smakebuf_r
                0x00000000001145e0      0x138 c:/devkitpro/devkitarm/bin/../lib/gcc/arm-none-eabi/10.2.0/../../../../arm-none-eabi/lib/armv6k/fpu\libg.a(lib_a-makebuf.o)
                0x00000000001145e0                __smakebuf_r
 .text.__swhatbuf_r
                0x0000000000114718       0x94 c:/devkitpro/devkitarm/bin/../lib/gcc/arm-none-eabi/10.2.0/../../../../arm-none-eabi/lib/armv6k/fpu\libg.a(lib_a-makebuf.o)
                0x0000000000114718                __swhatbuf_r
 .text._mbrtowc_r
                0x00000000001147ac       0x68 c:/devkitpro/devkitarm/bin/../lib/gcc/arm-none-eabi/10.2.0/../../../../arm-none-eabi/lib/armv6k/fpu\libg.a(lib_a-mbrtowc.o)
                0x00000000001147ac                _mbrtowc_r
 .text.__utf8_mbtowc
                0x0000000000114814      0x2fc c:/devkitpro/devkitarm/bin/../lib/gcc/arm-none-eabi/10.2.0/../../../../arm-none-eabi/lib/armv6k/fpu\libg.a(lib_a-mbtowc_r.o)
                0x0000000000114814                __utf8_mbtowc
 .text.memmove  0x0000000000114b10      0x154 c:/devkitpro/devkitarm/bin/../lib/gcc/arm-none-eabi/10.2.0/../../../../arm-none-eabi/lib/armv6k/fpu\libg.a(lib_a-memmove.o)
                0x0000000000114b10                memmove
 .text.realloc  0x0000000000114c64       0x28 c:/devkitpro/devkitarm/bin/../lib/gcc/arm-none-eabi/10.2.0/../../../../arm-none-eabi/lib/armv6k/fpu\libg.a(lib_a-realloc.o)
                0x0000000000114c64                realloc
 .text._realloc_r
                0x0000000000114c8c      0x598 c:/devkitpro/devkitarm/bin/../lib/gcc/arm-none-eabi/10.2.0/../../../../arm-none-eabi/lib/armv6k/fpu\libg.a(lib_a-reallocr.o)
                0x0000000000114c8c                _realloc_r
 .text.__sccl   0x0000000000115224       0xe4 c:/devkitpro/devkitarm/bin/../lib/gcc/arm-none-eabi/10.2.0/../../../../arm-none-eabi/lib/armv6k/fpu\libg.a(lib_a-sccl.o)
                0x0000000000115224                __sccl
 .text.nanf     0x0000000000115308        0xc c:/devkitpro/devkitarm/bin/../lib/gcc/arm-none-eabi/10.2.0/../../../../arm-none-eabi/lib/armv6k/fpu\libg.a(lib_a-sf_nan.o)
                0x0000000000115308                nanf
 .text.sprintf  0x0000000000115314       0x64 c:/devkitpro/devkitarm/bin/../lib/gcc/arm-none-eabi/10.2.0/../../../../arm-none-eabi/lib/armv6k/fpu\libg.a(lib_a-sprintf.o)
                0x0000000000115314                sprintf
 .text.stpncpy  0x0000000000115378       0xb8 c:/devkitpro/devkitarm/bin/../lib/gcc/arm-none-eabi/10.2.0/../../../../arm-none-eabi/lib/armv6k/fpu\libg.a(lib_a-stpncpy.o)
                0x0000000000115378                stpncpy
 .text.strchr   0x0000000000115430      0x144 c:/devkitpro/devkitarm/bin/../lib/gcc/arm-none-eabi/10.2.0/../../../../arm-none-eabi/lib/armv6k/fpu\libg.a(lib_a-strchr.o)
                0x0000000000115430                strchr
 *fill*         0x0000000000115574        0x4 
 .text._strtod_l
                0x0000000000115578     0x130c c:/devkitpro/devkitarm/bin/../lib/gcc/arm-none-eabi/10.2.0/../../../../arm-none-eabi/lib/armv6k/fpu\libg.a(lib_a-strtod.o)
                0x0000000000115578                _strtod_l
 .text._strtod_r
                0x0000000000116884        0xc c:/devkitpro/devkitarm/bin/../lib/gcc/arm-none-eabi/10.2.0/../../../../arm-none-eabi/lib/armv6k/fpu\libg.a(lib_a-strtod.o)
                0x0000000000116884                _strtod_r
 .text._strtoll_l.constprop.0
                0x0000000000116890      0x22c c:/devkitpro/devkitarm/bin/../lib/gcc/arm-none-eabi/10.2.0/../../../../arm-none-eabi/lib/armv6k/fpu\libg.a(lib_a-strtoll.o)
 .text._strtoll_r
                0x0000000000116abc        0x4 c:/devkitpro/devkitarm/bin/../lib/gcc/arm-none-eabi/10.2.0/../../../../arm-none-eabi/lib/armv6k/fpu\libg.a(lib_a-strtoll.o)
                0x0000000000116abc                _strtoll_r
 .text._strtol_l.part.0
                0x0000000000116ac0      0x1b0 c:/devkitpro/devkitarm/bin/../lib/gcc/arm-none-eabi/10.2.0/../../../../arm-none-eabi/lib/armv6k/fpu\libg.a(lib_a-strtol.o)
 .text._strtol_r
                0x0000000000116c70       0x3c c:/devkitpro/devkitarm/bin/../lib/gcc/arm-none-eabi/10.2.0/../../../../arm-none-eabi/lib/armv6k/fpu\libg.a(lib_a-strtol.o)
                0x0000000000116c70                _strtol_r
 .text._strtoull_l.constprop.0
                0x0000000000116cac      0x244 c:/devkitpro/devkitarm/bin/../lib/gcc/arm-none-eabi/10.2.0/../../../../arm-none-eabi/lib/armv6k/fpu\libg.a(lib_a-strtoull.o)
 .text._strtoull_r
                0x0000000000116ef0        0x4 c:/devkitpro/devkitarm/bin/../lib/gcc/arm-none-eabi/10.2.0/../../../../arm-none-eabi/lib/armv6k/fpu\libg.a(lib_a-strtoull.o)
                0x0000000000116ef0                _strtoull_r
 .text._strtoul_l.constprop.0
                0x0000000000116ef4      0x1c8 c:/devkitpro/devkitarm/bin/../lib/gcc/arm-none-eabi/10.2.0/../../../../arm-none-eabi/lib/armv6k/fpu\libg.a(lib_a-strtoul.o)
 .text._strtoul_r
                0x00000000001170bc        0x4 c:/devkitpro/devkitarm/bin/../lib/gcc/arm-none-eabi/10.2.0/../../../../arm-none-eabi/lib/armv6k/fpu\libg.a(lib_a-strtoul.o)
                0x00000000001170bc                _strtoul_r
 .text.__ssprint_r
                0x00000000001170c0      0x188 c:/devkitpro/devkitarm/bin/../lib/gcc/arm-none-eabi/10.2.0/../../../../arm-none-eabi/lib/armv6k/fpu\libg.a(lib_a-svfiprintf.o)
                0x00000000001170c0                __ssprint_r
 .text._sungetc_r
                0x0000000000117248       0xe0 c:/devkitpro/devkitarm/bin/../lib/gcc/arm-none-eabi/10.2.0/../../../../arm-none-eabi/lib/armv6k/fpu\libg.a(lib_a-svfiscanf.o)
                0x0000000000117248                _sungetc_r
 .text.__ssrefill_r
                0x0000000000117328       0x6c c:/devkitpro/devkitarm/bin/../lib/gcc/arm-none-eabi/10.2.0/../../../../arm-none-eabi/lib/armv6k/fpu\libg.a(lib_a-svfiscanf.o)
                0x0000000000117328                __ssrefill_r
 .text._sfread_r
                0x0000000000117394       0xc8 c:/devkitpro/devkitarm/bin/../lib/gcc/arm-none-eabi/10.2.0/../../../../arm-none-eabi/lib/armv6k/fpu\libg.a(lib_a-svfiscanf.o)
                0x0000000000117394                _sfread_r
 .text.get_arg  0x000000000011745c      0x64c c:/devkitpro/devkitarm/bin/../lib/gcc/arm-none-eabi/10.2.0/../../../../arm-none-eabi/lib/armv6k/fpu\libg.a(lib_a-svfprintf.o)
 .text._svfprintf_r
                0x0000000000117aa8     0x3808 c:/devkitpro/devkitarm/bin/../lib/gcc/arm-none-eabi/10.2.0/../../../../arm-none-eabi/lib/armv6k/fpu\libg.a(lib_a-svfprintf.o)
                0x0000000000117aa8                _svfprintf_r
 .text.__submore
                0x000000000011b2b0       0xa8 c:/devkitpro/devkitarm/bin/../lib/gcc/arm-none-eabi/10.2.0/../../../../arm-none-eabi/lib/armv6k/fpu\libg.a(lib_a-ungetc.o)
                0x000000000011b2b0                __submore
 .text._wcsnrtombs_l
                0x000000000011b358      0x190 c:/devkitpro/devkitarm/bin/../lib/gcc/arm-none-eabi/10.2.0/../../../../arm-none-eabi/lib/armv6k/fpu\libg.a(lib_a-wcsnrtombs.o)
                0x000000000011b358                _wcsnrtombs_l
 .text._wcsnrtombs_r
                0x000000000011b4e8       0x4c c:/devkitpro/devkitarm/bin/../lib/gcc/arm-none-eabi/10.2.0/../../../../arm-none-eabi/lib/armv6k/fpu\libg.a(lib_a-wcsnrtombs.o)
                0x000000000011b4e8                _wcsnrtombs_r
 .text.__utf8_wctomb
                0x000000000011b534       0xf0 c:/devkitpro/devkitarm/bin/../lib/gcc/arm-none-eabi/10.2.0/../../../../arm-none-eabi/lib/armv6k/fpu\libg.a(lib_a-wctomb_r.o)
                0x000000000011b534                __utf8_wctomb
 .text.quorem   0x000000000011b624      0x1a8 c:/devkitpro/devkitarm/bin/../lib/gcc/arm-none-eabi/10.2.0/../../../../arm-none-eabi/lib/armv6k/fpu\libg.a(lib_a-dtoa.o)
 *fill*         0x000000000011b7cc        0x4 
 .text._dtoa_r  0x000000000011b7d0     0x12ec c:/devkitpro/devkitarm/bin/../lib/gcc/arm-none-eabi/10.2.0/../../../../arm-none-eabi/lib/armv6k/fpu\libg.a(lib_a-dtoa.o)
                0x000000000011b7d0                _dtoa_r
 .text._fclose_r
                0x000000000011cabc      0x160 c:/devkitpro/devkitarm/bin/../lib/gcc/arm-none-eabi/10.2.0/../../../../arm-none-eabi/lib/armv6k/fpu\libg.a(lib_a-fclose.o)
                0x000000000011cabc                _fclose_r
 .text.rshift   0x000000000011cc1c       0xec c:/devkitpro/devkitarm/bin/../lib/gcc/arm-none-eabi/10.2.0/../../../../arm-none-eabi/lib/armv6k/fpu\libg.a(lib_a-gdtoa-gethex.o)
 .text.__gethex
                0x000000000011cd08      0x928 c:/devkitpro/devkitarm/bin/../lib/gcc/arm-none-eabi/10.2.0/../../../../arm-none-eabi/lib/armv6k/fpu\libg.a(lib_a-gdtoa-gethex.o)
                0x000000000011cd08                __gethex
 .text.__match  0x000000000011d630       0x4c c:/devkitpro/devkitarm/bin/../lib/gcc/arm-none-eabi/10.2.0/../../../../arm-none-eabi/lib/armv6k/fpu\libg.a(lib_a-gdtoa-hexnan.o)
                0x000000000011d630                __match
 .text.__hexnan
                0x000000000011d67c      0x29c c:/devkitpro/devkitarm/bin/../lib/gcc/arm-none-eabi/10.2.0/../../../../arm-none-eabi/lib/armv6k/fpu\libg.a(lib_a-gdtoa-hexnan.o)
                0x000000000011d67c                __hexnan
 .text.iswspace_l
                0x000000000011d918       0x3c c:/devkitpro/devkitarm/bin/../lib/gcc/arm-none-eabi/10.2.0/../../../../arm-none-eabi/lib/armv6k/fpu\libg.a(lib_a-iswspace_l.o)
                0x000000000011d918                iswspace_l
 .text.__jp2uc  0x000000000011d954      0x1d4 c:/devkitpro/devkitarm/bin/../lib/gcc/arm-none-eabi/10.2.0/../../../../arm-none-eabi/lib/armv6k/fpu\libg.a(lib_a-jp2uc.o)
 .text._jp2uc_l
                0x000000000011db28       0x9c c:/devkitpro/devkitarm/bin/../lib/gcc/arm-none-eabi/10.2.0/../../../../arm-none-eabi/lib/armv6k/fpu\libg.a(lib_a-jp2uc.o)
                0x000000000011db28                _jp2uc_l
 .text._Balloc  0x000000000011dbc4       0x88 c:/devkitpro/devkitarm/bin/../lib/gcc/arm-none-eabi/10.2.0/../../../../arm-none-eabi/lib/armv6k/fpu\libg.a(lib_a-mprec.o)
                0x000000000011dbc4                _Balloc
 .text._Bfree   0x000000000011dc4c       0x1c c:/devkitpro/devkitarm/bin/../lib/gcc/arm-none-eabi/10.2.0/../../../../arm-none-eabi/lib/armv6k/fpu\libg.a(lib_a-mprec.o)
                0x000000000011dc4c                _Bfree
 .text.__multadd
                0x000000000011dc68       0xf4 c:/devkitpro/devkitarm/bin/../lib/gcc/arm-none-eabi/10.2.0/../../../../arm-none-eabi/lib/armv6k/fpu\libg.a(lib_a-mprec.o)
                0x000000000011dc68                __multadd
 .text.__s2b    0x000000000011dd5c      0x110 c:/devkitpro/devkitarm/bin/../lib/gcc/arm-none-eabi/10.2.0/../../../../arm-none-eabi/lib/armv6k/fpu\libg.a(lib_a-mprec.o)
                0x000000000011dd5c                __s2b
 .text.__hi0bits
                0x000000000011de6c       0x58 c:/devkitpro/devkitarm/bin/../lib/gcc/arm-none-eabi/10.2.0/../../../../arm-none-eabi/lib/armv6k/fpu\libg.a(lib_a-mprec.o)
                0x000000000011de6c                __hi0bits
 .text.__lo0bits
                0x000000000011dec4       0x9c c:/devkitpro/devkitarm/bin/../lib/gcc/arm-none-eabi/10.2.0/../../../../arm-none-eabi/lib/armv6k/fpu\libg.a(lib_a-mprec.o)
                0x000000000011dec4                __lo0bits
 .text.__i2b    0x000000000011df60       0xa4 c:/devkitpro/devkitarm/bin/../lib/gcc/arm-none-eabi/10.2.0/../../../../arm-none-eabi/lib/armv6k/fpu\libg.a(lib_a-mprec.o)
                0x000000000011df60                __i2b
 .text.__multiply
                0x000000000011e004      0x204 c:/devkitpro/devkitarm/bin/../lib/gcc/arm-none-eabi/10.2.0/../../../../arm-none-eabi/lib/armv6k/fpu\libg.a(lib_a-mprec.o)
                0x000000000011e004                __multiply
 .text.__pow5mult
                0x000000000011e208      0x120 c:/devkitpro/devkitarm/bin/../lib/gcc/arm-none-eabi/10.2.0/../../../../arm-none-eabi/lib/armv6k/fpu\libg.a(lib_a-mprec.o)
                0x000000000011e208                __pow5mult
 .text.__lshift
                0x000000000011e328      0x13c c:/devkitpro/devkitarm/bin/../lib/gcc/arm-none-eabi/10.2.0/../../../../arm-none-eabi/lib/armv6k/fpu\libg.a(lib_a-mprec.o)
                0x000000000011e328                __lshift
 .text.__mcmp   0x000000000011e464       0x58 c:/devkitpro/devkitarm/bin/../lib/gcc/arm-none-eabi/10.2.0/../../../../arm-none-eabi/lib/armv6k/fpu\libg.a(lib_a-mprec.o)
                0x000000000011e464                __mcmp
 .text.__mdiff  0x000000000011e4bc      0x1cc c:/devkitpro/devkitarm/bin/../lib/gcc/arm-none-eabi/10.2.0/../../../../arm-none-eabi/lib/armv6k/fpu\libg.a(lib_a-mprec.o)
                0x000000000011e4bc                __mdiff
 .text.__ulp    0x000000000011e688       0x88 c:/devkitpro/devkitarm/bin/../lib/gcc/arm-none-eabi/10.2.0/../../../../arm-none-eabi/lib/armv6k/fpu\libg.a(lib_a-mprec.o)
                0x000000000011e688                __ulp
 .text.__b2d    0x000000000011e710       0xd4 c:/devkitpro/devkitarm/bin/../lib/gcc/arm-none-eabi/10.2.0/../../../../arm-none-eabi/lib/armv6k/fpu\libg.a(lib_a-mprec.o)
                0x000000000011e710                __b2d
 .text.__d2b    0x000000000011e7e4      0x12c c:/devkitpro/devkitarm/bin/../lib/gcc/arm-none-eabi/10.2.0/../../../../arm-none-eabi/lib/armv6k/fpu\libg.a(lib_a-mprec.o)
                0x000000000011e7e4                __d2b
 .text.__ratio  0x000000000011e910       0x78 c:/devkitpro/devkitarm/bin/../lib/gcc/arm-none-eabi/10.2.0/../../../../arm-none-eabi/lib/armv6k/fpu\libg.a(lib_a-mprec.o)
                0x000000000011e910                __ratio
 .text.__copybits
                0x000000000011e988       0x88 c:/devkitpro/devkitarm/bin/../lib/gcc/arm-none-eabi/10.2.0/../../../../arm-none-eabi/lib/armv6k/fpu\libg.a(lib_a-mprec.o)
                0x000000000011e988                __copybits
 .text.__any_on
                0x000000000011ea10       0x5c c:/devkitpro/devkitarm/bin/../lib/gcc/arm-none-eabi/10.2.0/../../../../arm-none-eabi/lib/armv6k/fpu\libg.a(lib_a-mprec.o)
                0x000000000011ea10                __any_on
 *fill*         0x000000000011ea6c        0x4 
 .text.frexp    0x000000000011ea70       0xa8 c:/devkitpro/devkitarm/bin/../lib/gcc/arm-none-eabi/10.2.0/../../../../arm-none-eabi/lib/armv6k/fpu\libg.a(lib_a-s_frexp.o)
                0x000000000011ea70                frexp
 .text.nan      0x000000000011eb18       0x10 c:/devkitpro/devkitarm/bin/../lib/gcc/arm-none-eabi/10.2.0/../../../../arm-none-eabi/lib/armv6k/fpu\libg.a(lib_a-s_nan.o)
                0x000000000011eb18                nan
 .text.__assert_func
                0x000000000011eb28       0x5c c:/devkitpro/devkitarm/bin/../lib/gcc/arm-none-eabi/10.2.0/../../../../arm-none-eabi/lib/armv6k/fpu\libg.a(lib_a-assert.o)
                0x000000000011eb28                __assert_func
 .text._calloc_r
                0x000000000011eb84       0x94 c:/devkitpro/devkitarm/bin/../lib/gcc/arm-none-eabi/10.2.0/../../../../arm-none-eabi/lib/armv6k/fpu\libg.a(lib_a-callocr.o)
                0x000000000011eb84                _calloc_r
 .text.category
                0x000000000011ec18       0x84 c:/devkitpro/devkitarm/bin/../lib/gcc/arm-none-eabi/10.2.0/../../../../arm-none-eabi/lib/armv6k/fpu\libg.a(lib_a-categories.o)
                0x000000000011ec18                category
 .text.fiprintf
                0x000000000011ec9c       0x3c c:/devkitpro/devkitarm/bin/../lib/gcc/arm-none-eabi/10.2.0/../../../../arm-none-eabi/lib/armv6k/fpu\libg.a(lib_a-fiprintf.o)
                0x000000000011ec9c                fiprintf
 .text.abort    0x000000000011ecd8       0x14 c:/devkitpro/devkitarm/bin/../lib/gcc/arm-none-eabi/10.2.0/../../../../arm-none-eabi/lib/armv6k/fpu\libg.a(lib_a-abort.o)
                0x000000000011ecd8                abort
 .text._raise_r
                0x000000000011ecec       0x98 c:/devkitpro/devkitarm/bin/../lib/gcc/arm-none-eabi/10.2.0/../../../../arm-none-eabi/lib/armv6k/fpu\libg.a(lib_a-signal.o)
                0x000000000011ecec                _raise_r
 .text.raise    0x000000000011ed84       0x20 c:/devkitpro/devkitarm/bin/../lib/gcc/arm-none-eabi/10.2.0/../../../../arm-none-eabi/lib/armv6k/fpu\libg.a(lib_a-signal.o)
                0x000000000011ed84                raise
 .text.null_write
                0x000000000011eda4        0x8 c:/devkitpro/devkitarm/bin/../lib/gcc/arm-none-eabi/10.2.0/../../../../arm-none-eabi/lib/armv6k/fpu\libsysbase.a(iosupport.o)
 .text.setDefaultDevice
                0x000000000011edac       0x18 c:/devkitpro/devkitarm/bin/../lib/gcc/arm-none-eabi/10.2.0/../../../../arm-none-eabi/lib/armv6k/fpu\libsysbase.a(iosupport.o)
                0x000000000011edac                setDefaultDevice
 .text.FindDevice
                0x000000000011edc4       0xc8 c:/devkitpro/devkitarm/bin/../lib/gcc/arm-none-eabi/10.2.0/../../../../arm-none-eabi/lib/armv6k/fpu\libsysbase.a(iosupport.o)
                0x000000000011edc4                FindDevice
 .text.RemoveDevice
                0x000000000011ee8c       0x28 c:/devkitpro/devkitarm/bin/../lib/gcc/arm-none-eabi/10.2.0/../../../../arm-none-eabi/lib/armv6k/fpu\libsysbase.a(iosupport.o)
                0x000000000011ee8c                RemoveDevice
 .text.AddDevice
                0x000000000011eeb4       0x9c c:/devkitpro/devkitarm/bin/../lib/gcc/arm-none-eabi/10.2.0/../../../../arm-none-eabi/lib/armv6k/fpu\libsysbase.a(iosupport.o)
                0x000000000011eeb4                AddDevice
 .text.GetDeviceOpTab
                0x000000000011ef50       0x20 c:/devkitpro/devkitarm/bin/../lib/gcc/arm-none-eabi/10.2.0/../../../../arm-none-eabi/lib/armv6k/fpu\libsysbase.a(iosupport.o)
                0x000000000011ef50                GetDeviceOpTab
 .text._fstat_r
                0x000000000011ef70       0x78 c:/devkitpro/devkitarm/bin/../lib/gcc/arm-none-eabi/10.2.0/../../../../arm-none-eabi/lib/armv6k/fpu\libsysbase.a(fstat.o)
                0x000000000011ef70                _fstat_r
 .text._getpid_r
                0x000000000011efe8       0x14 c:/devkitpro/devkitarm/bin/../lib/gcc/arm-none-eabi/10.2.0/../../../../arm-none-eabi/lib/armv6k/fpu\libsysbase.a(getpid.o)
                0x000000000011efe8                _getpid_r
 .text._isatty_r
                0x000000000011effc        0x8 c:/devkitpro/devkitarm/bin/../lib/gcc/arm-none-eabi/10.2.0/../../../../arm-none-eabi/lib/armv6k/fpu\libsysbase.a(isatty.o)
                0x000000000011effc                _isatty_r
 .text._kill_r  0x000000000011f004       0x14 c:/devkitpro/devkitarm/bin/../lib/gcc/arm-none-eabi/10.2.0/../../../../arm-none-eabi/lib/armv6k/fpu\libsysbase.a(kill.o)
                0x000000000011f004                _kill_r
 .text._lseek_r
                0x000000000011f018       0x84 c:/devkitpro/devkitarm/bin/../lib/gcc/arm-none-eabi/10.2.0/../../../../arm-none-eabi/lib/armv6k/fpu\libsysbase.a(lseek.o)
                0x000000000011f018                _lseek_r
 .text._read_r  0x000000000011f09c       0x80 c:/devkitpro/devkitarm/bin/../lib/gcc/arm-none-eabi/10.2.0/../../../../arm-none-eabi/lib/armv6k/fpu\libsysbase.a(read.o)
                0x000000000011f09c                _read_r
 .text._sbrk_r  0x000000000011f11c       0x78 c:/devkitpro/devkitarm/bin/../lib/gcc/arm-none-eabi/10.2.0/../../../../arm-none-eabi/lib/armv6k/fpu\libsysbase.a(sbrk.o)
                0x000000000011f11c                _sbrk_r
 .text._write_r
                0x000000000011f194       0x80 c:/devkitpro/devkitarm/bin/../lib/gcc/arm-none-eabi/10.2.0/../../../../arm-none-eabi/lib/armv6k/fpu\libsysbase.a(write.o)
                0x000000000011f194                _write_r
 .text._exit    0x000000000011f214       0x24 c:/devkitpro/devkitarm/bin/../lib/gcc/arm-none-eabi/10.2.0/../../../../arm-none-eabi/lib/armv6k/fpu\libsysbase.a(_exit.o)
                0x000000000011f214                _exit
 .text._concatenate_path
                0x000000000011f238      0x1b8 c:/devkitpro/devkitarm/bin/../lib/gcc/arm-none-eabi/10.2.0/../../../../arm-none-eabi/lib/armv6k/fpu\libsysbase.a(chdir.o)
                0x000000000011f238                _concatenate_path
 .text.chdir    0x000000000011f3f0      0x160 c:/devkitpro/devkitarm/bin/../lib/gcc/arm-none-eabi/10.2.0/../../../../arm-none-eabi/lib/armv6k/fpu\libsysbase.a(chdir.o)
                0x000000000011f3f0                chdir
 .text.__flockfile
                0x000000000011f550        0x8 c:/devkitpro/devkitarm/bin/../lib/gcc/arm-none-eabi/10.2.0/../../../../arm-none-eabi/lib/armv6k/fpu\libsysbase.a(flock.o)
                0x000000000011f550                __flockfile
 .text.__funlockfile
                0x000000000011f558        0x8 c:/devkitpro/devkitarm/bin/../lib/gcc/arm-none-eabi/10.2.0/../../../../arm-none-eabi/lib/armv6k/fpu\libsysbase.a(flock.o)
                0x000000000011f558                __funlockfile
 .text.__libc_lock_acquire
                0x000000000011f560       0x18 c:/devkitpro/devkitarm/bin/../lib/gcc/arm-none-eabi/10.2.0/../../../../arm-none-eabi/lib/armv6k/fpu\libsysbase.a(syscall_support.o)
                0x000000000011f560                __libc_lock_acquire
 .text.__libc_lock_release
                0x000000000011f578       0x18 c:/devkitpro/devkitarm/bin/../lib/gcc/arm-none-eabi/10.2.0/../../../../arm-none-eabi/lib/armv6k/fpu\libsysbase.a(syscall_support.o)
                0x000000000011f578                __libc_lock_release
 .text.__libc_lock_init_recursive
                0x000000000011f590       0x18 c:/devkitpro/devkitarm/bin/../lib/gcc/arm-none-eabi/10.2.0/../../../../arm-none-eabi/lib/armv6k/fpu\libsysbase.a(syscall_support.o)
                0x000000000011f590                __libc_lock_init_recursive
 .text.__libc_lock_acquire_recursive
                0x000000000011f5a8       0x18 c:/devkitpro/devkitarm/bin/../lib/gcc/arm-none-eabi/10.2.0/../../../../arm-none-eabi/lib/armv6k/fpu\libsysbase.a(syscall_support.o)
                0x000000000011f5a8                __libc_lock_acquire_recursive
 .text.__libc_lock_release_recursive
                0x000000000011f5c0       0x18 c:/devkitpro/devkitarm/bin/../lib/gcc/arm-none-eabi/10.2.0/../../../../arm-none-eabi/lib/armv6k/fpu\libsysbase.a(syscall_support.o)
                0x000000000011f5c0                __libc_lock_release_recursive
 .text.__libc_lock_close_recursive
                0x000000000011f5d8       0x18 c:/devkitpro/devkitarm/bin/../lib/gcc/arm-none-eabi/10.2.0/../../../../arm-none-eabi/lib/armv6k/fpu\libsysbase.a(syscall_support.o)
                0x000000000011f5d8                __libc_lock_close_recursive
 .text.__get_handle
                0x000000000011f5f0       0x3c c:/devkitpro/devkitarm/bin/../lib/gcc/arm-none-eabi/10.2.0/../../../../arm-none-eabi/lib/armv6k/fpu\libsysbase.a(handle_manager.o)
                0x000000000011f5f0                __get_handle
 .text._close_r
                0x000000000011f62c       0xf4 c:/devkitpro/devkitarm/bin/../lib/gcc/arm-none-eabi/10.2.0/../../../../arm-none-eabi/lib/armv6k/fpu\libsysbase.a(handle_manager.o)
                0x000000000011f62c                _close_r
 .text.__getreent
                0x000000000011f720       0x28 c:/devkitpro/devkitarm/bin/../lib/gcc/arm-none-eabi/10.2.0/../../../../arm-none-eabi/lib/armv6k/fpu\libsysbase.a(getreent.o)
                0x000000000011f720                __getreent
 .text.__fixdfdi
                0x000000000011f748       0x38 c:/devkitpro/devkitarm/bin/../lib/gcc/arm-none-eabi/10.2.0/armv6k/fpu\libgcc.a(_fixdfdi.o)
                0x000000000011f748                __fixdfdi
                0x000000000011f748                __aeabi_d2lz
 .text.__fixunsdfdi
                0x000000000011f780       0x40 c:/devkitpro/devkitarm/bin/../lib/gcc/arm-none-eabi/10.2.0/armv6k/fpu\libgcc.a(_fixunsdfdi.o)
                0x000000000011f780                __fixunsdfdi
                0x000000000011f780                __aeabi_d2ulz
 .text.strrchr  0x000000000011f7c0       0x44 c:/devkitpro/devkitarm/bin/../lib/gcc/arm-none-eabi/10.2.0/../../../../arm-none-eabi/lib/armv6k/fpu\libg.a(lib_a-strrchr.o)
                0x000000000011f7c0                strrchr
 *(.glue_7)
 .glue_7        0x000000000011f804        0x0 linker stubs
 *(.glue_7t)
 .glue_7t       0x000000000011f804        0x0 linker stubs
 *(.stub)
 *(.gnu.warning)
 *(.gnu.linkonce.t*)
                0x000000000011f804                . = ALIGN (0x4)
 *(.fini)
 .fini          0x000000000011f804        0xc c:/devkitpro/devkitarm/bin/../lib/gcc/arm-none-eabi/10.2.0/armv6k/fpu/crti.o
                0x000000000011f804                _fini
 .fini          0x000000000011f810        0xc c:/devkitpro/devkitarm/bin/../lib/gcc/arm-none-eabi/10.2.0/armv6k/fpu/crtn.o
                0x000000000011f81c                . = ALIGN (0x4)

.vfp11_veneer   0x000000000011f81c        0x0
 .vfp11_veneer  0x000000000011f81c        0x0 linker stubs

.v4_bx          0x000000000011f81c        0x0
 .v4_bx         0x000000000011f81c        0x0 linker stubs

.iplt           0x000000000011f81c        0x0
 .iplt          0x000000000011f81c        0x0 c:/devkitpro/devkitarm/bin/../lib/gcc/arm-none-eabi/10.2.0/../../../../arm-none-eabi/lib/armv6k/fpu/3dsx_crt0.o
                0x0000000000120000                . = ALIGN (0x1000)

.rodata         0x0000000000120000     0x995c
 *(.rodata)
 .rodata        0x0000000000120000       0x18 C:/devkitPro/libctru/lib\libctru.a(ndsp.o)
 .rodata        0x0000000000120018        0x3 C:/devkitPro/libctru/lib\libctru.a(apt.o)
 *fill*         0x000000000012001b        0x1 
 .rodata        0x000000000012001c        0xc C:/devkitPro/libctru/lib\libctru.a(archive_dev.o)
 *(.roda)
 *(.rodata.*)
 .rodata.str1.4
                0x0000000000120028     0x2013 main.o
 *fill*         0x000000000012203b        0x1 
 .rodata.con_write.str1.4
                0x000000000012203c       0x52 C:/devkitPro/libctru/lib\libctru.a(console.o)
 *fill*         0x000000000012208e        0x2 
 .rodata.str1.4
                0x0000000000122090       0x10 C:/devkitPro/libctru/lib\libctru.a(console.o)
 .rodata.colorTable
                0x00000000001220a0       0x30 C:/devkitPro/libctru/lib\libctru.a(console.o)
 .rodata.dotab_stdout
                0x00000000001220d0       0x70 C:/devkitPro/libctru/lib\libctru.a(console.o)
 .rodata.str1.4
                0x0000000000122140       0x10 C:/devkitPro/libctru/lib\libctru.a(ndsp.o)
                                          0x1 (size before relaxing)
 .rodata.ndspInit.str1.4
                0x0000000000122140        0x8 C:/devkitPro/libctru/lib\libctru.a(ndsp.o)
 .rodata.dsp_filename.0
                0x0000000000122148       0x11 C:/devkitPro/libctru/lib\libctru.a(ndsp.o)
 *fill*         0x0000000000122159        0x3 
 .rodata.cfguInit.str1.4
                0x000000000012215c       0x16 C:/devkitPro/libctru/lib\libctru.a(cfgu.o)
 *fill*         0x0000000000122172        0x2 
 .rodata.dspInit.str1.4
                0x0000000000122174        0x9 C:/devkitPro/libctru/lib\libctru.a(dsp.o)
 *fill*         0x000000000012217d        0x3 
 .rodata.gspInit.str1.4
                0x0000000000122180        0x9 C:/devkitPro/libctru/lib\libctru.a(gspgpu.o)
 *fill*         0x0000000000122189        0x3 
 .rodata.aptSendCommand.str1.4
                0x000000000012218c       0x16 C:/devkitPro/libctru/lib\libctru.a(apt.o)
 *fill*         0x00000000001221a2        0x2 
 .rodata.morton_x.3
                0x00000000001221a4        0x8 C:/devkitPro/libctru/lib\libctru.a(apt.o)
 .rodata.morton_y.2
                0x00000000001221ac        0x8 C:/devkitPro/libctru/lib\libctru.a(apt.o)
 .rodata.s_sleepWakeEvents.4
                0x00000000001221b4        0x8 C:/devkitPro/libctru/lib\libctru.a(apt.o)
 .rodata.hidInit.str1.4
                0x00000000001221bc       0x15 C:/devkitPro/libctru/lib\libctru.a(hid.o)
 *fill*         0x00000000001221d1        0x3 
 .rodata.fsInit.str1.4
                0x00000000001221d4        0x8 C:/devkitPro/libctru/lib\libctru.a(fs.o)
 .rodata.default_font_bin
                0x00000000001221dc      0x800 C:/devkitPro/libctru/lib\libctru.a(default_font.bin.o)
                0x00000000001221dc                default_font_bin
                0x00000000001229dc                default_font_bin_end
 .rodata.srvInit.str1.4
                0x00000000001229dc        0x5 C:/devkitPro/libctru/lib\libctru.a(srv.o)
 *fill*         0x00000000001229e1        0x3 
 .rodata.irrstInit.str1.4
                0x00000000001229e4        0x7 C:/devkitPro/libctru/lib\libctru.a(irrst.o)
 *fill*         0x00000000001229eb        0x1 
 .rodata.ptmSysmInit.str1.4
                0x00000000001229ec        0x9 C:/devkitPro/libctru/lib\libctru.a(ptmsysm.o)
 *fill*         0x00000000001229f5        0x3 
 .rodata.str1.4
                0x00000000001229f8        0x8 C:/devkitPro/libctru/lib\libctru.a(archive_dev.o)
                                          0xc (size before relaxing)
 .rodata._archiveUnmountDeviceStruct.part.0.str1.4
                0x0000000000122a00        0x2 C:/devkitPro/libctru/lib\libctru.a(archive_dev.o)
 *fill*         0x0000000000122a02        0x2 
 .rodata._archiveMountDevice.str1.4
                0x0000000000122a04        0x8 C:/devkitPro/libctru/lib\libctru.a(archive_dev.o)
 .rodata.archiveMountSdmc.str1.4
                0x0000000000122a0c        0x5 C:/devkitPro/libctru/lib\libctru.a(archive_dev.o)
 *fill*         0x0000000000122a11        0x3 
 .rodata.archive_devoptab
                0x0000000000122a14       0x70 C:/devkitPro/libctru/lib\libctru.a(archive_dev.o)
 .rodata.error_table
                0x0000000000122a84       0x30 C:/devkitPro/libctru/lib\libctru.a(archive_dev.o)
 .rodata._global_impure_ptr
                0x0000000000122ab4        0x4 c:/devkitpro/devkitarm/bin/../lib/gcc/arm-none-eabi/10.2.0/../../../../arm-none-eabi/lib/armv6k/fpu\libg.a(lib_a-impure.o)
                0x0000000000122ab4                _global_impure_ptr
 .rodata._puts_r.str1.4
                0x0000000000122ab8        0x2 c:/devkitpro/devkitarm/bin/../lib/gcc/arm-none-eabi/10.2.0/../../../../arm-none-eabi/lib/armv6k/fpu\libg.a(lib_a-puts.o)
 .rodata.__ssvfscanf_r.str1.1
                0x0000000000122aba        0x5 c:/devkitpro/devkitarm/bin/../lib/gcc/arm-none-eabi/10.2.0/../../../../arm-none-eabi/lib/armv6k/fpu\libg.a(lib_a-svfscanf.o)
                                          0x6 (size before relaxing)
 *fill*         0x0000000000122abf        0x1 
 .rodata.basefix.0
                0x0000000000122ac0       0x22 c:/devkitpro/devkitarm/bin/../lib/gcc/arm-none-eabi/10.2.0/../../../../arm-none-eabi/lib/armv6k/fpu\libg.a(lib_a-svfscanf.o)
 .rodata._vfiprintf_r.str1.1
                0x0000000000122ae2       0x29 c:/devkitpro/devkitarm/bin/../lib/gcc/arm-none-eabi/10.2.0/../../../../arm-none-eabi/lib/armv6k/fpu\libg.a(lib_a-vfiprintf.o)
 *fill*         0x0000000000122b0b        0x1 
 .rodata.blanks.1
                0x0000000000122b0c       0x10 c:/devkitpro/devkitarm/bin/../lib/gcc/arm-none-eabi/10.2.0/../../../../arm-none-eabi/lib/armv6k/fpu\libg.a(lib_a-vfiprintf.o)
 .rodata.zeroes.0
                0x0000000000122b1c       0x10 c:/devkitpro/devkitarm/bin/../lib/gcc/arm-none-eabi/10.2.0/../../../../arm-none-eabi/lib/armv6k/fpu\libg.a(lib_a-vfiprintf.o)
 .rodata._ctype_
                0x0000000000122b2c      0x101 c:/devkitpro/devkitarm/bin/../lib/gcc/arm-none-eabi/10.2.0/../../../../arm-none-eabi/lib/armv6k/fpu\libg.a(lib_a-ctype_.o)
                0x0000000000122b2c                _ctype_
 *fill*         0x0000000000122c2d        0x3 
 .rodata.str1.4
                0x0000000000122c30       0x48 c:/devkitpro/devkitarm/bin/../lib/gcc/arm-none-eabi/10.2.0/../../../../arm-none-eabi/lib/armv6k/fpu\libg.a(lib_a-locale.o)
                                         0x4c (size before relaxing)
 .rodata._mbrtowc_r.str1.4
                0x0000000000122c78        0x1 c:/devkitpro/devkitarm/bin/../lib/gcc/arm-none-eabi/10.2.0/../../../../arm-none-eabi/lib/armv6k/fpu\libg.a(lib_a-mbrtowc.o)
 .rodata._strtod_l.str1.4
                0x0000000000122c78        0xf c:/devkitpro/devkitarm/bin/../lib/gcc/arm-none-eabi/10.2.0/../../../../arm-none-eabi/lib/armv6k/fpu\libg.a(lib_a-strtod.o)
                                         0x11 (size before relaxing)
 *fill*         0x0000000000122c87        0x1 
 .rodata.fpi.1  0x0000000000122c88       0x14 c:/devkitpro/devkitarm/bin/../lib/gcc/arm-none-eabi/10.2.0/../../../../arm-none-eabi/lib/armv6k/fpu\libg.a(lib_a-strtod.o)
 .rodata.fpinan.0
                0x0000000000122c9c       0x14 c:/devkitpro/devkitarm/bin/../lib/gcc/arm-none-eabi/10.2.0/../../../../arm-none-eabi/lib/armv6k/fpu\libg.a(lib_a-strtod.o)
 .rodata.tinytens
                0x0000000000122cb0       0x28 c:/devkitpro/devkitarm/bin/../lib/gcc/arm-none-eabi/10.2.0/../../../../arm-none-eabi/lib/armv6k/fpu\libg.a(lib_a-strtod.o)
 .rodata.__action_table
                0x0000000000122cd8       0x6c c:/devkitpro/devkitarm/bin/../lib/gcc/arm-none-eabi/10.2.0/../../../../arm-none-eabi/lib/armv6k/fpu\libg.a(lib_a-svfiprintf.o)
                0x0000000000122cd8                __action_table
 .rodata.__chclass
                0x0000000000122d44      0x100 c:/devkitpro/devkitarm/bin/../lib/gcc/arm-none-eabi/10.2.0/../../../../arm-none-eabi/lib/armv6k/fpu\libg.a(lib_a-svfiprintf.o)
                0x0000000000122d44                __chclass
 .rodata.__state_table
                0x0000000000122e44       0x6c c:/devkitpro/devkitarm/bin/../lib/gcc/arm-none-eabi/10.2.0/../../../../arm-none-eabi/lib/armv6k/fpu\libg.a(lib_a-svfiprintf.o)
                0x0000000000122e44                __state_table
 .rodata._svfprintf_r.str1.1
                0x0000000000122eb0       0x12 c:/devkitpro/devkitarm/bin/../lib/gcc/arm-none-eabi/10.2.0/../../../../arm-none-eabi/lib/armv6k/fpu\libg.a(lib_a-svfprintf.o)
                                         0x3b (size before relaxing)
 *fill*         0x0000000000122ec2        0x2 
 .rodata.blanks.1
                0x0000000000122ec4       0x10 c:/devkitpro/devkitarm/bin/../lib/gcc/arm-none-eabi/10.2.0/../../../../arm-none-eabi/lib/armv6k/fpu\libg.a(lib_a-svfprintf.o)
 .rodata.zeroes.0
                0x0000000000122ed4       0x10 c:/devkitpro/devkitarm/bin/../lib/gcc/arm-none-eabi/10.2.0/../../../../arm-none-eabi/lib/armv6k/fpu\libg.a(lib_a-svfprintf.o)
 .rodata._dtoa_r.str1.4
                0x0000000000122ee4       0x67 c:/devkitpro/devkitarm/bin/../lib/gcc/arm-none-eabi/10.2.0/../../../../arm-none-eabi/lib/armv6k/fpu\libg.a(lib_a-dtoa.o)