Archive member included to satisfy reference by file (symbol)

C:/devkitPro/libctru/lib\libcitro2d.a(base.o)
                              main.o (C2D_Init)
C:/devkitPro/libctru/lib\libcitro2d.a(text.o)
                              main.o (C2D_TextBufNew)
C:/devkitPro/libctru/lib\libcitro2d.a(spritesheet.o)
                              main.o (C2D_SpriteSheetLoad)
C:/devkitPro/libctru/lib\libcitro2d.a(font.o)
                              C:/devkitPro/libctru/lib\libcitro2d.a(text.o) (C2D_FontGlyphIndexFromCodePoint)
C:/devkitPro/libctru/lib\libcitro2d.a(render2d.shbin.o)
                              C:/devkitPro/libctru/lib\libcitro2d.a(base.o) (render2d_shbin)
C:/devkitPro/libctru/lib\libcitro3d.a(base.o)
                              main.o (C3D_Init)
C:/devkitPro/libctru/lib\libcitro3d.a(renderqueue.o)
                              C:/devkitPro/libctru/lib\libcitro3d.a(base.o) (C3Di_RenderQueueEnableVBlank)
C:/devkitPro/libctru/lib\libcitro3d.a(texture.o)
                              C:/devkitPro/libctru/lib\libcitro2d.a(base.o) (C3D_TexBind)
C:/devkitPro/libctru/lib\libcitro3d.a(tex3ds.o)
                              C:/devkitPro/libctru/lib\libcitro2d.a(spritesheet.o) (Tex3DS_TextureImport)
C:/devkitPro/libctru/lib\libcitro3d.a(framebuffer.o)
                              C:/devkitPro/libctru/lib\libcitro3d.a(renderqueue.o) (C3D_CalcColorBufSize)
C:/devkitPro/libctru/lib\libcitro3d.a(texenv.o)
                              C:/devkitPro/libctru/lib\libcitro2d.a(base.o) (C3D_GetTexEnv)
C:/devkitPro/libctru/lib\libcitro3d.a(proctex.o)
                              C:/devkitPro/libctru/lib\libcitro2d.a(base.o) (C3D_ProcTexInit)
C:/devkitPro/libctru/lib\libcitro3d.a(buffers.o)
                              C:/devkitPro/libctru/lib\libcitro2d.a(base.o) (BufInfo_Init)
C:/devkitPro/libctru/lib\libcitro3d.a(drawArrays.o)
                              C:/devkitPro/libctru/lib\libcitro2d.a(base.o) (C3D_DrawArrays)
C:/devkitPro/libctru/lib\libcitro3d.a(effect.o)
                              C:/devkitPro/libctru/lib\libcitro3d.a(base.o) (C3D_DepthMap)
C:/devkitPro/libctru/lib\libcitro3d.a(attribs.o)
                              C:/devkitPro/libctru/lib\libcitro2d.a(base.o) (AttrInfo_Init)
C:/devkitPro/libctru/lib\libcitro3d.a(immediate.o)
                              C:/devkitPro/libctru/lib\libcitro3d.a(base.o) (C3D_ImmSendAttrib)
C:/devkitPro/libctru/lib\libcitro3d.a(uniforms.o)
                              C:/devkitPro/libctru/lib\libcitro3d.a(base.o) (C3D_UpdateUniforms)
C:/devkitPro/libctru/lib\libcitro3d.a(mtx_ortho.o)
                              C:/devkitPro/libctru/lib\libcitro2d.a(base.o) (Mtx_Ortho)
C:/devkitPro/libctru/lib\libcitro3d.a(mtx_scale.o)
                              C:/devkitPro/libctru/lib\libcitro2d.a(base.o) (Mtx_Scale)
C:/devkitPro/libctru/lib\libcitro3d.a(mtx_multiply.o)
                              C:/devkitPro/libctru/lib\libcitro2d.a(base.o) (Mtx_Multiply)
C:/devkitPro/libctru/lib\libcitro3d.a(mtx_orthotilt.o)
                              C:/devkitPro/libctru/lib\libcitro2d.a(base.o) (Mtx_OrthoTilt)
C:/devkitPro/libctru/lib\libcitro3d.a(mtx_translate.o)
                              C:/devkitPro/libctru/lib\libcitro2d.a(base.o) (Mtx_Translate)
C:/devkitPro/libctru/lib\libcitro3d.a(mtx_rotatez.o)
                              C:/devkitPro/libctru/lib\libcitro2d.a(base.o) (Mtx_RotateZ)
C:/devkitPro/libctru/lib\libctru.a(vram.o)
                              C:/devkitPro/libctru/lib\libcitro3d.a(renderqueue.o) (vramAlloc)
C:/devkitPro/libctru/lib\libctru.a(linear.o)
                              C:/devkitPro/libctru/lib\libcitro2d.a(base.o) (linearAlloc)
C:/devkitPro/libctru/lib\libctru.a(mem_pool.o)
                              C:/devkitPro/libctru/lib\libctru.a(vram.o) (MemPool::Allocate(MemChunk&, unsigned long, int))
C:/devkitPro/libctru/lib\libctru.a(romfs_dev.o)
                              main.o (romfsMountSelf)
C:/devkitPro/libctru/lib\libctru.a(os.o)
                              C:/devkitPro/libctru/lib\libcitro3d.a(texture.o) (osConvertVirtToPhys)
C:/devkitPro/libctru/lib\libctru.a(path_buf.o)
                              C:/devkitPro/libctru/lib\libctru.a(romfs_dev.o) (__ctru_dev_utf16_buf)
C:/devkitPro/libctru/lib\libctru.a(font.o)
                              C:/devkitPro/libctru/lib\libcitro2d.a(text.o) (fontEnsureMapped)
C:/devkitPro/libctru/lib\libctru.a(gfx.o)
                              C:/devkitPro/libctru/lib\libcitro2d.a(base.o) (gfxIsWide)
C:/devkitPro/libctru/lib\libctru.a(shaderProgram.o)
                              C:/devkitPro/libctru/lib\libcitro2d.a(base.o) (shaderInstanceGetUniformLocation)
C:/devkitPro/libctru/lib\libctru.a(shbin.o)
                              C:/devkitPro/libctru/lib\libcitro2d.a(base.o) (DVLB_ParseFile)
C:/devkitPro/libctru/lib\libctru.a(gx.o)
                              C:/devkitPro/libctru/lib\libcitro3d.a(renderqueue.o) (GX_BindQueue)
C:/devkitPro/libctru/lib\libctru.a(gxqueue.o)
[...]
Memory Configuration

Name             Origin             Length             Attributes
*default*        0x0000000000000000 0xffffffffffffffff

Linker script and memory map

                0x0000000000100000                PROVIDE (__start__ = 0x100000)
                0x0000000000100000                . = __start__

.text           0x0000000000100000    0x22db0
 *(.crt0)
 .crt0          0x0000000000100000       0x94 c:/devkitpro/devkitarm/bin/../lib/gcc/arm-none-eabi/10.2.0/../../../../arm-none-eabi/lib/armv6k/fpu/3dsx_crt0.o
                0x0000000000100000                _start
                0x0000000000100008                __service_ptr
                0x000000000010000c                __apt_appid
                0x0000000000100010                __heap_size
                0x0000000000100014                __linear_heap_size
                0x0000000000100018                __system_arglist
                0x000000000010001c                __system_runflags
 *(.init)
 .init          0x0000000000100094        0xc c:/devkitpro/devkitarm/bin/../lib/gcc/arm-none-eabi/10.2.0/armv6k/fpu/crti.o
                0x0000000000100094                _init
 .init          0x00000000001000a0        0xc c:/devkitpro/devkitarm/bin/../lib/gcc/arm-none-eabi/10.2.0/armv6k/fpu/crtn.o
                0x00000000001000ac                . = ALIGN (0x4)
 *(.text)
 .text          0x00000000001000ac      0x20c c:/devkitpro/devkitarm/bin/../lib/gcc/arm-none-eabi/10.2.0/armv6k/fpu\libgcc.a(_udivsi3.o)
                0x00000000001000ac                __aeabi_uidiv
                0x00000000001000ac                __udivsi3
                0x0000000000100298                __aeabi_uidivmod
 .text          0x00000000001002b8      0x240 c:/devkitpro/devkitarm/bin/../lib/gcc/arm-none-eabi/10.2.0/armv6k/fpu\libgcc.a(_divsi3.o)
                0x00000000001002b8                __divsi3
                0x00000000001002b8                __aeabi_idiv
                0x00000000001004d8                __aeabi_idivmod
 .text          0x00000000001004f8        0x4 c:/devkitpro/devkitarm/bin/../lib/gcc/arm-none-eabi/10.2.0/armv6k/fpu\libgcc.a(_dvmd_tls.o)
                0x00000000001004f8                __aeabi_idiv0
                0x00000000001004f8                __aeabi_ldiv0
 .text          0x00000000001004fc      0x3c0 c:/devkitpro/devkitarm/bin/../lib/gcc/arm-none-eabi/10.2.0/armv6k/fpu\libgcc.a(_arm_addsubdf3.o)
                0x00000000001004fc                __aeabi_drsub
                0x0000000000100504                __aeabi_dsub
                0x0000000000100504                __subdf3
                0x0000000000100508                __aeabi_dadd
                0x0000000000100508                __adddf3
                0x00000000001007b4                __floatunsidf
                0x00000000001007b4                __aeabi_ui2d
                0x00000000001007d8                __floatsidf
                0x00000000001007d8                __aeabi_i2d
                0x0000000000100800                __aeabi_f2d
                0x0000000000100800                __extendsfdf2
                0x0000000000100848                __floatundidf
                0x0000000000100848                __aeabi_ul2d
                0x000000000010085c                __floatdidf
                0x000000000010085c                __aeabi_l2d
 .text          0x00000000001008bc       0xd4 c:/devkitpro/devkitarm/bin/../lib/gcc/arm-none-eabi/10.2.0/armv6k/fpu\libgcc.a(_aeabi_ldivmod.o)
                0x00000000001008bc                __aeabi_ldivmod
 .text          0x0000000000100990       0x3c c:/devkitpro/devkitarm/bin/../lib/gcc/arm-none-eabi/10.2.0/armv6k/fpu\libgcc.a(_aeabi_uldivmod.o)
                0x0000000000100990                __aeabi_uldivmod
 *fill*         0x00000000001009cc       0x14 
 .text          0x00000000001009e0      0x390 c:/devkitpro/devkitarm/bin/../lib/gcc/arm-none-eabi/10.2.0/../../../../arm-none-eabi/lib/armv6k/fpu\libg.a(lib_a-strcmp.o)
                0x00000000001009e8                strcmp
 *(.text.*)
 .text.__do_global_dtors_aux
                0x0000000000100d70       0x40 c:/devkitpro/devkitarm/bin/../lib/gcc/arm-none-eabi/10.2.0/armv6k/fpu/crtbegin.o
 .text.frame_dummy
                0x0000000000100db0       0x2c c:/devkitpro/devkitarm/bin/../lib/gcc/arm-none-eabi/10.2.0/armv6k/fpu/crtbegin.o
 *fill*         0x0000000000100ddc        0x4 
 .text.startup.main
                0x0000000000100de0      0x860 main.o
                0x0000000000100de0                main
 .text.C2Di_FrameEndHook
                0x0000000000101640       0x34 C:/devkitPro/libctru/lib\libcitro2d.a(base.o)
 *fill*         0x0000000000101674        0x4 
 .text.C2D_Init
                0x0000000000101678      0x330 C:/devkitPro/libctru/lib\libcitro2d.a(base.o)
                0x0000000000101678                C2D_Init
 .text.C2D_Fini
                0x00000000001019a8       0x44 C:/devkitPro/libctru/lib\libcitro2d.a(base.o)
                0x00000000001019a8                C2D_Fini
 .text.C2D_Prepare
                0x00000000001019ec       0xd0 C:/devkitPro/libctru/lib\libcitro2d.a(base.o)
                0x00000000001019ec                C2D_Prepare
 .text.C2D_Flush
                0x0000000000101abc       0x3c C:/devkitPro/libctru/lib\libcitro2d.a(base.o)
                0x0000000000101abc                C2D_Flush
 .text.C2D_SceneSize
                0x0000000000101af8      0x108 C:/devkitPro/libctru/lib\libcitro2d.a(base.o)
                0x0000000000101af8                C2D_SceneSize
 .text.C2D_CreateScreenTarget
                0x0000000000101c00       0x58 C:/devkitPro/libctru/lib\libcitro2d.a(base.o)
                0x0000000000101c00                C2D_CreateScreenTarget
 .text.C2D_TargetClear
                0x0000000000101c58       0x58 C:/devkitPro/libctru/lib\libcitro2d.a(base.o)
                0x0000000000101c58                C2D_TargetClear
 .text.C2Di_CalcQuad
                0x0000000000101cb0      0x13c C:/devkitPro/libctru/lib\libcitro2d.a(base.o)
                0x0000000000101cb0                C2Di_CalcQuad
 .text.C2Di_AppendVtx
                0x0000000000101dec       0x40 C:/devkitPro/libctru/lib\libcitro2d.a(base.o)
                0x0000000000101dec                C2Di_AppendVtx
 .text.C2Di_Update
                0x0000000000101e2c      0x22c C:/devkitPro/libctru/lib\libcitro2d.a(base.o)
                0x0000000000101e2c                C2Di_Update
 .text.C2D_DrawImage
                0x0000000000102058      0x2f8 C:/devkitPro/libctru/lib\libcitro2d.a(base.o)
                0x0000000000102058                C2D_DrawImage
 .text.C2Di_GlyphComp
                0x0000000000102350       0x18 C:/devkitPro/libctru/lib\libcitro2d.a(text.o)
 .text.C2Di_CalcLineWidths
                0x0000000000102368      0x140 C:/devkitPro/libctru/lib\libcitro2d.a(text.o)
 .text.C2D_TextBufNew
                0x00000000001024a8      0x1d0 C:/devkitPro/libctru/lib\libcitro2d.a(text.o)
                0x00000000001024a8                C2D_TextBufNew
 .text.C2D_TextBufClear
                0x0000000000102678        0xc C:/devkitPro/libctru/lib\libcitro2d.a(text.o)
                0x0000000000102678                C2D_TextBufClear
 .text.C2D_TextFontParseLine
                0x0000000000102684      0x1c8 C:/devkitPro/libctru/lib\libcitro2d.a(text.o)
                0x0000000000102684                C2D_TextFontParseLine
 .text.C2D_TextFontParse
                0x000000000010284c       0xa8 C:/devkitPro/libctru/lib\libcitro2d.a(text.o)
                0x000000000010284c                C2D_TextFontParse
 .text.C2D_TextParse
                0x00000000001028f4       0x14 C:/devkitPro/libctru/lib\libcitro2d.a(text.o)
                0x00000000001028f4                C2D_TextParse
 .text.C2D_TextOptimize
                0x0000000000102908       0x30 C:/devkitPro/libctru/lib\libcitro2d.a(text.o)
                0x0000000000102908                C2D_TextOptimize
 .text.C2D_DrawText
                0x0000000000102938     0x10d4 C:/devkitPro/libctru/lib\libcitro2d.a(text.o)
                0x0000000000102938                C2D_DrawText
 .text.C2D_SpriteSheetLoadFromHandle
                0x0000000000103a0c       0x6c C:/devkitPro/libctru/lib\libcitro2d.a(spritesheet.o)
                0x0000000000103a0c                C2D_SpriteSheetLoadFromHandle
 .text.C2D_SpriteSheetLoad
                0x0000000000103a78       0x48 C:/devkitPro/libctru/lib\libcitro2d.a(spritesheet.o)
                0x0000000000103a78                C2D_SpriteSheetLoad
 .text.C2D_SpriteSheetFree
                0x0000000000103ac0       0x28 C:/devkitPro/libctru/lib\libcitro2d.a(spritesheet.o)
                0x0000000000103ac0                C2D_SpriteSheetFree
 .text.C2D_SpriteSheetGetImage
                0x0000000000103ae8       0x2c C:/devkitPro/libctru/lib\libcitro2d.a(spritesheet.o)
                0x0000000000103ae8                C2D_SpriteSheetGetImage
 .text.C2D_FontGlyphIndexFromCodePoint
                0x0000000000103b14       0x44 C:/devkitPro/libctru/lib\libcitro2d.a(font.o)
                0x0000000000103b14                C2D_FontGlyphIndexFromCodePoint
 .text.C2D_FontCalcGlyphPos
                0x0000000000103b58       0x78 C:/devkitPro/libctru/lib\libcitro2d.a(font.o)
                0x0000000000103b58                C2D_FontCalcGlyphPos
 .text.C3Di_LightEnvUpdate
                0x0000000000103bd0        0x4 C:/devkitPro/libctru/lib\libcitro3d.a(base.o)
                0x0000000000103bd0                C3Di_LightEnvUpdate
 .text.C3Di_LightEnvDirty
                0x0000000000103bd4        0x4 C:/devkitPro/libctru/lib\libcitro3d.a(base.o)
                0x0000000000103bd4                C3Di_LightEnvDirty
 .text.C3Di_AptEventHook
                0x0000000000103bd8       0xb4 C:/devkitPro/libctru/lib\libcitro3d.a(base.o)
 .text.C3Di_GasUpdate
                0x0000000000103c8c        0x4 C:/devkitPro/libctru/lib\libcitro3d.a(base.o)
                0x0000000000103c8c                C3Di_GasUpdate
 .text.C3D_Init
                0x0000000000103c90      0x1e0 C:/devkitPro/libctru/lib\libcitro3d.a(base.o)
                0x0000000000103c90                C3D_Init
 .text.C3D_SetViewport
                0x0000000000103e70       0x98 C:/devkitPro/libctru/lib\libcitro3d.a(base.o)
                0x0000000000103e70                C3D_SetViewport
 .text.C3Di_UpdateContext
                0x0000000000103f08      0x4ec C:/devkitPro/libctru/lib\libcitro3d.a(base.o)
                0x0000000000103f08                C3Di_UpdateContext
 .text.C3Di_SplitFrame
                0x00000000001043f4       0xe0 C:/devkitPro/libctru/lib\libcitro3d.a(base.o)
                0x00000000001043f4                C3Di_SplitFrame
 .text.C3D_GetCmdBufUsage
                0x00000000001044d4       0x10 C:/devkitPro/libctru/lib\libcitro3d.a(base.o)
                0x00000000001044d4                C3D_GetCmdBufUsage
 .text.C3D_Fini
                0x00000000001044e4       0x44 C:/devkitPro/libctru/lib\libcitro3d.a(base.o)
                0x00000000001044e4                C3D_Fini
 .text.C3D_BindProgram
                0x0000000000104528      0x108 C:/devkitPro/libctru/lib\libcitro3d.a(base.o)
                0x0000000000104528                C3D_BindProgram
 .text.onVBlank0
                0x0000000000104630       0x4c C:/devkitPro/libctru/lib\libcitro3d.a(renderqueue.o)
 .text.onVBlank1
                0x000000000010467c       0x4c C:/devkitPro/libctru/lib\libcitro3d.a(renderqueue.o)
 .text.C3Di_RenderTargetDestroy
                0x00000000001046c8       0x80 C:/devkitPro/libctru/lib\libcitro3d.a(renderqueue.o)
 .text.onQueueFinish
                0x0000000000104748       0xf4 C:/devkitPro/libctru/lib\libcitro3d.a(renderqueue.o)
 .text.C3Di_RenderQueueEnableVBlank
                0x000000000010483c       0x38 C:/devkitPro/libctru/lib\libcitro3d.a(renderqueue.o)
                0x000000000010483c                C3Di_RenderQueueEnableVBlank
 .text.C3Di_RenderQueueDisableVBlank
                0x0000000000104874       0x30 C:/devkitPro/libctru/lib\libcitro3d.a(renderqueue.o)
                0x0000000000104874                C3Di_RenderQueueDisableVBlank
 .text.C3Di_RenderQueueInit
                0x00000000001048a4       0x60 C:/devkitPro/libctru/lib\libcitro3d.a(renderqueue.o)
                0x00000000001048a4                C3Di_RenderQueueInit
 .text.C3Di_RenderQueueExit
                0x0000000000104904       0xb0 C:/devkitPro/libctru/lib\libcitro3d.a(renderqueue.o)
                0x0000000000104904                C3Di_RenderQueueExit
 .text.C3Di_RenderQueueWaitDone
                0x00000000001049b4       0x34 C:/devkitPro/libctru/lib\libcitro3d.a(renderqueue.o)
                0x00000000001049b4                C3Di_RenderQueueWaitDone
 .text.C3D_FrameBegin
                0x00000000001049e8       0xe4 C:/devkitPro/libctru/lib\libcitro3d.a(renderqueue.o)
                0x00000000001049e8                C3D_FrameBegin
 .text.C3D_FrameDrawOn
                0x0000000000104acc       0x48 C:/devkitPro/libctru/lib\libcitro3d.a(renderqueue.o)
                0x0000000000104acc                C3D_FrameDrawOn
 .text.C3D_FrameSplit
                0x0000000000104b14       0x58 C:/devkitPro/libctru/lib\libcitro3d.a(renderqueue.o)
                0x0000000000104b14                C3D_FrameSplit
 .text.C3D_FrameEnd
                0x0000000000104b6c      0x1d8 C:/devkitPro/libctru/lib\libcitro3d.a(renderqueue.o)
                0x0000000000104b6c                C3D_FrameEnd
 .text.C3D_FrameEndHook
                0x0000000000104d44       0x1c C:/devkitPro/libctru/lib\libcitro3d.a(renderqueue.o)
                0x0000000000104d44                C3D_FrameEndHook
 .text.C3D_GetDrawingTime
                0x0000000000104d60       0x18 C:/devkitPro/libctru/lib\libcitro3d.a(renderqueue.o)
                0x0000000000104d60                C3D_GetDrawingTime
 .text.C3D_GetProcessingTime
                0x0000000000104d78       0x18 C:/devkitPro/libctru/lib\libcitro3d.a(renderqueue.o)
                0x0000000000104d78                C3D_GetProcessingTime
 .text.C3D_RenderTargetCreate
                0x0000000000104d90      0x128 C:/devkitPro/libctru/lib\libcitro3d.a(renderqueue.o)
                0x0000000000104d90                C3D_RenderTargetCreate
 .text.C3D_RenderTargetSetOutput
                0x0000000000104eb8       0xa8 C:/devkitPro/libctru/lib\libcitro3d.a(renderqueue.o)
                0x0000000000104eb8                C3D_RenderTargetSetOutput
 .text.C3D_SyncTextureCopy
                0x0000000000104f60       0xfc C:/devkitPro/libctru/lib\libcitro3d.a(renderqueue.o)
                0x0000000000104f60                C3D_SyncTextureCopy
 .text.C3D_TexInitWithParams
                0x000000000010505c      0x2a0 C:/devkitPro/libctru/lib\libcitro3d.a(texture.o)
                0x000000000010505c                C3D_TexInitWithParams
 .text.C3D_TexLoadImage
                0x00000000001052fc       0xc8 C:/devkitPro/libctru/lib\libcitro3d.a(texture.o)
                0x00000000001052fc                C3D_TexLoadImage
 .text.C3D_TexBind
                0x00000000001053c4       0x44 C:/devkitPro/libctru/lib\libcitro3d.a(texture.o)
                0x00000000001053c4                C3D_TexBind
 .text.C3D_TexDelete
                0x0000000000105408       0x74 C:/devkitPro/libctru/lib\libcitro3d.a(texture.o)
                0x0000000000105408                C3D_TexDelete
 .text.C3Di_SetTex
                0x000000000010547c      0x16c C:/devkitPro/libctru/lib\libcitro3d.a(texture.o)
                0x000000000010547c                C3Di_SetTex
 .text.Tex3DSi_ImportCommon
                0x00000000001055e8      0x3f4 C:/devkitPro/libctru/lib\libcitro3d.a(tex3ds.o)
 .text.Tex3DS_TextureImportStdio
                0x00000000001059dc       0x38 C:/devkitPro/libctru/lib\libcitro3d.a(tex3ds.o)
                0x00000000001059dc                Tex3DS_TextureImportStdio
 .text.Tex3DS_GetSubTexture
                0x0000000000105a14       0x1c C:/devkitPro/libctru/lib\libcitro3d.a(tex3ds.o)
                0x0000000000105a14                Tex3DS_GetSubTexture
 .text.Tex3DS_TextureFree
                0x0000000000105a30        0x4 C:/devkitPro/libctru/lib\libcitro3d.a(tex3ds.o)
                0x0000000000105a30                Tex3DS_TextureFree
 .text.C3D_CalcColorBufSize
                0x0000000000105a34       0x1c C:/devkitPro/libctru/lib\libcitro3d.a(framebuffer.o)
                0x0000000000105a34                C3D_CalcColorBufSize
 .text.C3D_CalcDepthBufSize
                0x0000000000105a50       0x1c C:/devkitPro/libctru/lib\libcitro3d.a(framebuffer.o)
                0x0000000000105a50                C3D_CalcDepthBufSize
 .text.C3D_SetFrameBuf
                0x0000000000105a6c       0x44 C:/devkitPro/libctru/lib\libcitro3d.a(framebuffer.o)
                0x0000000000105a6c                C3D_SetFrameBuf
 .text.C3Di_FrameBufBind
                0x0000000000105ab0      0x16c C:/devkitPro/libctru/lib\libcitro3d.a(framebuffer.o)
                0x0000000000105ab0                C3Di_FrameBufBind
 .text.C3D_FrameBufClear
                0x0000000000105c1c       0xcc C:/devkitPro/libctru/lib\libcitro3d.a(framebuffer.o)
                0x0000000000105c1c                C3D_FrameBufClear
 .text.C3D_FrameBufTransfer
                0x0000000000105ce8       0x44 C:/devkitPro/libctru/lib\libcitro3d.a(framebuffer.o)
                0x0000000000105ce8                C3D_FrameBufTransfer
 .text.C3D_GetTexEnv
                0x0000000000105d2c       0x34 C:/devkitPro/libctru/lib\libcitro3d.a(texenv.o)
                0x0000000000105d2c                C3D_GetTexEnv
 .text.C3Di_TexEnvBind
                0x0000000000105d60       0x24 C:/devkitPro/libctru/lib\libcitro3d.a(texenv.o)
                0x0000000000105d60                C3Di_TexEnvBind
 .text.C3D_ProcTexInit
                0x0000000000105d84       0x70 C:/devkitPro/libctru/lib\libcitro3d.a(proctex.o)
                0x0000000000105d84                C3D_ProcTexInit
 .text.C3D_ProcTexBind
                0x0000000000105df4       0x54 C:/devkitPro/libctru/lib\libcitro3d.a(proctex.o)
                0x0000000000105df4                C3D_ProcTexBind
 .text.C3D_ProcTexLutBind
                0x0000000000105e48       0x5c C:/devkitPro/libctru/lib\libcitro3d.a(proctex.o)
                0x0000000000105e48                C3D_ProcTexLutBind
 .text.ProcTexLut_FromArray
                0x0000000000105ea4       0xa4 C:/devkitPro/libctru/lib\libcitro3d.a(proctex.o)
                0x0000000000105ea4                ProcTexLut_FromArray
 .text.C3Di_ProcTexUpdate
                0x0000000000105f48      0x17c C:/devkitPro/libctru/lib\libcitro3d.a(proctex.o)
                0x0000000000105f48                C3Di_ProcTexUpdate
 .text.C3Di_ProcTexDirty
                0x00000000001060c4       0x68 C:/devkitPro/libctru/lib\libcitro3d.a(proctex.o)
                0x00000000001060c4                C3Di_ProcTexDirty
 .text.BufInfo_Init
                0x000000000010612c       0x24 C:/devkitPro/libctru/lib\libcitro3d.a(buffers.o)
                0x000000000010612c                BufInfo_Init
 .text.BufInfo_Add
                0x0000000000106150       0x80 C:/devkitPro/libctru/lib\libcitro3d.a(buffers.o)
                0x0000000000106150                BufInfo_Add
 .text.C3D_SetBufInfo
                0x00000000001061d0       0x40 C:/devkitPro/libctru/lib\libcitro3d.a(buffers.o)
                0x00000000001061d0                C3D_SetBufInfo
 .text.C3Di_BufInfoBind
                0x0000000000106210       0x48 C:/devkitPro/libctru/lib\libcitro3d.a(buffers.o)
                0x0000000000106210                C3Di_BufInfoBind
 .text.C3D_DrawArrays
                0x0000000000106258      0x148 C:/devkitPro/libctru/lib\libcitro3d.a(drawArrays.o)
                0x0000000000106258                C3D_DrawArrays
 .text.C3D_DepthMap
                0x00000000001063a0       0x40 C:/devkitPro/libctru/lib\libcitro3d.a(effect.o)
                0x00000000001063a0                C3D_DepthMap
 .text.C3D_CullFace
                0x00000000001063e0       0x1c C:/devkitPro/libctru/lib\libcitro3d.a(effect.o)
                0x00000000001063e0                C3D_CullFace
 .text.C3D_StencilTest
                0x00000000001063fc       0x40 C:/devkitPro/libctru/lib\libcitro3d.a(effect.o)
                0x00000000001063fc                C3D_StencilTest
 .text.C3D_StencilOp
                0x000000000010643c       0x24 C:/devkitPro/libctru/lib\libcitro3d.a(effect.o)
                0x000000000010643c                C3D_StencilOp
 .text.C3D_BlendingColor
                0x0000000000106460       0x1c C:/devkitPro/libctru/lib\libcitro3d.a(effect.o)
                0x0000000000106460                C3D_BlendingColor
 .text.C3D_EarlyDepthTest
                0x000000000010647c       0x24 C:/devkitPro/libctru/lib\libcitro3d.a(effect.o)
                0x000000000010647c                C3D_EarlyDepthTest
 .text.C3D_DepthTest
                0x00000000001064a0       0x2c C:/devkitPro/libctru/lib\libcitro3d.a(effect.o)
                0x00000000001064a0                C3D_DepthTest
 .text.C3D_AlphaTest
                0x00000000001064cc       0x2c C:/devkitPro/libctru/lib\libcitro3d.a(effect.o)
                0x00000000001064cc                C3D_AlphaTest
 .text.C3D_AlphaBlend
                0x00000000001064f8       0x50 C:/devkitPro/libctru/lib\libcitro3d.a(effect.o)
                0x00000000001064f8                C3D_AlphaBlend
 .text.C3D_FragOpMode
                0x0000000000106548       0x30 C:/devkitPro/libctru/lib\libcitro3d.a(effect.o)
                0x0000000000106548                C3D_FragOpMode
 .text.C3D_FragOpShadow
                0x0000000000106578       0x44 C:/devkitPro/libctru/lib\libcitro3d.a(effect.o)
                0x0000000000106578                C3D_FragOpShadow
 .text.C3Di_EffectBind
                0x00000000001065bc      0x1ac C:/devkitPro/libctru/lib\libcitro3d.a(effect.o)
                0x00000000001065bc                C3Di_EffectBind
 .text.AttrInfo_Init
                0x0000000000106768       0x28 C:/devkitPro/libctru/lib\libcitro3d.a(attribs.o)
                0x0000000000106768                AttrInfo_Init
 .text.AttrInfo_AddLoader
                0x0000000000106790       0x98 C:/devkitPro/libctru/lib\libcitro3d.a(attribs.o)
                0x0000000000106790                AttrInfo_AddLoader
 .text.C3D_SetAttrInfo
                0x0000000000106828       0x54 C:/devkitPro/libctru/lib\libcitro3d.a(attribs.o)
                0x0000000000106828                C3D_SetAttrInfo
 .text.C3Di_AttrInfoBind
                0x000000000010687c       0x80 C:/devkitPro/libctru/lib\libcitro3d.a(attribs.o)
                0x000000000010687c                C3Di_AttrInfoBind
 .text.C3D_ImmSendAttrib
                0x00000000001068fc       0xa8 C:/devkitPro/libctru/lib\libcitro3d.a(immediate.o)
                0x00000000001068fc                C3D_ImmSendAttrib
 .text.C3D_UpdateUniforms
                0x00000000001069a4      0x29c C:/devkitPro/libctru/lib\libcitro3d.a(uniforms.o)
                0x00000000001069a4                C3D_UpdateUniforms
 .text.C3Di_DirtyUniforms
                0x0000000000106c40       0xc0 C:/devkitPro/libctru/lib\libcitro3d.a(uniforms.o)
                0x0000000000106c40                C3Di_DirtyUniforms
 .text.C3Di_LoadShaderUniforms
                0x0000000000106d00       0xd8 C:/devkitPro/libctru/lib\libcitro3d.a(uniforms.o)
                0x0000000000106d00                C3Di_LoadShaderUniforms
 .text.C3Di_ClearShaderUniforms
                0x0000000000106dd8       0x28 C:/devkitPro/libctru/lib\libcitro3d.a(uniforms.o)
                0x0000000000106dd8                C3Di_ClearShaderUniforms
 .text.Mtx_Ortho
                0x0000000000106e00       0xcc C:/devkitPro/libctru/lib\libcitro3d.a(mtx_ortho.o)
                0x0000000000106e00                Mtx_Ortho
 .text.Mtx_OrthoTilt
                0x0000000000106ecc       0xcc C:/devkitPro/libctru/lib\libcitro3d.a(mtx_orthotilt.o)
                0x0000000000106ecc                Mtx_OrthoTilt
 .text._ZL21addrMapNodeComparatorPK11rbtree_nodeS1_
                0x0000000000106f98       0x24 C:/devkitPro/libctru/lib\libctru.a(vram.o)
 .text._ZL21addrMapNodeDestructorP11rbtree_node
                0x0000000000106fbc        0x4 C:/devkitPro/libctru/lib\libctru.a(vram.o)
 .text.vramMemAlign
                0x0000000000106fc0      0x114 C:/devkitPro/libctru/lib\libctru.a(vram.o)
                0x0000000000106fc0                vramMemAlign
 .text.vramAlloc
                0x00000000001070d4        0x8 C:/devkitPro/libctru/lib\libctru.a(vram.o)
                0x00000000001070d4                vramAlloc
 .text.vramFree
                0x00000000001070dc       0x5c C:/devkitPro/libctru/lib\libctru.a(vram.o)
                0x00000000001070dc                vramFree
 .text._ZL21addrMapNodeComparatorPK11rbtree_nodeS1_
                0x0000000000107138       0x24 C:/devkitPro/libctru/lib\libctru.a(linear.o)
 .text._ZL21addrMapNodeDestructorP11rbtree_node
                0x000000000010715c        0x4 C:/devkitPro/libctru/lib\libctru.a(linear.o)
 .text.linearMemAlign
                0x0000000000107160      0x120 C:/devkitPro/libctru/lib\libctru.a(linear.o)
                0x0000000000107160                linearMemAlign
 .text.linearAlloc
                0x0000000000107280        0x8 C:/devkitPro/libctru/lib\libctru.a(linear.o)
                0x0000000000107280                linearAlloc
 .text.linearFree
                0x0000000000107288       0x5c C:/devkitPro/libctru/lib\libctru.a(linear.o)
                0x0000000000107288                linearFree
 .text._ZN7MemPool13CoalesceRightEP8MemBlock
                0x00000000001072e4       0x84 C:/devkitPro/libctru/lib\libctru.a(mem_pool.o)
                0x00000000001072e4                MemPool::CoalesceRight(MemBlock*)
 .text._ZN7MemPool8AllocateER8MemChunkmi
                0x0000000000107368      0x170 C:/devkitPro/libctru/lib\libctru.a(mem_pool.o)
                0x0000000000107368                MemPool::Allocate(MemChunk&, unsigned long, int)
 .text._ZN7MemPool10DeallocateERK8MemChunk
                0x00000000001074d8       0xfc C:/devkitPro/libctru/lib\libctru.a(mem_pool.o)
                0x00000000001074d8                MemPool::Deallocate(MemChunk const&)
 .text.romfs_close
                0x00000000001075d4        0x8 C:/devkitPro/libctru/lib\libctru.a(romfs_dev.o)
 .text.romfs_seek
                0x00000000001075dc       0xc8 C:/devkitPro/libctru/lib\libctru.a(romfs_dev.o)
 .text.romfs_dirreset
                0x00000000001076a4       0x24 C:/devkitPro/libctru/lib\libctru.a(romfs_dev.o)
 .text.fill_dir
                0x00000000001076c8       0xc8 C:/devkitPro/libctru/lib\libctru.a(romfs_dev.o)
 .text.romfs_dirnext
                0x0000000000107790      0x2b0 C:/devkitPro/libctru/lib\libctru.a(romfs_dev.o)
 .text.romfs_free
                0x0000000000107a40       0x84 C:/devkitPro/libctru/lib\libctru.a(romfs_dev.o)
 .text.searchForFile.constprop.0
                0x0000000000107ac4       0xd4 C:/devkitPro/libctru/lib\libctru.a(romfs_dev.o)
 .text.searchForDir.constprop.0
                0x0000000000107b98       0xd8 C:/devkitPro/libctru/lib\libctru.a(romfs_dev.o)
 .text.navigateToDir.constprop.0
                0x0000000000107c70      0x1c0 C:/devkitPro/libctru/lib\libctru.a(romfs_dev.o)
 .text.romfs_open
                0x0000000000107e30      0x128 C:/devkitPro/libctru/lib\libctru.a(romfs_dev.o)
 .text.romfs_chdir
                0x0000000000107f58       0x4c C:/devkitPro/libctru/lib\libctru.a(romfs_dev.o)
 .text.romfs_diropen
                0x0000000000107fa4       0x70 C:/devkitPro/libctru/lib\libctru.a(romfs_dev.o)
 .text.romfs_stat
                0x0000000000108014      0x17c C:/devkitPro/libctru/lib\libctru.a(romfs_dev.o)
 .text.romfs_dirclose
                0x0000000000108190        0x8 C:/devkitPro/libctru/lib\libctru.a(romfs_dev.o)
 .text.romfs_fstat
                0x0000000000108198       0x7c C:/devkitPro/libctru/lib\libctru.a(romfs_dev.o)
 .text.romfs_read
                0x0000000000108214       0xd4 C:/devkitPro/libctru/lib\libctru.a(romfs_dev.o)
 .text.romfsMountFromFile
                0x00000000001082e8      0x290 C:/devkitPro/libctru/lib\libctru.a(romfs_dev.o)
                0x00000000001082e8                romfsMountFromFile
 .text.romfsMountFromCurrentProcess
                0x0000000000108578       0x98 C:/devkitPro/libctru/lib\libctru.a(romfs_dev.o)
                0x0000000000108578                romfsMountFromCurrentProcess
 .text.romfsMountSelf
                0x0000000000108610      0x25c C:/devkitPro/libctru/lib\libctru.a(romfs_dev.o)
                0x0000000000108610                romfsMountSelf
 .text.romfsUnmount
                0x000000000010886c       0xac C:/devkitPro/libctru/lib\libctru.a(romfs_dev.o)
                0x000000000010886c                romfsUnmount
 .text.osConvertVirtToPhys
                0x0000000000108918       0x74 C:/devkitPro/libctru/lib\libctru.a(os.o)
                0x0000000000108918                osConvertVirtToPhys
 .text.osGetTimeRef
                0x000000000010898c       0x54 C:/devkitPro/libctru/lib\libctru.a(os.o)
                0x000000000010898c                osGetTimeRef
 .text.osGetTime
                0x00000000001089e0       0xe4 C:/devkitPro/libctru/lib\libctru.a(os.o)
                0x00000000001089e0                osGetTime
 .text.__libctru_gtod
                0x0000000000108ac4       0x74 C:/devkitPro/libctru/lib\libctru.a(os.o)
                0x0000000000108ac4                __libctru_gtod
 .text.osTickCounterRead
                0x0000000000108b38       0x38 C:/devkitPro/libctru/lib\libctru.a(os.o)
                0x0000000000108b38                osTickCounterRead
 .text.__ctru_speedup_config
                0x0000000000108b70       0x34 C:/devkitPro/libctru/lib\libctru.a(os.o)
                0x0000000000108b70                __ctru_speedup_config
 .text.fontEnsureMapped
                0x0000000000108ba4       0x9c C:/devkitPro/libctru/lib\libctru.a(font.o)
                0x0000000000108ba4                fontEnsureMapped
 .text.fontGlyphIndexFromCodePoint
                0x0000000000108c40       0xfc C:/devkitPro/libctru/lib\libctru.a(font.o)
                0x0000000000108c40                fontGlyphIndexFromCodePoint
 .text.fontGetCharWidthInfo
                0x0000000000108d3c       0x6c C:/devkitPro/libctru/lib\libctru.a(font.o)
                0x0000000000108d3c                fontGetCharWidthInfo
 .text.fontCalcGlyphPos
                0x0000000000108da8      0x1c0 C:/devkitPro/libctru/lib\libctru.a(font.o)
                0x0000000000108da8                fontCalcGlyphPos
 .text.gfxPresentFramebuffer
                0x0000000000108f68       0xd0 C:/devkitPro/libctru/lib\libctru.a(gfx.o)
 .text.gfxIsWide
                0x0000000000109038       0x1c C:/devkitPro/libctru/lib\libctru.a(gfx.o)
                0x0000000000109038                gfxIsWide
 .text.gfxSetScreenFormat
                0x0000000000109054       0xec C:/devkitPro/libctru/lib\libctru.a(gfx.o)
                0x0000000000109054                gfxSetScreenFormat
 .text.gfxInit  0x0000000000109140      0x108 C:/devkitPro/libctru/lib\libctru.a(gfx.o)
                0x0000000000109140                gfxInit
 .text.gfxInitDefault
                0x0000000000109248       0x10 C:/devkitPro/libctru/lib\libctru.a(gfx.o)
                0x0000000000109248                gfxInitDefault
 .text.gfxExit  0x0000000000109258       0xb4 C:/devkitPro/libctru/lib\libctru.a(gfx.o)
                0x0000000000109258                gfxExit
 .text.gfxGetFramebuffer
                0x000000000010930c       0xa0 C:/devkitPro/libctru/lib\libctru.a(gfx.o)
                0x000000000010930c                gfxGetFramebuffer
 .text.gfxScreenSwapBuffers
                0x00000000001093ac       0x30 C:/devkitPro/libctru/lib\libctru.a(gfx.o)
                0x00000000001093ac                gfxScreenSwapBuffers
 .text.shaderInstanceInit
                0x00000000001093dc      0x1e0 C:/devkitPro/libctru/lib\libctru.a(shaderProgram.o)
                0x00000000001093dc                shaderInstanceInit
 .text.shaderInstanceGetUniformLocation
                0x00000000001095bc       0x18 C:/devkitPro/libctru/lib\libctru.a(shaderProgram.o)
                0x00000000001095bc                shaderInstanceGetUniformLocation
 .text.shaderProgramInit
                0x00000000001095d4       0x1c C:/devkitPro/libctru/lib\libctru.a(shaderProgram.o)
                0x00000000001095d4                shaderProgramInit
 .text.shaderProgramFree
                0x00000000001095f0       0x64 C:/devkitPro/libctru/lib\libctru.a(shaderProgram.o)
                0x00000000001095f0                shaderProgramFree
 .text.shaderProgramSetVsh
                0x0000000000109654       0x80 C:/devkitPro/libctru/lib\libctru.a(shaderProgram.o)
                0x0000000000109654                shaderProgramSetVsh
 .text.shaderProgramConfigure
                0x00000000001096d4      0x8c0 C:/devkitPro/libctru/lib\libctru.a(shaderProgram.o)
                0x00000000001096d4                shaderProgramConfigure
 .text.DVLE_GenerateOutmap.part.0
                0x0000000000109f94      0x1f8 C:/devkitPro/libctru/lib\libctru.a(shbin.o)
 .text.DVLB_ParseFile
                0x000000000010a18c      0x1cc C:/devkitPro/libctru/lib\libctru.a(shbin.o)
                0x000000000010a18c                DVLB_ParseFile
 .text.DVLB_Free
                0x000000000010a358       0x38 C:/devkitPro/libctru/lib\libctru.a(shbin.o)
                0x000000000010a358                DVLB_Free
 .text.DVLE_GetUniformRegister
                0x000000000010a390       0x74 C:/devkitPro/libctru/lib\libctru.a(shbin.o)
                0x000000000010a390                DVLE_GetUniformRegister
 .text.GX_BindQueue
                0x000000000010a404       0x10 C:/devkitPro/libctru/lib\libctru.a(gx.o)
                0x000000000010a404                GX_BindQueue
 .text.GX_ProcessCommandList
                0x000000000010a414       0x78 C:/devkitPro/libctru/lib\libctru.a(gx.o)
                0x000000000010a414                GX_ProcessCommandList
 .text.GX_MemoryFill
                0x000000000010a48c       0x74 C:/devkitPro/libctru/lib\libctru.a(gx.o)
                0x000000000010a48c                GX_MemoryFill
 .text.GX_DisplayTransfer
                0x000000000010a500       0x70 C:/devkitPro/libctru/lib\libctru.a(gx.o)
                0x000000000010a500                GX_DisplayTransfer
 .text.GX_TextureCopy
                0x000000000010a570       0x74 C:/devkitPro/libctru/lib\libctru.a(gx.o)
                0x000000000010a570                GX_TextureCopy
 .text.gxCmdQueueDoCommands.part.0
                0x000000000010a5e4       0x68 C:/devkitPro/libctru/lib\libctru.a(gxqueue.o)
 .text.gxCmdQueueInterrupt
                0x000000000010a64c       0xc8 C:/devkitPro/libctru/lib\libctru.a(gxqueue.o)
                0x000000000010a64c                gxCmdQueueInterrupt
 .text.gxCmdQueueClear
                0x000000000010a714       0x4c C:/devkitPro/libctru/lib\libctru.a(gxqueue.o)
                0x000000000010a714                gxCmdQueueClear
 .text.gxCmdQueueAdd
                0x000000000010a760       0xf8 C:/devkitPro/libctru/lib\libctru.a(gxqueue.o)
                0x000000000010a760                gxCmdQueueAdd
 .text.gxCmdQueueRun
                0x000000000010a858       0x80 C:/devkitPro/libctru/lib\libctru.a(gxqueue.o)
                0x000000000010a858                gxCmdQueueRun
 .text.gxCmdQueueStop
                0x000000000010a8d8       0x60 C:/devkitPro/libctru/lib\libctru.a(gxqueue.o)
                0x000000000010a8d8                gxCmdQueueStop
 .text.gxCmdQueueWait
                0x000000000010a938       0x74 C:/devkitPro/libctru/lib\libctru.a(gxqueue.o)
                0x000000000010a938                gxCmdQueueWait
 .text.GPUCMD_Add
                0x000000000010a9ac      0x13c C:/devkitPro/libctru/lib\libctru.a(gpu.o)
                0x000000000010a9ac                GPUCMD_Add
 .text.GPUCMD_Split
                0x000000000010aae8       0xac C:/devkitPro/libctru/lib\libctru.a(gpu.o)
                0x000000000010aae8                GPUCMD_Split
 .text.f32tof16
                0x000000000010ab94       0x40 C:/devkitPro/libctru/lib\libctru.a(gpu.o)
                0x000000000010ab94                f32tof16
 .text.f32tof24
                0x000000000010abd4       0x40 C:/devkitPro/libctru/lib\libctru.a(gpu.o)
                0x000000000010abd4                f32tof24
 .text.f32tof31
                0x000000000010ac14       0x44 C:/devkitPro/libctru/lib\libctru.a(gpu.o)
                0x000000000010ac14                f32tof31
 .text.gspHardwareInit
                0x000000000010ac58      0xc58 C:/devkitPro/libctru/lib\libctru.a(gspgpu.o)
 .text.gspInit  0x000000000010b8b0      0x254 C:/devkitPro/libctru/lib\libctru.a(gspgpu.o)
                0x000000000010b8b0                gspInit
 .text.gspExit  0x000000000010bb04       0xf0 C:/devkitPro/libctru/lib\libctru.a(gspgpu.o)
                0x000000000010bb04                gspExit
 .text.gspHasGpuRight
                0x000000000010bbf4       0x10 C:/devkitPro/libctru/lib\libctru.a(gspgpu.o)
                0x000000000010bbf4                gspHasGpuRight
 .text.gspPresentBuffer
                0x000000000010bc04       0x98 C:/devkitPro/libctru/lib\libctru.a(gspgpu.o)
                0x000000000010bc04                gspPresentBuffer
 .text.gspSetEventCallback
                0x000000000010bc9c       0x30 C:/devkitPro/libctru/lib\libctru.a(gspgpu.o)
                0x000000000010bc9c                gspSetEventCallback
 .text.gspWaitForEvent
                0x000000000010bccc       0x50 C:/devkitPro/libctru/lib\libctru.a(gspgpu.o)
                0x000000000010bccc                gspWaitForEvent
 .text.gspWaitForAnyEvent
                0x000000000010bd1c       0x4c C:/devkitPro/libctru/lib\libctru.a(gspgpu.o)
                0x000000000010bd1c                gspWaitForAnyEvent
 .text.gspEventThreadMain
                0x000000000010bd68      0x160 C:/devkitPro/libctru/lib\libctru.a(gspgpu.o)
 .text.gspSubmitGxCommand
                0x000000000010bec8      0x130 C:/devkitPro/libctru/lib\libctru.a(gspgpu.o)
                0x000000000010bec8                gspSubmitGxCommand
 .text.GSPGPU_FlushDataCache
                0x000000000010bff8       0x50 C:/devkitPro/libctru/lib\libctru.a(gspgpu.o)
                0x000000000010bff8                GSPGPU_FlushDataCache
 .text.GSPGPU_SetLcdForceBlack
                0x000000000010c048       0x34 C:/devkitPro/libctru/lib\libctru.a(gspgpu.o)
                0x000000000010c048                GSPGPU_SetLcdForceBlack
 .text.GSPGPU_AcquireRight
                0x000000000010c07c       0x68 C:/devkitPro/libctru/lib\libctru.a(gspgpu.o)
                0x000000000010c07c                GSPGPU_AcquireRight
 .text.GSPGPU_ReleaseRight
                0x000000000010c0e4       0x48 C:/devkitPro/libctru/lib\libctru.a(gspgpu.o)
                0x000000000010c0e4                GSPGPU_ReleaseRight
 .text.GSPGPU_ImportDisplayCaptureInfo
                0x000000000010c12c       0x7c C:/devkitPro/libctru/lib\libctru.a(gspgpu.o)
                0x000000000010c12c                GSPGPU_ImportDisplayCaptureInfo
 .text.GSPGPU_SaveVramSysArea
                0x000000000010c1a8       0x2c C:/devkitPro/libctru/lib\libctru.a(gspgpu.o)
                0x000000000010c1a8                GSPGPU_SaveVramSysArea
 .text.GSPGPU_RestoreVramSysArea
                0x000000000010c1d4       0x2c C:/devkitPro/libctru/lib\libctru.a(gspgpu.o)
                0x000000000010c1d4                GSPGPU_RestoreVramSysArea
 .text.aptConvertScreenForCapture
                0x000000000010c200      0x1b0 C:/devkitPro/libctru/lib\libctru.a(apt.o)
 .text.aptDspSleep
                0x000000000010c3b0        0x8 C:/devkitPro/libctru/lib\libctru.a(apt.o)
                0x000000000010c3b0                aptDspSleep
 .text.aptDspWakeup
                0x000000000010c3b8        0x4 C:/devkitPro/libctru/lib\libctru.a(apt.o)
                0x000000000010c3b8                aptDspWakeup
 .text.aptDspCancel
                0x000000000010c3bc        0x4 C:/devkitPro/libctru/lib\libctru.a(apt.o)
                0x000000000010c3bc                aptDspCancel
 .text.aptSendCommand
                0x000000000010c3c0      0x15c C:/devkitPro/libctru/lib\libctru.a(apt.o)
                0x000000000010c3c0                aptSendCommand
 .text.aptExitProcess
                0x000000000010c51c       0x38 C:/devkitPro/libctru/lib\libctru.a(apt.o)
 .text.aptExit  0x000000000010c554      0x2f0 C:/devkitPro/libctru/lib\libctru.a(apt.o)
                0x000000000010c554                aptExit
 .text.aptHandleSleep
                0x000000000010c844       0xd8 C:/devkitPro/libctru/lib\libctru.a(apt.o)
                0x000000000010c844                aptHandleSleep
 .text.aptHook  0x000000000010c91c       0x30 C:/devkitPro/libctru/lib\libctru.a(apt.o)
                0x000000000010c91c                aptHook
 .text.aptUnhook
                0x000000000010c94c       0x30 C:/devkitPro/libctru/lib\libctru.a(apt.o)
                0x000000000010c94c                aptUnhook
 .text.APT_SleepIfShellClosed
                0x000000000010c97c       0x84 C:/devkitPro/libctru/lib\libctru.a(apt.o)
                0x000000000010c97c                APT_SleepIfShellClosed
 .text.aptSetSleepAllowed
                0x000000000010ca00       0x84 C:/devkitPro/libctru/lib\libctru.a(apt.o)
                0x000000000010ca00                aptSetSleepAllowed
 .text.APT_UnlockTransition
                0x000000000010ca84       0x84 C:/devkitPro/libctru/lib\libctru.a(apt.o)
                0x000000000010ca84                APT_UnlockTransition
 .text.aptEventHandler
                0x000000000010cb08      0x484 C:/devkitPro/libctru/lib\libctru.a(apt.o)
 .text.APT_ReceiveParameter
                0x000000000010cf8c       0xb0 C:/devkitPro/libctru/lib\libctru.a(apt.o)
                0x000000000010cf8c                APT_ReceiveParameter
 .text.aptReceiveParameter.constprop.0
                0x000000000010d03c       0xb0 C:/devkitPro/libctru/lib\libctru.a(apt.o)
 *fill*         0x000000000010d0ec        0x4 
 .text.aptScreenTransfer
                0x000000000010d0f0      0x2bc C:/devkitPro/libctru/lib\libctru.a(apt.o)
 .text.aptWaitForWakeUp.isra.0
                0x000000000010d3ac      0x2d0 C:/devkitPro/libctru/lib\libctru.a(apt.o)
 .text.aptJumpToHomeMenu
                0x000000000010d67c       0xf8 C:/devkitPro/libctru/lib\libctru.a(apt.o)
                0x000000000010d67c                aptJumpToHomeMenu
 .text.aptMainLoop
                0x000000000010d774       0x4c C:/devkitPro/libctru/lib\libctru.a(apt.o)
                0x000000000010d774                aptMainLoop
 .text.aptInit  0x000000000010d7c0      0x234 C:/devkitPro/libctru/lib\libctru.a(apt.o)
                0x000000000010d7c0                aptInit
 .text.APT_CheckNew3DS
                0x000000000010d9f4       0x7c C:/devkitPro/libctru/lib\libctru.a(apt.o)
                0x000000000010d9f4                APT_CheckNew3DS
 .text.APT_GetSharedFont
                0x000000000010da70       0x48 C:/devkitPro/libctru/lib\libctru.a(apt.o)
                0x000000000010da70                APT_GetSharedFont
 .text.hidShouldUseIrrst
                0x000000000010dab8       0x24 C:/devkitPro/libctru/lib\libctru.a(hid.o)
                0x000000000010dab8                hidShouldUseIrrst
 .text.hidInit  0x000000000010dadc      0x18c C:/devkitPro/libctru/lib\libctru.a(hid.o)
                0x000000000010dadc                hidInit
 .text.hidExit  0x000000000010dc68       0xe8 C:/devkitPro/libctru/lib\libctru.a(hid.o)
                0x000000000010dc68                hidExit
 .text.hidScanInput
                0x000000000010dd50      0x294 C:/devkitPro/libctru/lib\libctru.a(hid.o)
                0x000000000010dd50                hidScanInput
 .text.hidKeysHeld
                0x000000000010dfe4       0x10 C:/devkitPro/libctru/lib\libctru.a(hid.o)
                0x000000000010dfe4                hidKeysHeld
 .text.hidKeysDown
                0x000000000010dff4       0x10 C:/devkitPro/libctru/lib\libctru.a(hid.o)
                0x000000000010dff4                hidKeysDown
 .text.ptmSysmInit
                0x000000000010e004       0x74 C:/devkitPro/libctru/lib\libctru.a(ptmsysm.o)
                0x000000000010e004                ptmSysmInit
 .text.ptmSysmExit
                0x000000000010e078       0x3c C:/devkitPro/libctru/lib\libctru.a(ptmsysm.o)
                0x000000000010e078                ptmSysmExit
 .text.PTMSYSM_ConfigureNew3DSCPU
                0x000000000010e0b4       0x34 C:/devkitPro/libctru/lib\libctru.a(ptmsysm.o)
                0x000000000010e0b4                PTMSYSM_ConfigureNew3DSCPU
 .text.fsInit   0x000000000010e0e8       0xc8 C:/devkitPro/libctru/lib\libctru.a(fs.o)
                0x000000000010e0e8                fsInit
 .text.fsExit   0x000000000010e1b0       0x3c C:/devkitPro/libctru/lib\libctru.a(fs.o)
                0x000000000010e1b0                fsExit
 .text.fsExemptFromSession
                0x000000000010e1ec       0x60 C:/devkitPro/libctru/lib\libctru.a(fs.o)
                0x000000000010e1ec                fsExemptFromSession
 .text.fsUnexemptFromSession
                0x000000000010e24c       0x50 C:/devkitPro/libctru/lib\libctru.a(fs.o)
                0x000000000010e24c                fsUnexemptFromSession
 .text.FSUSER_OpenFile
                0x000000000010e29c       0xcc C:/devkitPro/libctru/lib\libctru.a(fs.o)
                0x000000000010e29c                FSUSER_OpenFile
 .text.FSUSER_OpenFileDirectly
                0x000000000010e368       0xd4 C:/devkitPro/libctru/lib\libctru.a(fs.o)
                0x000000000010e368                FSUSER_OpenFileDirectly
 .text.FSUSER_DeleteFile
                0x000000000010e43c       0xbc C:/devkitPro/libctru/lib\libctru.a(fs.o)
                0x000000000010e43c                FSUSER_DeleteFile
 .text.FSUSER_RenameFile
                0x000000000010e4f8       0xf8 C:/devkitPro/libctru/lib\libctru.a(fs.o)
                0x000000000010e4f8                FSUSER_RenameFile
 .text.FSUSER_DeleteDirectory
                0x000000000010e5f0       0xbc C:/devkitPro/libctru/lib\libctru.a(fs.o)
                0x000000000010e5f0                FSUSER_DeleteDirectory
 .text.FSUSER_CreateFile
                0x000000000010e6ac       0xd4 C:/devkitPro/libctru/lib\libctru.a(fs.o)
                0x000000000010e6ac                FSUSER_CreateFile
 .text.FSUSER_CreateDirectory
                0x000000000010e780       0xc4 C:/devkitPro/libctru/lib\libctru.a(fs.o)
                0x000000000010e780                FSUSER_CreateDirectory
 .text.FSUSER_RenameDirectory
                0x000000000010e844       0xf8 C:/devkitPro/libctru/lib\libctru.a(fs.o)
                0x000000000010e844                FSUSER_RenameDirectory
 .text.FSUSER_OpenDirectory
                0x000000000010e93c       0xb4 C:/devkitPro/libctru/lib\libctru.a(fs.o)
                0x000000000010e93c                FSUSER_OpenDirectory
 .text.FSUSER_OpenArchive
                0x000000000010e9f0       0x94 C:/devkitPro/libctru/lib\libctru.a(fs.o)
                0x000000000010e9f0                FSUSER_OpenArchive
 .text.FSUSER_CloseArchive
                0x000000000010ea84       0x8c C:/devkitPro/libctru/lib\libctru.a(fs.o)
                0x000000000010ea84                FSUSER_CloseArchive
 .text.FSUSER_GetSdmcArchiveResource
                0x000000000010eb10       0x74 C:/devkitPro/libctru/lib\libctru.a(fs.o)
                0x000000000010eb10                FSUSER_GetSdmcArchiveResource
 .text.FSUSER_IsSdmcWritable
                0x000000000010eb84       0x64 C:/devkitPro/libctru/lib\libctru.a(fs.o)
                0x000000000010eb84                FSUSER_IsSdmcWritable
 .text.FSFILE_Read
                0x000000000010ebe8       0x58 C:/devkitPro/libctru/lib\libctru.a(fs.o)
                0x000000000010ebe8                FSFILE_Read
 .text.FSFILE_Write
                0x000000000010ec40       0x60 C:/devkitPro/libctru/lib\libctru.a(fs.o)
                0x000000000010ec40                FSFILE_Write
 .text.FSFILE_GetSize
                0x000000000010eca0       0x38 C:/devkitPro/libctru/lib\libctru.a(fs.o)
                0x000000000010eca0                FSFILE_GetSize
 .text.FSFILE_SetSize
                0x000000000010ecd8       0x28 C:/devkitPro/libctru/lib\libctru.a(fs.o)
                0x000000000010ecd8                FSFILE_SetSize
 .text.FSFILE_Close
                0x000000000010ed00       0x3c C:/devkitPro/libctru/lib\libctru.a(fs.o)
                0x000000000010ed00                FSFILE_Close
 .text.FSFILE_Flush
                0x000000000010ed3c       0x24 C:/devkitPro/libctru/lib\libctru.a(fs.o)
                0x000000000010ed3c                FSFILE_Flush
 .text.FSDIR_Read
                0x000000000010ed60       0x50 C:/devkitPro/libctru/lib\libctru.a(fs.o)
                0x000000000010ed60                FSDIR_Read
 .text.FSDIR_Close
                0x000000000010edb0       0x3c C:/devkitPro/libctru/lib\libctru.a(fs.o)
                0x000000000010edb0                FSDIR_Close
 .text.buffer_read
                0x000000000010edec       0xcc C:/devkitPro/libctru/lib\libctru.a(decompress.o)
 .text.iov_read
                0x000000000010eeb8       0xd0 C:/devkitPro/libctru/lib\libctru.a(decompress.o)
 .text.iov_memmove
                0x000000000010ef88      0x128 C:/devkitPro/libctru/lib\libctru.a(decompress.o)
 .text.decompress_rle
                0x000000000010f0b0      0x1d8 C:/devkitPro/libctru/lib\libctru.a(decompress.o)
 .text.decompress_lzss
                0x000000000010f288      0x258 C:/devkitPro/libctru/lib\libctru.a(decompress.o)
 .text.decompress_huff.part.0
                0x000000000010f4e0      0x2ec C:/devkitPro/libctru/lib\libctru.a(decompress.o)
 .text.decompress_lz11
                0x000000000010f7cc      0x440 C:/devkitPro/libctru/lib\libctru.a(decompress.o)
 .text.decompressCallback_Stdio
                0x000000000010fc0c       0x10 C:/devkitPro/libctru/lib\libctru.a(decompress.o)
                0x000000000010fc0c                decompressCallback_Stdio
 .text.decompressHeader
                0x000000000010fc1c       0xe4 C:/devkitPro/libctru/lib\libctru.a(decompress.o)
                0x000000000010fc1c                decompressHeader
 .text.decompressV
                0x000000000010fd00      0x250 C:/devkitPro/libctru/lib\libctru.a(decompress.o)
                0x000000000010fd00                decompressV
 .text.rbtree_init
                0x000000000010ff50       0x10 C:/devkitPro/libctru/lib\libctru.a(rbtree_init.o)
                0x000000000010ff50                rbtree_init
 .text.do_insert
                0x000000000010ff60      0x1a0 C:/devkitPro/libctru/lib\libctru.a(rbtree_insert.o)
 .text.rbtree_insert
                0x0000000000110100        0x8 C:/devkitPro/libctru/lib\libctru.a(rbtree_insert.o)
                0x0000000000110100                rbtree_insert
 .text.rbtree_rotate
                0x0000000000110108       0x90 C:/devkitPro/libctru/lib\libctru.a(rbtree_rotate.o)
                0x0000000000110108                rbtree_rotate
 .text.rbtree_remove
                0x0000000000110198      0x338 C:/devkitPro/libctru/lib\libctru.a(rbtree_remove.o)
                0x0000000000110198                rbtree_remove
 .text.rbtree_find
                0x00000000001104d0       0x74 C:/devkitPro/libctru/lib\libctru.a(rbtree_find.o)
                0x00000000001104d0                rbtree_find
 .text.utf16_to_utf8
                0x0000000000110544       0xe8 C:/devkitPro/libctru/lib\libctru.a(utf16_to_utf8.o)
                0x0000000000110544                utf16_to_utf8
 .text.decode_utf16
                0x000000000011062c       0x64 C:/devkitPro/libctru/lib\libctru.a(decode_utf16.o)
                0x000000000011062c                decode_utf16
 .text.decode_utf8
                0x0000000000110690      0x13c C:/devkitPro/libctru/lib\libctru.a(decode_utf8.o)
                0x0000000000110690                decode_utf8
 .text.utf8_to_utf16
                0x00000000001107cc       0xc0 C:/devkitPro/libctru/lib\libctru.a(utf8_to_utf16.o)
                0x00000000001107cc                utf8_to_utf16
 *fill*         0x000000000011088c        0x4 
 .text.__system_allocateHeaps
                0x0000000000110890      0x1e0 C:/devkitPro/libctru/lib\libctru.a(allocateHeaps.o)
                0x0000000000110890                __system_allocateHeaps
 .text.__libctru_init
                0x0000000000110a70       0x38 C:/devkitPro/libctru/lib\libctru.a(ctru_init.o)
                0x0000000000110a70                __libctru_init
 .text.__system_initArgv
                0x0000000000110aa8       0xf0 C:/devkitPro/libctru/lib\libctru.a(initArgv.o)
                0x0000000000110aa8                __system_initArgv
 .text.svcControlMemory
                0x0000000000110b98       0x20 C:/devkitPro/libctru/lib\libctru.a(svc.o)
                0x0000000000110b98                svcControlMemory
 .text.svcQueryMemory
                0x0000000000110bb8       0x30 C:/devkitPro/libctru/lib\libctru.a(svc.o)
                0x0000000000110bb8                svcQueryMemory
 .text.svcExitProcess
                0x0000000000110be8        0x8 C:/devkitPro/libctru/lib\libctru.a(svc.o)
                0x0000000000110be8                svcExitProcess
 .text.svcCreateThread
                0x0000000000110bf0       0x20 C:/devkitPro/libctru/lib\libctru.a(svc.o)
                0x0000000000110bf0                svcCreateThread
 .text.svcExitThread
                0x0000000000110c10        0x8 C:/devkitPro/libctru/lib\libctru.a(svc.o)
                0x0000000000110c10                svcExitThread
 .text.svcSleepThread
                0x0000000000110c18        0x8 C:/devkitPro/libctru/lib\libctru.a(svc.o)
                0x0000000000110c18                svcSleepThread
 .text.svcReleaseMutex
                0x0000000000110c20        0x8 C:/devkitPro/libctru/lib\libctru.a(svc.o)
                0x0000000000110c20                svcReleaseMutex
 .text.svcCreateEvent
                0x0000000000110c28       0x14 C:/devkitPro/libctru/lib\libctru.a(svc.o)
                0x0000000000110c28                svcCreateEvent
 .text.svcSignalEvent
                0x0000000000110c3c        0x8 C:/devkitPro/libctru/lib\libctru.a(svc.o)
                0x0000000000110c3c                svcSignalEvent
 .text.svcClearEvent
                0x0000000000110c44        0x8 C:/devkitPro/libctru/lib\libctru.a(svc.o)
                0x0000000000110c44                svcClearEvent
 .text.svcMapMemoryBlock
                0x0000000000110c4c        0x8 C:/devkitPro/libctru/lib\libctru.a(svc.o)
                0x0000000000110c4c                svcMapMemoryBlock
 .text.svcUnmapMemoryBlock
                0x0000000000110c54        0x8 C:/devkitPro/libctru/lib\libctru.a(svc.o)
                0x0000000000110c54                svcUnmapMemoryBlock
 .text.svcCreateAddressArbiter
                0x0000000000110c5c       0x14 C:/devkitPro/libctru/lib\libctru.a(svc.o)
                0x0000000000110c5c                svcCreateAddressArbiter
 .text.svcArbitrateAddressNoTimeout
                0x0000000000110c70        0x8 C:/devkitPro/libctru/lib\libctru.a(svc.o)
                0x0000000000110c70                svcArbitrateAddressNoTimeout
 .text.svcCloseHandle
                0x0000000000110c78        0x8 C:/devkitPro/libctru/lib\libctru.a(svc.o)
                0x0000000000110c78                svcCloseHandle
 .text.svcWaitSynchronization
                0x0000000000110c80        0x8 C:/devkitPro/libctru/lib\libctru.a(svc.o)
                0x0000000000110c80                svcWaitSynchronization
 .text.svcWaitSynchronizationN
                0x0000000000110c88       0x28 C:/devkitPro/libctru/lib\libctru.a(svc.o)
                0x0000000000110c88                svcWaitSynchronizationN
 .text.svcDuplicateHandle
                0x0000000000110cb0       0x14 C:/devkitPro/libctru/lib\libctru.a(svc.o)
                0x0000000000110cb0                svcDuplicateHandle
 .text.svcGetSystemTick
                0x0000000000110cc4        0x8 C:/devkitPro/libctru/lib\libctru.a(svc.o)
                0x0000000000110cc4                svcGetSystemTick
 .text.svcConnectToPort
                0x0000000000110ccc       0x14 C:/devkitPro/libctru/lib\libctru.a(svc.o)
                0x0000000000110ccc                svcConnectToPort
 .text.svcSendSyncRequest
                0x0000000000110ce0        0x8 C:/devkitPro/libctru/lib\libctru.a(svc.o)
                0x0000000000110ce0                svcSendSyncRequest
 .text.svcGetResourceLimit
                0x0000000000110ce8       0x14 C:/devkitPro/libctru/lib\libctru.a(svc.o)
                0x0000000000110ce8                svcGetResourceLimit
 .text.svcGetResourceLimitLimitValues
                0x0000000000110cfc        0x8 C:/devkitPro/libctru/lib\libctru.a(svc.o)
                0x0000000000110cfc                svcGetResourceLimitLimitValues
 .text.svcGetResourceLimitCurrentValues
                0x0000000000110d04        0x8 C:/devkitPro/libctru/lib\libctru.a(svc.o)
                0x0000000000110d04                svcGetResourceLimitCurrentValues
 .text.svcBreak
                0x0000000000110d0c        0x8 C:/devkitPro/libctru/lib\libctru.a(svc.o)
                0x0000000000110d0c                svcBreak
 .text.initSystem
                0x0000000000110d14       0x50 C:/devkitPro/libctru/lib\libctru.a(stack_adjust.o)
                0x0000000000110d14                initSystem
 .text.__ctru_exit
                0x0000000000110d64       0x18 C:/devkitPro/libctru/lib\libctru.a(stack_adjust.o)
                0x0000000000110d64                __ctru_exit
 .text.__aeabi_read_tp
                0x0000000000110d7c        0xc C:/devkitPro/libctru/lib\libctru.a(readtp.o)
                0x0000000000110d7c                __aeabi_read_tp
 .text.__sync_init
                0x0000000000110d88        0xc C:/devkitPro/libctru/lib\libctru.a(synchronization.o)
                0x0000000000110d88                __sync_init
 .text.__sync_fini
                0x0000000000110d94       0x18 C:/devkitPro/libctru/lib\libctru.a(synchronization.o)
                0x0000000000110d94                __sync_fini
 .text.syncArbitrateAddress
                0x0000000000110dac       0x2c C:/devkitPro/libctru/lib\libctru.a(synchronization.o)
                0x0000000000110dac                syncArbitrateAddress
 .text.LightLock_Init
                0x0000000000110dd8       0x1c C:/devkitPro/libctru/lib\libctru.a(synchronization.o)
                0x0000000000110dd8                LightLock_Init
 .text.LightLock_Lock
                0x0000000000110df4       0x94 C:/devkitPro/libctru/lib\libctru.a(synchronization.o)
                0x0000000000110df4                LightLock_Lock
 .text.LightLock_TryLock
                0x0000000000110e88       0x44 C:/devkitPro/libctru/lib\libctru.a(synchronization.o)
                0x0000000000110e88                LightLock_TryLock
 .text.LightLock_Unlock
                0x0000000000110ecc       0x40 C:/devkitPro/libctru/lib\libctru.a(synchronization.o)
                0x0000000000110ecc                LightLock_Unlock
 .text.RecursiveLock_Init
                0x0000000000110f0c       0x24 C:/devkitPro/libctru/lib\libctru.a(synchronization.o)
                0x0000000000110f0c                RecursiveLock_Init
 .text.RecursiveLock_Lock
                0x0000000000110f30       0x30 C:/devkitPro/libctru/lib\libctru.a(synchronization.o)
                0x0000000000110f30                RecursiveLock_Lock
 .text.RecursiveLock_TryLock
                0x0000000000110f60       0x78 C:/devkitPro/libctru/lib\libctru.a(synchronization.o)
                0x0000000000110f60                RecursiveLock_TryLock
 .text.RecursiveLock_Unlock
                0x0000000000110fd8       0x54 C:/devkitPro/libctru/lib\libctru.a(synchronization.o)
                0x0000000000110fd8                RecursiveLock_Unlock
 .text.LightEvent_Init
                0x000000000011102c       0x40 C:/devkitPro/libctru/lib\libctru.a(synchronization.o)
                0x000000000011102c                LightEvent_Init
 .text.LightEvent_Clear
                0x000000000011106c       0xa4 C:/devkitPro/libctru/lib\libctru.a(synchronization.o)
                0x000000000011106c                LightEvent_Clear
 .text.LightEvent_Signal
                0x0000000000111110       0xc8 C:/devkitPro/libctru/lib\libctru.a(synchronization.o)
                0x0000000000111110                LightEvent_Signal
 .text.LightEvent_TryWait
                0x00000000001111d8       0x58 C:/devkitPro/libctru/lib\libctru.a(synchronization.o)
                0x00000000001111d8                LightEvent_TryWait
 .text.LightEvent_Wait
                0x0000000000111230       0xb0 C:/devkitPro/libctru/lib\libctru.a(synchronization.o)
                0x0000000000111230                LightEvent_Wait
 .text.envGetHandle
                0x00000000001112e0       0x84 C:/devkitPro/libctru/lib\libctru.a(env.o)
                0x00000000001112e0                envGetHandle
 .text.envDestroyHandles
                0x0000000000111364       0x50 C:/devkitPro/libctru/lib\libctru.a(env.o)
                0x0000000000111364                envDestroyHandles
 .text.srvInit  0x00000000001113b4      0x124 C:/devkitPro/libctru/lib\libctru.a(srv.o)
                0x00000000001113b4                srvInit
 .text.srvExit  0x00000000001114d8       0x58 C:/devkitPro/libctru/lib\libctru.a(srv.o)
                0x00000000001114d8                srvExit
 .text.srvGetServiceHandleDirect
                0x0000000000111530       0x80 C:/devkitPro/libctru/lib\libctru.a(srv.o)
                0x0000000000111530                srvGetServiceHandleDirect
 .text.srvGetServiceHandle
                0x00000000001115b0       0x48 C:/devkitPro/libctru/lib\libctru.a(srv.o)
                0x00000000001115b0                srvGetServiceHandle
 .text.srvPublishToSubscriber
                0x00000000001115f8       0x38 C:/devkitPro/libctru/lib\libctru.a(srv.o)
                0x00000000001115f8                srvPublishToSubscriber
 .text.threadCreate
                0x0000000000111630      0x188 C:/devkitPro/libctru/lib\libctru.a(thread.o)
                0x0000000000111630                threadCreate
 .text.threadFree
                0x00000000001117b8       0x2c C:/devkitPro/libctru/lib\libctru.a(thread.o)
                0x00000000001117b8                threadFree
 .text.threadJoin
                0x00000000001117e4       0x24 C:/devkitPro/libctru/lib\libctru.a(thread.o)
                0x00000000001117e4                threadJoin
 .text.threadGetCurrent
                0x0000000000111808       0x30 C:/devkitPro/libctru/lib\libctru.a(thread.o)
                0x0000000000111808                threadGetCurrent
 .text.threadExit
                0x0000000000111838       0x40 C:/devkitPro/libctru/lib\libctru.a(thread.o)
                0x0000000000111838                threadExit
 .text._thread_begin
                0x0000000000111878       0x44 C:/devkitPro/libctru/lib\libctru.a(thread.o)
 .text.mappableFindAddressWithin
                0x00000000001118bc       0x94 C:/devkitPro/libctru/lib\libctru.a(mappable.o)
 .text.mappableInit
                0x0000000000111950       0x28 C:/devkitPro/libctru/lib\libctru.a(mappable.o)
                0x0000000000111950                mappableInit
 .text.mappableAlloc
                0x0000000000111978       0x80 C:/devkitPro/libctru/lib\libctru.a(mappable.o)
                0x0000000000111978                mappableAlloc
 .text.mappableFree
                0x00000000001119f8        0x4 C:/devkitPro/libctru/lib\libctru.a(mappable.o)
                0x00000000001119f8                mappableFree
 .text.irrstInit
                0x00000000001119fc      0x160 C:/devkitPro/libctru/lib\libctru.a(irrst.o)
                0x00000000001119fc                irrstInit
 .text.irrstExit
                0x0000000000111b5c       0xcc C:/devkitPro/libctru/lib\libctru.a(irrst.o)
                0x0000000000111b5c                irrstExit
 .text.irrstScanInput
                0x0000000000111c28       0xb0 C:/devkitPro/libctru/lib\libctru.a(irrst.o)
                0x0000000000111c28                irrstScanInput
 .text.irrstKeysHeld
                0x0000000000111cd8       0x24 C:/devkitPro/libctru/lib\libctru.a(irrst.o)
                0x0000000000111cd8                irrstKeysHeld
 .text.srvPmGetSessionHandle
                0x0000000000111cfc        0xc C:/devkitPro/libctru/lib\libctru.a(srvpm.o)
                0x0000000000111cfc                srvPmGetSessionHandle
 .text.rbtree_node_next
                0x0000000000111d08       0x50 C:/devkitPro/libctru/lib\libctru.a(rbtree_iterator.o)
                0x0000000000111d08                rbtree_node_next
 .text.encode_utf16
                0x0000000000111d58       0x60 C:/devkitPro/libctru/lib\libctru.a(encode_utf16.o)
                0x0000000000111d58                encode_utf16
 .text.encode_utf8
                0x0000000000111db8       0xfc C:/devkitPro/libctru/lib\libctru.a(encode_utf8.o)
                0x0000000000111db8                encode_utf8
 .text.__appInit
                0x0000000000111eb4       0x30 C:/devkitPro/libctru/lib\libctru.a(appInit.o)
                0x0000000000111eb4                __appInit
 .text.__libctru_nanosleep
                0x0000000000111ee4       0x30 C:/devkitPro/libctru/lib\libctru.a(syscalls.o)
 .text.__libctru_get_reent
                0x0000000000111f14       0x30 C:/devkitPro/libctru/lib\libctru.a(syscalls.o)
 .text.__system_initSyscalls
                0x0000000000111f44       0xf8 C:/devkitPro/libctru/lib\libctru.a(syscalls.o)
                0x0000000000111f44                __system_initSyscalls
 .text.__appExit
                0x000000000011203c       0x30 C:/devkitPro/libctru/lib\libctru.a(appExit.o)
                0x000000000011203c                __appExit
 .text.__libctru_exit
                0x000000000011206c       0x90 C:/devkitPro/libctru/lib\libctru.a(ctru_exit.o)
                0x000000000011206c                __libctru_exit
 .text.archive_link
                0x00000000001120fc       0x14 C:/devkitPro/libctru/lib\libctru.a(archive_dev.o)
 .text.archive_dirreset
                0x0000000000112110       0x14 C:/devkitPro/libctru/lib\libctru.a(archive_dev.o)
 .text.archive_chmod
                0x0000000000112124       0x14 C:/devkitPro/libctru/lib\libctru.a(archive_dev.o)
 .text.error_cmp
                0x0000000000112138       0x24 C:/devkitPro/libctru/lib\libctru.a(archive_dev.o)
 .text.archive_translate_error
                0x000000000011215c       0x50 C:/devkitPro/libctru/lib\libctru.a(archive_dev.o)
 .text.archive_seek
                0x00000000001121ac       0xd4 C:/devkitPro/libctru/lib\libctru.a(archive_dev.o)
 .text._archiveInit.part.0
                0x0000000000112280       0x7c C:/devkitPro/libctru/lib\libctru.a(archive_dev.o)
 .text.archiveFindDevice.part.0
                0x00000000001122fc       0x8c C:/devkitPro/libctru/lib\libctru.a(archive_dev.o)
 .text.archive_utf16path
                0x0000000000112388      0x294 C:/devkitPro/libctru/lib\libctru.a(archive_dev.o)
 .text._archiveUnmountDeviceStruct.part.0
                0x000000000011261c       0xa0 C:/devkitPro/libctru/lib\libctru.a(archive_dev.o)
 .text.archive_fchmod
                0x00000000001126bc       0x14 C:/devkitPro/libctru/lib\libctru.a(archive_dev.o)
 .text.archive_statvfs
                0x00000000001126d0       0x14 C:/devkitPro/libctru/lib\libctru.a(archive_dev.o)
 .text._archiveMountDevice
                0x00000000001126e4      0x158 C:/devkitPro/libctru/lib\libctru.a(archive_dev.o)
 .text.archive_diropen
                0x000000000011283c       0xe8 C:/devkitPro/libctru/lib\libctru.a(archive_dev.o)
 .text.archive_fstat
                0x0000000000112924       0xa4 C:/devkitPro/libctru/lib\libctru.a(archive_dev.o)
 .text.archive_close
                0x00000000001129c8       0x6c C:/devkitPro/libctru/lib\libctru.a(archive_dev.o)
 .text.archive_fsync
                0x0000000000112a34       0x6c C:/devkitPro/libctru/lib\libctru.a(archive_dev.o)
 .text.archive_dirclose
                0x0000000000112aa0       0x70 C:/devkitPro/libctru/lib\libctru.a(archive_dev.o)
 .text.sdmc_statvfs
                0x0000000000112b10       0xe8 C:/devkitPro/libctru/lib\libctru.a(archive_dev.o)
 .text.archive_ftruncate
                0x0000000000112bf8       0x80 C:/devkitPro/libctru/lib\libctru.a(archive_dev.o)
 .text.archive_chdir
                0x0000000000112c78       0xfc C:/devkitPro/libctru/lib\libctru.a(archive_dev.o)
 .text.archive_read
                0x0000000000112d74       0xb0 C:/devkitPro/libctru/lib\libctru.a(archive_dev.o)
 .text.archive_unlink
                0x0000000000112e24       0xac C:/devkitPro/libctru/lib\libctru.a(archive_dev.o)
 .text.archive_rmdir
                0x0000000000112ed0       0xc8 C:/devkitPro/libctru/lib\libctru.a(archive_dev.o)
 .text.archive_mkdir
                0x0000000000112f98       0xec C:/devkitPro/libctru/lib\libctru.a(archive_dev.o)
 .text.archive_stat
                0x0000000000113084      0x1a8 C:/devkitPro/libctru/lib\libctru.a(archive_dev.o)
 .text.archive_rename
                0x000000000011322c      0x184 C:/devkitPro/libctru/lib\libctru.a(archive_dev.o)
 .text.archive_dirnext
                0x00000000001133b0      0x168 C:/devkitPro/libctru/lib\libctru.a(archive_dev.o)
 .text.archive_write
                0x0000000000113518      0x12c C:/devkitPro/libctru/lib\libctru.a(archive_dev.o)
 .text.archive_open
                0x0000000000113644      0x1f0 C:/devkitPro/libctru/lib\libctru.a(archive_dev.o)
 .text.archiveMountSdmc
                0x0000000000113834      0x1a4 C:/devkitPro/libctru/lib\libctru.a(archive_dev.o)
                0x0000000000113834                archiveMountSdmc
 .text.archiveUnmountAll
                0x00000000001139d8       0x54 C:/devkitPro/libctru/lib\libctru.a(archive_dev.o)
                0x00000000001139d8                archiveUnmountAll
 *fill*         0x0000000000113a2c        0x4 
 .text.cosf     0x0000000000113a30      0x22c c:/devkitpro/devkitarm/bin/../lib/gcc/arm-none-eabi/10.2.0/../../../../arm-none-eabi/lib/armv6k/fpu\libm.a(lib_a-cosf.o)
                0x0000000000113a30                cosf
 .text.with_errnof
                0x0000000000113c5c       0x24 c:/devkitpro/devkitarm/bin/../lib/gcc/arm-none-eabi/10.2.0/../../../../arm-none-eabi/lib/armv6k/fpu\libm.a(lib_a-math_errf.o)
 .text.__math_invalidf
                0x0000000000113c80       0x1c c:/devkitpro/devkitarm/bin/../lib/gcc/arm-none-eabi/10.2.0/../../../../arm-none-eabi/lib/armv6k/fpu\libm.a(lib_a-math_errf.o)
                0x0000000000113c80                __math_invalidf
 .text.ceilf    0x0000000000113c9c       0xb4 c:/devkitpro/devkitarm/bin/../lib/gcc/arm-none-eabi/10.2.0/../../../../arm-none-eabi/lib/armv6k/fpu\libm.a(lib_a-sf_ceil.o)
                0x0000000000113c9c                ceilf
 .text.sinf     0x0000000000113d50      0x274 c:/devkitpro/devkitarm/bin/../lib/gcc/arm-none-eabi/10.2.0/../../../../arm-none-eabi/lib/armv6k/fpu\libm.a(lib_a-sinf.o)
                0x0000000000113d50                sinf
 .text.__udivmoddi4
                0x0000000000113fc4      0x120 c:/devkitpro/devkitarm/bin/../lib/gcc/arm-none-eabi/10.2.0/armv6k/fpu\libgcc.a(_udivmoddi4.o)
                0x0000000000113fc4                __udivmoddi4
 .text.bsearch  0x00000000001140e4       0x78 c:/devkitpro/devkitarm/bin/../lib/gcc/arm-none-eabi/10.2.0/../../../../arm-none-eabi/lib/armv6k/fpu\libg.a(lib_a-bsearch.o)
                0x00000000001140e4                bsearch
 .text.calloc   0x000000000011415c       0x28 c:/devkitpro/devkitarm/bin/../lib/gcc/arm-none-eabi/10.2.0/../../../../arm-none-eabi/lib/armv6k/fpu\libg.a(lib_a-calloc.o)
                0x000000000011415c                calloc
 .text._calloc_r
                0x0000000000114184       0x94 c:/devkitpro/devkitarm/bin/../lib/gcc/arm-none-eabi/10.2.0/../../../../arm-none-eabi/lib/armv6k/fpu\libg.a(lib_a-callocr.o)
                0x0000000000114184                _calloc_r
 .text.__errno  0x0000000000114218        0xc c:/devkitpro/devkitarm/bin/../lib/gcc/arm-none-eabi/10.2.0/../../../../arm-none-eabi/lib/armv6k/fpu\libg.a(lib_a-errno.o)
                0x0000000000114218                __errno
 .text.exit     0x0000000000114224       0x34 c:/devkitpro/devkitarm/bin/../lib/gcc/arm-none-eabi/10.2.0/../../../../arm-none-eabi/lib/armv6k/fpu\libg.a(lib_a-exit.o)
                0x0000000000114224                exit
 .text._fclose_r
                0x0000000000114258      0x160 c:/devkitpro/devkitarm/bin/../lib/gcc/arm-none-eabi/10.2.0/../../../../arm-none-eabi/lib/armv6k/fpu\libg.a(lib_a-fclose.o)
                0x0000000000114258                _fclose_r
 .text.fclose   0x00000000001143b8       0x20 c:/devkitpro/devkitarm/bin/../lib/gcc/arm-none-eabi/10.2.0/../../../../arm-none-eabi/lib/armv6k/fpu\libg.a(lib_a-fclose.o)
                0x00000000001143b8                fclose
 .text.__sflush_r
                0x00000000001143d8      0x258 c:/devkitpro/devkitarm/bin/../lib/gcc/arm-none-eabi/10.2.0/../../../../arm-none-eabi/lib/armv6k/fpu\libg.a(lib_a-fflush.o)
                0x00000000001143d8                __sflush_r
 .text._fflush_r
                0x0000000000114630       0x94 c:/devkitpro/devkitarm/bin/../lib/gcc/arm-none-eabi/10.2.0/../../../../arm-none-eabi/lib/armv6k/fpu\libg.a(lib_a-fflush.o)
                0x0000000000114630                _fflush_r
 .text.fflush   0x00000000001146c4       0x38 c:/devkitpro/devkitarm/bin/../lib/gcc/arm-none-eabi/10.2.0/../../../../arm-none-eabi/lib/armv6k/fpu\libg.a(lib_a-fflush.o)
                0x00000000001146c4                fflush
 .text._cleanup_r
                0x00000000001146fc        0xc c:/devkitpro/devkitarm/bin/../lib/gcc/arm-none-eabi/10.2.0/../../../../arm-none-eabi/lib/armv6k/fpu\libg.a(lib_a-findfp.o)
                0x00000000001146fc                _cleanup_r
 .text.__sinit  0x0000000000114708      0x184 c:/devkitpro/devkitarm/bin/../lib/gcc/arm-none-eabi/10.2.0/../../../../arm-none-eabi/lib/armv6k/fpu\libg.a(lib_a-findfp.o)
                0x0000000000114708                __sinit
 .text.__sfp    0x000000000011488c      0x134 c:/devkitpro/devkitarm/bin/../lib/gcc/arm-none-eabi/10.2.0/../../../../arm-none-eabi/lib/armv6k/fpu\libg.a(lib_a-findfp.o)
                0x000000000011488c                __sfp
 .text.__sfp_lock_acquire
                0x00000000001149c0        0xc c:/devkitpro/devkitarm/bin/../lib/gcc/arm-none-eabi/10.2.0/../../../../arm-none-eabi/lib/armv6k/fpu\libg.a(lib_a-findfp.o)
                0x00000000001149c0                __sfp_lock_acquire
 .text.__sfp_lock_release
                0x00000000001149cc        0xc c:/devkitpro/devkitarm/bin/../lib/gcc/arm-none-eabi/10.2.0/../../../../arm-none-eabi/lib/armv6k/fpu\libg.a(lib_a-findfp.o)
                0x00000000001149cc                __sfp_lock_release
 .text.__libc_fini_array
                0x00000000001149d8       0x3c c:/devkitpro/devkitarm/bin/../lib/gcc/arm-none-eabi/10.2.0/../../../../arm-none-eabi/lib/armv6k/fpu\libg.a(lib_a-fini.o)
                0x00000000001149d8                __libc_fini_array
 .text._fopen_r
                0x0000000000114a14      0x140 c:/devkitpro/devkitarm/bin/../lib/gcc/arm-none-eabi/10.2.0/../../../../arm-none-eabi/lib/armv6k/fpu\libg.a(lib_a-fopen.o)
                0x0000000000114a14                _fopen_r
 .text.fopen    0x0000000000114b54       0x28 c:/devkitpro/devkitarm/bin/../lib/gcc/arm-none-eabi/10.2.0/../../../../arm-none-eabi/lib/armv6k/fpu\libg.a(lib_a-fopen.o)
                0x0000000000114b54                fopen
 .text._fread_r
                0x0000000000114b7c      0x2d0 c:/devkitpro/devkitarm/bin/../lib/gcc/arm-none-eabi/10.2.0/../../../../arm-none-eabi/lib/armv6k/fpu\libg.a(lib_a-fread.o)
                0x0000000000114b7c                _fread_r
 .text.fread    0x0000000000114e4c       0x38 c:/devkitpro/devkitarm/bin/../lib/gcc/arm-none-eabi/10.2.0/../../../../arm-none-eabi/lib/armv6k/fpu\libg.a(lib_a-fread.o)
                0x0000000000114e4c                fread
 .text._malloc_trim_r
                0x0000000000114e84       0xf8 c:/devkitpro/devkitarm/bin/../lib/gcc/arm-none-eabi/10.2.0/../../../../arm-none-eabi/lib/armv6k/fpu\libg.a(lib_a-freer.o)
                0x0000000000114e84                _malloc_trim_r
 .text._free_r  0x0000000000114f7c      0x2e4 c:/devkitpro/devkitarm/bin/../lib/gcc/arm-none-eabi/10.2.0/../../../../arm-none-eabi/lib/armv6k/fpu\libg.a(lib_a-freer.o)
                0x0000000000114f7c                _free_r
 .text._fseek_r
                0x0000000000115260       0x1c c:/devkitpro/devkitarm/bin/../lib/gcc/arm-none-eabi/10.2.0/../../../../arm-none-eabi/lib/armv6k/fpu\libg.a(lib_a-fseek.o)
                0x0000000000115260                _fseek_r
 .text._fseeko_r
                0x000000000011527c      0x4f8 c:/devkitpro/devkitarm/bin/../lib/gcc/arm-none-eabi/10.2.0/../../../../arm-none-eabi/lib/armv6k/fpu\libg.a(lib_a-fseeko.o)
                0x000000000011527c                _fseeko_r
 .text._ftello_r
                0x0000000000115774      0x1bc c:/devkitpro/devkitarm/bin/../lib/gcc/arm-none-eabi/10.2.0/../../../../arm-none-eabi/lib/armv6k/fpu\libg.a(lib_a-ftello.o)
                0x0000000000115774                _ftello_r
 .text._fwalk   0x0000000000115930       0x68 c:/devkitpro/devkitarm/bin/../lib/gcc/arm-none-eabi/10.2.0/../../../../arm-none-eabi/lib/armv6k/fpu\libg.a(lib_a-fwalk.o)
                0x0000000000115930                _fwalk
 .text._fwalk_reent
                0x0000000000115998       0x70 c:/devkitpro/devkitarm/bin/../lib/gcc/arm-none-eabi/10.2.0/../../../../arm-none-eabi/lib/armv6k/fpu\libg.a(lib_a-fwalk.o)
                0x0000000000115998                _fwalk_reent
 .text.__libc_init_array
                0x0000000000115a08       0x7c c:/devkitpro/devkitarm/bin/../lib/gcc/arm-none-eabi/10.2.0/../../../../arm-none-eabi/lib/armv6k/fpu\libg.a(lib_a-init.o)
                0x0000000000115a08                __libc_init_array
 .text.__smakebuf_r
                0x0000000000115a84      0x138 c:/devkitpro/devkitarm/bin/../lib/gcc/arm-none-eabi/10.2.0/../../../../arm-none-eabi/lib/armv6k/fpu\libg.a(lib_a-makebuf.o)
                0x0000000000115a84                __smakebuf_r
 .text.__swhatbuf_r
                0x0000000000115bbc       0x94 c:/devkitpro/devkitarm/bin/../lib/gcc/arm-none-eabi/10.2.0/../../../../arm-none-eabi/lib/armv6k/fpu\libg.a(lib_a-makebuf.o)
                0x0000000000115bbc                __swhatbuf_r
 .text.memalign
                0x0000000000115c50       0x28 c:/devkitpro/devkitarm/bin/../lib/gcc/arm-none-eabi/10.2.0/../../../../arm-none-eabi/lib/armv6k/fpu\libg.a(lib_a-malign.o)
                0x0000000000115c50                memalign
 .text._memalign_r
                0x0000000000115c78      0x148 c:/devkitpro/devkitarm/bin/../lib/gcc/arm-none-eabi/10.2.0/../../../../arm-none-eabi/lib/armv6k/fpu\libg.a(lib_a-malignr.o)
                0x0000000000115c78                _memalign_r
 .text.malloc   0x0000000000115dc0       0x20 c:/devkitpro/devkitarm/bin/../lib/gcc/arm-none-eabi/10.2.0/../../../../arm-none-eabi/lib/armv6k/fpu\libg.a(lib_a-malloc.o)
                0x0000000000115dc0                malloc
 .text.free     0x0000000000115de0       0x20 c:/devkitpro/devkitarm/bin/../lib/gcc/arm-none-eabi/10.2.0/../../../../arm-none-eabi/lib/armv6k/fpu\libg.a(lib_a-malloc.o)
                0x0000000000115de0                free
 .text._malloc_r
                0x0000000000115e00      0x7f0 c:/devkitpro/devkitarm/bin/../lib/gcc/arm-none-eabi/10.2.0/../../../../arm-none-eabi/lib/armv6k/fpu\libg.a(lib_a-mallocr.o)
                0x0000000000115e00                _malloc_r
 .text.memcmp   0x00000000001165f0       0xa8 c:/devkitpro/devkitarm/bin/../lib/gcc/arm-none-eabi/10.2.0/../../../../arm-none-eabi/lib/armv6k/fpu\libg.a(lib_a-memcmp.o)
                0x00000000001165f0                memcmp
 .text.memcpy   0x0000000000116698      0x11c c:/devkitpro/devkitarm/bin/../lib/gcc/arm-none-eabi/10.2.0/../../../../arm-none-eabi/lib/armv6k/fpu\libg.a(lib_a-memcpy-stub.o)
                0x0000000000116698                memcpy
 .text.memset   0x00000000001167b4      0x118 c:/devkitpro/devkitarm/bin/../lib/gcc/arm-none-eabi/10.2.0/../../../../arm-none-eabi/lib/armv6k/fpu\libg.a(lib_a-memset.o)
                0x00000000001167b4                memset
 .text.__malloc_lock
                0x00000000001168cc        0xc c:/devkitpro/devkitarm/bin/../lib/gcc/arm-none-eabi/10.2.0/../../../../arm-none-eabi/lib/armv6k/fpu\libg.a(lib_a-mlock.o)
                0x00000000001168cc                __malloc_lock
 .text.__malloc_unlock
                0x00000000001168d8        0xc c:/devkitpro/devkitarm/bin/../lib/gcc/arm-none-eabi/10.2.0/../../../../arm-none-eabi/lib/armv6k/fpu\libg.a(lib_a-mlock.o)
                0x00000000001168d8                __malloc_unlock
 .text.qsort    0x00000000001168e4      0x958 c:/devkitpro/devkitarm/bin/../lib/gcc/arm-none-eabi/10.2.0/../../../../arm-none-eabi/lib/armv6k/fpu\libg.a(lib_a-qsort.o)
                0x00000000001168e4                qsort
 .text.srand    0x000000000011723c       0x1c c:/devkitpro/devkitarm/bin/../lib/gcc/arm-none-eabi/10.2.0/../../../../arm-none-eabi/lib/armv6k/fpu\libg.a(lib_a-rand.o)
                0x000000000011723c                srand
 .text.rand     0x0000000000117258       0x44 c:/devkitpro/devkitarm/bin/../lib/gcc/arm-none-eabi/10.2.0/../../../../arm-none-eabi/lib/armv6k/fpu\libg.a(lib_a-rand.o)
                0x0000000000117258                rand
 .text._realloc_r
                0x000000000011729c      0x598 c:/devkitpro/devkitarm/bin/../lib/gcc/arm-none-eabi/10.2.0/../../../../arm-none-eabi/lib/armv6k/fpu\libg.a(lib_a-reallocr.o)
                0x000000000011729c                _realloc_r
 .text.lflush   0x0000000000117834       0x1c c:/devkitpro/devkitarm/bin/../lib/gcc/arm-none-eabi/10.2.0/../../../../arm-none-eabi/lib/armv6k/fpu\libg.a(lib_a-refill.o)
 .text.__srefill_r
                0x0000000000117850      0x1ac c:/devkitpro/devkitarm/bin/../lib/gcc/arm-none-eabi/10.2.0/../../../../arm-none-eabi/lib/armv6k/fpu\libg.a(lib_a-refill.o)
                0x0000000000117850                __srefill_r
 .text.setvbuf  0x00000000001179fc      0x260 c:/devkitpro/devkitarm/bin/../lib/gcc/arm-none-eabi/10.2.0/../../../../arm-none-eabi/lib/armv6k/fpu\libg.a(lib_a-setvbuf.o)
                0x00000000001179fc                setvbuf
 .text.snprintf
                0x0000000000117c5c       0xcc c:/devkitpro/devkitarm/bin/../lib/gcc/arm-none-eabi/10.2.0/../../../../arm-none-eabi/lib/armv6k/fpu\libg.a(lib_a-snprintf.o)
                0x0000000000117c5c                snprintf
 .text.__sread  0x0000000000117d28       0x44 c:/devkitpro/devkitarm/bin/../lib/gcc/arm-none-eabi/10.2.0/../../../../arm-none-eabi/lib/armv6k/fpu\libg.a(lib_a-stdio.o)
                0x0000000000117d28                __sread
 .text.__swrite
                0x0000000000117d6c       0x68 c:/devkitpro/devkitarm/bin/../lib/gcc/arm-none-eabi/10.2.0/../../../../arm-none-eabi/lib/armv6k/fpu\libg.a(lib_a-stdio.o)
                0x0000000000117d6c                __swrite
 .text.__sseek  0x0000000000117dd4       0x48 c:/devkitpro/devkitarm/bin/../lib/gcc/arm-none-eabi/10.2.0/../../../../arm-none-eabi/lib/armv6k/fpu\libg.a(lib_a-stdio.o)
                0x0000000000117dd4                __sseek
 .text.__sclose
                0x0000000000117e1c        0x8 c:/devkitpro/devkitarm/bin/../lib/gcc/arm-none-eabi/10.2.0/../../../../arm-none-eabi/lib/armv6k/fpu\libg.a(lib_a-stdio.o)
                0x0000000000117e1c                __sclose
 .text.strchr   0x0000000000117e24      0x144 c:/devkitpro/devkitarm/bin/../lib/gcc/arm-none-eabi/10.2.0/../../../../arm-none-eabi/lib/armv6k/fpu\libg.a(lib_a-strchr.o)
                0x0000000000117e24                strchr
 .text.strlen   0x0000000000117f68       0x5c c:/devkitpro/devkitarm/bin/../lib/gcc/arm-none-eabi/10.2.0/../../../../arm-none-eabi/lib/armv6k/fpu\libg.a(lib_a-strlen-stub.o)
                0x0000000000117f68                strlen
 .text.strncat  0x0000000000117fc4       0xec c:/devkitpro/devkitarm/bin/../lib/gcc/arm-none-eabi/10.2.0/../../../../arm-none-eabi/lib/armv6k/fpu\libg.a(lib_a-strncat.o)
                0x0000000000117fc4                strncat
 .text.strncmp  0x00000000001180b0       0xdc c:/devkitpro/devkitarm/bin/../lib/gcc/arm-none-eabi/10.2.0/../../../../arm-none-eabi/lib/armv6k/fpu\libg.a(lib_a-strncmp.o)
                0x00000000001180b0                strncmp
 .text.strncpy  0x000000000011818c       0xc0 c:/devkitpro/devkitarm/bin/../lib/gcc/arm-none-eabi/10.2.0/../../../../arm-none-eabi/lib/armv6k/fpu\libg.a(lib_a-strncpy.o)
                0x000000000011818c                strncpy
 .text.strnlen  0x000000000011824c       0x48 c:/devkitpro/devkitarm/bin/../lib/gcc/arm-none-eabi/10.2.0/../../../../arm-none-eabi/lib/armv6k/fpu\libg.a(lib_a-strnlen.o)
                0x000000000011824c                strnlen
 .text.get_arg  0x0000000000118294      0x64c c:/devkitpro/devkitarm/bin/../lib/gcc/arm-none-eabi/10.2.0/../../../../arm-none-eabi/lib/armv6k/fpu\libg.a(lib_a-svfprintf.o)
 .text._svfprintf_r
                0x00000000001188e0     0x3808 c:/devkitpro/devkitarm/bin/../lib/gcc/arm-none-eabi/10.2.0/../../../../arm-none-eabi/lib/armv6k/fpu\libg.a(lib_a-svfprintf.o)
                0x00000000001188e0                _svfprintf_r
 .text.time     0x000000000011c0e8       0x3c c:/devkitpro/devkitarm/bin/../lib/gcc/arm-none-eabi/10.2.0/../../../../arm-none-eabi/lib/armv6k/fpu\libg.a(lib_a-time.o)
                0x000000000011c0e8                time
 .text._wcrtomb_r
                0x000000000011c124       0x54 c:/devkitpro/devkitarm/bin/../lib/gcc/arm-none-eabi/10.2.0/../../../../arm-none-eabi/lib/armv6k/fpu\libg.a(lib_a-wcrtomb.o)
                0x000000000011c124                _wcrtomb_r
 .text._wcsrtombs_r
                0x000000000011c178       0x28 c:/devkitpro/devkitarm/bin/../lib/gcc/arm-none-eabi/10.2.0/../../../../arm-none-eabi/lib/armv6k/fpu\libg.a(lib_a-wcsrtombs.o)
                0x000000000011c178                _wcsrtombs_r
 .text.__call_exitprocs
                0x000000000011c1a0      0x114 c:/devkitpro/devkitarm/bin/../lib/gcc/arm-none-eabi/10.2.0/../../../../arm-none-eabi/lib/armv6k/fpu\libg.a(lib_a-__call_atexit.o)
                0x000000000011c1a0                __call_exitprocs
 .text.quorem   0x000000000011c2b4      0x1a8 c:/devkitpro/devkitarm/bin/../lib/gcc/arm-none-eabi/10.2.0/../../../../arm-none-eabi/lib/armv6k/fpu\libg.a(lib_a-dtoa.o)
 *fill*         0x000000000011c45c        0x4 
 .text._dtoa_r  0x000000000011c460     0x12ec c:/devkitpro/devkitarm/bin/../lib/gcc/arm-none-eabi/10.2.0/../../../../arm-none-eabi/lib/armv6k/fpu\libg.a(lib_a-dtoa.o)
                0x000000000011c460                _dtoa_r
 .text.__sflags
                0x000000000011d74c       0xc8 c:/devkitpro/devkitarm/bin/../lib/gcc/arm-none-eabi/10.2.0/../../../../arm-none-eabi/lib/armv6k/fpu\libg.a(lib_a-flags.o)
                0x000000000011d74c                __sflags
 .text._localeconv_r
                0x000000000011d814        0xc c:/devkitpro/devkitarm/bin/../lib/gcc/arm-none-eabi/10.2.0/../../../../arm-none-eabi/lib/armv6k/fpu\libg.a(lib_a-localeconv.o)
                0x000000000011d814                _localeconv_r
 .text.__locale_mb_cur_max
                0x000000000011d820       0x10 c:/devkitpro/devkitarm/bin/../lib/gcc/arm-none-eabi/10.2.0/../../../../arm-none-eabi/lib/armv6k/fpu\libg.a(lib_a-locale.o)
                0x000000000011d820                __locale_mb_cur_max
 .text.__utf8_mbtowc
                0x000000000011d830      0x2fc c:/devkitpro/devkitarm/bin/../lib/gcc/arm-none-eabi/10.2.0/../../../../arm-none-eabi/lib/armv6k/fpu\libg.a(lib_a-mbtowc_r.o)
                0x000000000011d830                __utf8_mbtowc
 .text.memchr   0x000000000011db2c       0xe0 c:/devkitpro/devkitarm/bin/../lib/gcc/arm-none-eabi/10.2.0/../../../../arm-none-eabi/lib/armv6k/fpu\libg.a(lib_a-memchr-stub.o)
                0x000000000011db2c                memchr
 .text.memmove  0x000000000011dc0c      0x154 c:/devkitpro/devkitarm/bin/../lib/gcc/arm-none-eabi/10.2.0/../../../../arm-none-eabi/lib/armv6k/fpu\libg.a(lib_a-memmove.o)
                0x000000000011dc0c                memmove
 .text._Balloc  0x000000000011dd60       0x88 c:/devkitpro/devkitarm/bin/../lib/gcc/arm-none-eabi/10.2.0/../../../../arm-none-eabi/lib/armv6k/fpu\libg.a(lib_a-mprec.o)
                0x000000000011dd60                _Balloc
 .text._Bfree   0x000000000011dde8       0x1c c:/devkitpro/devkitarm/bin/../lib/gcc/arm-none-eabi/10.2.0/../../../../arm-none-eabi/lib/armv6k/fpu\libg.a(lib_a-mprec.o)
                0x000000000011dde8                _Bfree
 .text.__multadd
                0x000000000011de04       0xf4 c:/devkitpro/devkitarm/bin/../lib/gcc/arm-none-eabi/10.2.0/../../../../arm-none-eabi/lib/armv6k/fpu\libg.a(lib_a-mprec.o)
                0x000000000011de04                __multadd
 .text.__hi0bits
                0x000000000011def8       0x58 c:/devkitpro/devkitarm/bin/../lib/gcc/arm-none-eabi/10.2.0/../../../../arm-none-eabi/lib/armv6k/fpu\libg.a(lib_a-mprec.o)
                0x000000000011def8                __hi0bits
 .text.__lo0bits
                0x000000000011df50       0x9c c:/devkitpro/devkitarm/bin/../lib/gcc/arm-none-eabi/10.2.0/../../../../arm-none-eabi/lib/armv6k/fpu\libg.a(lib_a-mprec.o)
                0x000000000011df50                __lo0bits
 .text.__i2b    0x000000000011dfec       0xa4 c:/devkitpro/devkitarm/bin/../lib/gcc/arm-none-eabi/10.2.0/../../../../arm-none-eabi/lib/armv6k/fpu\libg.a(lib_a-mprec.o)
                0x000000000011dfec                __i2b
 .text.__multiply
                0x000000000011e090      0x204 c:/devkitpro/devkitarm/bin/../lib/gcc/arm-none-eabi/10.2.0/../../../../arm-none-eabi/lib/armv6k/fpu\libg.a(lib_a-mprec.o)
                0x000000000011e090                __multiply
 .text.__pow5mult
                0x000000000011e294      0x120 c:/devkitpro/devkitarm/bin/../lib/gcc/arm-none-eabi/10.2.0/../../../../arm-none-eabi/lib/armv6k/fpu\libg.a(lib_a-mprec.o)
                0x000000000011e294                __pow5mult
 .text.__lshift
                0x000000000011e3b4      0x13c c:/devkitpro/devkitarm/bin/../lib/gcc/arm-none-eabi/10.2.0/../../../../arm-none-eabi/lib/armv6k/fpu\libg.a(lib_a-mprec.o)
                0x000000000011e3b4                __lshift
 .text.__mcmp   0x000000000011e4f0       0x58 c:/devkitpro/devkitarm/bin/../lib/gcc/arm-none-eabi/10.2.0/../../../../arm-none-eabi/lib/armv6k/fpu\libg.a(lib_a-mprec.o)
                0x000000000011e4f0                __mcmp
 .text.__mdiff  0x000000000011e548      0x1cc c:/devkitpro/devkitarm/bin/../lib/gcc/arm-none-eabi/10.2.0/../../../../arm-none-eabi/lib/armv6k/fpu\libg.a(lib_a-mprec.o)
                0x000000000011e548                __mdiff
 .text.__d2b    0x000000000011e714      0x12c c:/devkitpro/devkitarm/bin/../lib/gcc/arm-none-eabi/10.2.0/../../../../arm-none-eabi/lib/armv6k/fpu\libg.a(lib_a-mprec.o)
                0x000000000011e714                __d2b
 .text.frexp    0x000000000011e840       0xa8 c:/devkitpro/devkitarm/bin/../lib/gcc/arm-none-eabi/10.2.0/../../../../arm-none-eabi/lib/armv6k/fpu\libg.a(lib_a-s_frexp.o)
                0x000000000011e840                frexp
 .text.__ssprint_r
                0x000000000011e8e8      0x188 c:/devkitpro/devkitarm/bin/../lib/gcc/arm-none-eabi/10.2.0/../../../../arm-none-eabi/lib/armv6k/fpu\libg.a(lib_a-svfiprintf.o)
                0x000000000011e8e8                __ssprint_r
 .text._wcsnrtombs_l
                0x000000000011ea70      0x190 c:/devkitpro/devkitarm/bin/../lib/gcc/arm-none-eabi/10.2.0/../../../../arm-none-eabi/lib/armv6k/fpu\libg.a(lib_a-wcsnrtombs.o)
                0x000000000011ea70                _wcsnrtombs_l
 .text._wcsnrtombs_r
                0x000000000011ec00       0x4c c:/devkitpro/devkitarm/bin/../lib/gcc/arm-none-eabi/10.2.0/../../../../arm-none-eabi/lib/armv6k/fpu\libg.a(lib_a-wcsnrtombs.o)
                0x000000000011ec00                _wcsnrtombs_r
 .text.__utf8_wctomb
                0x000000000011ec4c       0xf0 c:/devkitpro/devkitarm/bin/../lib/gcc/arm-none-eabi/10.2.0/../../../../arm-none-eabi/lib/armv6k/fpu\libg.a(lib_a-wctomb_r.o)
                0x000000000011ec4c                __utf8_wctomb
 .text.__assert_func
                0x000000000011ed3c       0x5c c:/devkitpro/devkitarm/bin/../lib/gcc/arm-none-eabi/10.2.0/../../../../arm-none-eabi/lib/armv6k/fpu\libg.a(lib_a-assert.o)
                0x000000000011ed3c                __assert_func
 .text.fiprintf
                0x000000000011ed98       0x3c c:/devkitpro/devkitarm/bin/../lib/gcc/arm-none-eabi/10.2.0/../../../../arm-none-eabi/lib/armv6k/fpu\libg.a(lib_a-fiprintf.o)
                0x000000000011ed98                fiprintf
 .text.get_arg  0x000000000011edd4      0x64c c:/devkitpro/devkitarm/bin/../lib/gcc/arm-none-eabi/10.2.0/../../../../arm-none-eabi/lib/armv6k/fpu\libg.a(lib_a-vfiprintf.o)
 .text.__sprint_r
                0x000000000011f420       0x34 c:/devkitpro/devkitarm/bin/../lib/gcc/arm-none-eabi/10.2.0/../../../../arm-none-eabi/lib/armv6k/fpu\libg.a(lib_a-vfiprintf.o)
                0x000000000011f420                __sprint_r
 .text._vfiprintf_r
                0x000000000011f454     0x2584 c:/devkitpro/devkitarm/bin/../lib/gcc/arm-none-eabi/10.2.0/../../../../arm-none-eabi/lib/armv6k/fpu\libg.a(lib_a-vfiprintf.o)
                0x000000000011f454                _vfiprintf_r
 .text.__sbprintf
                0x00000000001219d8       0xd4 c:/devkitpro/devkitarm/bin/../lib/gcc/arm-none-eabi/10.2.0/../../../../arm-none-eabi/lib/armv6k/fpu\libg.a(lib_a-vfiprintf.o)
 .text.__swsetup_r
                0x0000000000121aac      0x154 c:/devkitpro/devkitarm/bin/../lib/gcc/arm-none-eabi/10.2.0/../../../../arm-none-eabi/lib/armv6k/fpu\libg.a(lib_a-wsetup.o)
                0x0000000000121aac                __swsetup_r
 .text.abort    0x0000000000121c00       0x14 c:/devkitpro/devkitarm/bin/../lib/gcc/arm-none-eabi/10.2.0/../../../../arm-none-eabi/lib/armv6k/fpu\libg.a(lib_a-abort.o)